<html>
<body>
<pre>
<h1>礦ision Build Log</h1>
<h2>Tool Versions:</h2>
IDE-Version: μVision V5.37.0.0
Copyright (C) 2022 ARM Ltd and ARM Germany GmbH. All rights reserved.
License Information: f lixia, 3, LIC=V85FJ-UQC19-24KSS-L91PZ-GE9BD-7YHKG
 
Tool Versions:
Toolchain:       MDK-ARM Professional  Version: 5.37.0.0
Toolchain Path:  D:\App_install\keil\ARM\arm-v5\Bin
C Compiler:      Armcc.exe V5.06 update 7 (build 960)
Assembler:       Armasm.exe V5.06 update 7 (build 960)
Linker/Locator:  ArmLink.exe V5.06 update 7 (build 960)
Library Manager: ArmAr.exe V5.06 update 7 (build 960)
Hex Converter:   FromElf.exe V5.06 update 7 (build 960)
CPU DLL:         SARMCM3.DLL V5.37.0.0
Dialog DLL:      DCM.DLL V1.17.5.0
Target DLL:      UL2CM3.DLL V1.164.7.0
Dialog DLL:      TCM.DLL V1.56.1.0
 
<h2>Project:</h2>
D:\Proj-labview\蓝牙无线采集\BLE-console\Stm32\Project\RVMDK（uv5）\BH-F407.uvprojx
Project File Date:  02/20/2023

<h2>Output:</h2>
*** Using Compiler 'V5.06 update 7 (build 960)', folder: 'D:\App_install\keil\ARM\arm-v5\Bin'
Rebuild target 'FLASH'
assembling startup_stm32f40xx.s...
compiling stm32f4xx_cryp_des.c...
compiling stm32f4xx_cec.c...
compiling stm32f4xx_dac.c...
compiling stm32f4xx_can.c...
compiling stm32f4xx_crc.c...
compiling system_stm32f4xx.c...
compiling misc.c...
compiling stm32f4xx_cryp_tdes.c...
compiling stm32f4xx_dbgmcu.c...
compiling stm32f4xx_adc.c...
compiling stm32f4xx_dcmi.c...
compiling stm32f4xx_cryp.c...
compiling stm32f4xx_cryp_aes.c...
compiling stm32f4xx_exti.c...
compiling stm32f4xx_dma.c...
compiling stm32f4xx_flash.c...
compiling stm32f4xx_flash_ramfunc.c...
compiling stm32f4xx_fmpi2c.c...
compiling stm32f4xx_gpio.c...
compiling stm32f4xx_hash_md5.c...
compiling stm32f4xx_fsmc.c...
compiling stm32f4xx_hash_sha1.c...
compiling stm32f4xx_hash.c...
compiling stm32f4xx_iwdg.c...
compiling stm32f4xx_pwr.c...
compiling stm32f4xx_i2c.c...
compiling stm32f4xx_qspi.c...
compiling stm32f4xx_rng.c...
compiling stm32f4xx_rcc.c...
compiling stm32f4xx_sai.c...
compiling stm32f4xx_sdio.c...
compiling stm32f4xx_syscfg.c...
compiling stm32f4xx_spdifrx.c...
compiling stm32f4xx_spi.c...
compiling stm32f4xx_wwdg.c...
compiling stm32f4xx_rtc.c...
compiling stm32f4xx_usart.c...
compiling stm32f4xx_tim.c...
compiling stm32f4xx_it.c...
compiling main.c...
..\..\User\main.c(141): warning:  #177-D: variable "RTC_TimeStruct"  was declared but never referenced
  	RTC_TimeTypeDef RTC_TimeStruct;
..\..\User\main.c(142): warning:  #177-D: variable "RTC_DateStruct"  was declared but never referenced
  	RTC_DateTypeDef RTC_DateStruct;
..\..\User\main.c(144): warning:  #177-D: variable "data"  was declared but never referenced
  	uint16_t data[5] = {0xfe12,0xfd13,0xfd14,0x15,0xfd16};
..\..\User\main.c(149): warning:  #177-D: variable "tmp_num"  was declared but never referenced
  	long int tmp_num = 1;
..\..\User\main.c(153): warning:  #177-D: variable "buf"  was declared but never referenced
  	u8 *buf;
..\..\User\main.c(154): warning:  #177-D: variable "tmpbuf2"  was declared but never referenced
  	uint16_t tmpbuf2[32];
..\..\User\main.c(155): warning:  #177-D: variable "bw"  was declared but never referenced
  	UINT bw;
..\..\User\main.c: 7 warnings, 0 errors
compiling bsp_led.c...
compiling bsp_debug_usart.c...
..\..\User\usart\bsp_debug_usart.c(154): warning:  #550-D: variable "i"  was set but never used
  	int i;
..\..\User\usart\bsp_debug_usart.c: 1 warning, 0 errors
compiling cc936.c...
compiling sys.c...
compiling bsp_spi.c...
compiling delay.c...
compiling key.c...
compiling ff.c...
compiling malloc.c...
compiling exfuns.c...
compiling fattester.c...
compiling diskio.c...
compiling sdio_sdcard.c...
linking...
Program Size: Code=16356 RO-data=472 RW-data=224 ZI-data=1227480  
FromELF: creating hex file...
"..\..\Output\Template.axf" - 0 Error(s), 8 Warning(s).

<h2>Software Packages used:</h2>

Package Vendor: Keil
                https://www.keil.com/pack/Keil.STM32F4xx_DFP.2.17.0.pack
                Keil.STM32F4xx_DFP.2.17.0
                STMicroelectronics STM32F4 Series Device Support, Drivers and Examples

<h2>Collection of Component include folders:</h2>
  D:/App_install/keil/packs/Keil/STM32F4xx_DFP/2.17.0/Drivers/CMSIS/Device/ST/STM32F4xx/Include

<h2>Collection of Component Files used:</h2>
Build Time Elapsed:  00:00:03
</pre>
</body>
</html>
