<html>
<body>
<pre>
<h1>礦ision Build Log</h1>
<h2>Tool Versions:</h2>
IDE-Version: μVision V5.37.0.0
Copyright (C) 2022 ARM Ltd and ARM Germany GmbH. All rights reserved.
License Information: f lixia, 3, LIC=V85FJ-UQC19-24KSS-L91PZ-GE9BD-7YHKG
 
Tool Versions:
Toolchain:       MDK-ARM Professional  Version: 5.37.0.0
Toolchain Path:  D:\App_install\keil\ARM\arm-v5\Bin
C Compiler:      Armcc.exe V5.06 update 7 (build 960)
Assembler:       Armasm.exe V5.06 update 7 (build 960)
Linker/Locator:  ArmLink.exe V5.06 update 7 (build 960)
Library Manager: ArmAr.exe V5.06 update 7 (build 960)
Hex Converter:   FromElf.exe V5.06 update 7 (build 960)
CPU DLL:         SARMCM3.DLL V5.37.0.0
Dialog DLL:      DCM.DLL V1.17.5.0
Target DLL:      STLink\ST-LINKIII-KEIL_SWO.dll V3.0.9.0
Dialog DLL:      TCM.DLL V1.56.1.0
 
<h2>Project:</h2>
D:\Proj-labview\蓝牙无线采集\F413 高速\F413 高速\USER\SD.uvprojx
Project File Date:  03/08/2023

<h2>Output:</h2>
*** Using Compiler 'V5.06 update 7 (build 960)', folder: 'D:\App_install\keil\ARM\arm-v5\Bin'
Rebuild target 'SD'
assembling startup_stm32f40_41xxx.s...
compiling stm32f4xx_it.c...
compiling sys.c...
compiling misc.c...
compiling stm32f4xx_fsmc.c...
compiling usart.c...
..\SYSTEM\usart\usart.c(139): warning:  #550-D: variable "i"  was set but never used
  	int i;
..\SYSTEM\usart\usart.c: 1 warning, 0 errors
compiling delay.c...
compiling stm32f4xx_gpio.c...
compiling system_stm32f4xx.c...
compiling main.c...
main.c(44): warning:  #177-D: variable "t"  was declared but never referenced
  	u8 t=0;	
main.c(45): warning:  #177-D: variable "buf"  was declared but never referenced
  	u8 *buf;
main.c: 2 warnings, 0 errors
compiling spi.c...
compiling stm32f4xx_sdio.c...
compiling stm32f4xx_rcc.c...
compiling sdio_sdcard.c...
compiling stm32f4xx_syscfg.c...
compiling stm32f4xx_usart.c...
compiling malloc.c...
compiling stm32f4xx_spi.c...
compiling stm32f4xx_dma.c...
linking...
Program Size: Code=18908 RO-data=460 RW-data=192 ZI-data=1231648  
FromELF: creating hex file...
"..\OBJ\SD.axf" - 0 Error(s), 3 Warning(s).

<h2>Software Packages used:</h2>

Package Vendor: Keil
                https://www.keil.com/pack/Keil.STM32F4xx_DFP.2.17.0.pack
                Keil.STM32F4xx_DFP.2.17.0
                STMicroelectronics STM32F4 Series Device Support, Drivers and Examples

<h2>Collection of Component include folders:</h2>
  D:/App_install/keil/packs/Keil/STM32F4xx_DFP/2.17.0/Drivers/CMSIS/Device/ST/STM32F4xx/Include

<h2>Collection of Component Files used:</h2>
Build Time Elapsed:  00:00:01
</pre>
</body>
</html>
