Component: ARM Compiler 5.06 update 7 (build 960) Tool: armlink [4d3601]

==============================================================================

Section Cross References

    startup_stm32f40xx.o(RESET) refers to startup_stm32f40xx.o(STACK) for __initial_sp
    startup_stm32f40xx.o(RESET) refers to startup_stm32f40xx.o(.text) for Reset_Handler
    startup_stm32f40xx.o(RESET) refers to stm32f4xx_it.o(i.NMI_Handler) for NMI_Handler
    startup_stm32f40xx.o(RESET) refers to stm32f4xx_it.o(i.HardFault_Handler) for HardFault_Handler
    startup_stm32f40xx.o(RESET) refers to stm32f4xx_it.o(i.MemManage_Handler) for MemManage_Handler
    startup_stm32f40xx.o(RESET) refers to stm32f4xx_it.o(i.BusFault_Handler) for BusFault_Handler
    startup_stm32f40xx.o(RESET) refers to stm32f4xx_it.o(i.UsageFault_Handler) for UsageFault_Handler
    startup_stm32f40xx.o(RESET) refers to stm32f4xx_it.o(i.SVC_Handler) for SVC_Handler
    startup_stm32f40xx.o(RESET) refers to stm32f4xx_it.o(i.DebugMon_Handler) for DebugMon_Handler
    startup_stm32f40xx.o(RESET) refers to stm32f4xx_it.o(i.PendSV_Handler) for PendSV_Handler
    startup_stm32f40xx.o(RESET) refers to stm32f4xx_it.o(i.SysTick_Handler) for SysTick_Handler
    startup_stm32f40xx.o(RESET) refers to bsp_debug_usart.o(i.USART1_IRQHandler) for USART1_IRQHandler
    startup_stm32f40xx.o(RESET) refers to sdio_sdcard.o(i.SDIO_IRQHandler) for SDIO_IRQHandler
    startup_stm32f40xx.o(.text) refers to system_stm32f4xx.o(i.SystemInit) for SystemInit
    startup_stm32f40xx.o(.text) refers to entry.o(.ARM.Collect$$$$00000000) for __main
    system_stm32f4xx.o(i.SystemCoreClockUpdate) refers to system_stm32f4xx.o(.data) for .data
    system_stm32f4xx.o(i.SystemInit) refers to system_stm32f4xx.o(i.SetSysClock) for SetSysClock
    stm32f4xx_adc.o(i.ADC_DeInit) refers to stm32f4xx_rcc.o(i.RCC_APB2PeriphResetCmd) for RCC_APB2PeriphResetCmd
    stm32f4xx_can.o(i.CAN_DeInit) refers to stm32f4xx_rcc.o(i.RCC_APB1PeriphResetCmd) for RCC_APB1PeriphResetCmd
    stm32f4xx_can.o(i.CAN_GetITStatus) refers to stm32f4xx_can.o(i.CheckITStatus) for CheckITStatus
    stm32f4xx_cryp.o(i.CRYP_DeInit) refers to stm32f4xx_rcc.o(i.RCC_AHB2PeriphResetCmd) for RCC_AHB2PeriphResetCmd
    stm32f4xx_cryp_aes.o(i.CRYP_AES_CBC) refers to stm32f4xx_cryp.o(i.CRYP_KeyStructInit) for CRYP_KeyStructInit
    stm32f4xx_cryp_aes.o(i.CRYP_AES_CBC) refers to stm32f4xx_cryp.o(i.CRYP_KeyInit) for CRYP_KeyInit
    stm32f4xx_cryp_aes.o(i.CRYP_AES_CBC) refers to stm32f4xx_cryp.o(i.CRYP_Init) for CRYP_Init
    stm32f4xx_cryp_aes.o(i.CRYP_AES_CBC) refers to stm32f4xx_cryp.o(i.CRYP_IVInit) for CRYP_IVInit
    stm32f4xx_cryp_aes.o(i.CRYP_AES_CBC) refers to stm32f4xx_cryp.o(i.CRYP_FIFOFlush) for CRYP_FIFOFlush
    stm32f4xx_cryp_aes.o(i.CRYP_AES_CBC) refers to stm32f4xx_cryp.o(i.CRYP_Cmd) for CRYP_Cmd
    stm32f4xx_cryp_aes.o(i.CRYP_AES_CBC) refers to stm32f4xx_cryp.o(i.CRYP_GetCmdStatus) for CRYP_GetCmdStatus
    stm32f4xx_cryp_aes.o(i.CRYP_AES_CBC) refers to stm32f4xx_cryp.o(i.CRYP_GetFlagStatus) for CRYP_GetFlagStatus
    stm32f4xx_cryp_aes.o(i.CRYP_AES_CBC) refers to stm32f4xx_cryp.o(i.CRYP_DataIn) for CRYP_DataIn
    stm32f4xx_cryp_aes.o(i.CRYP_AES_CBC) refers to stm32f4xx_cryp.o(i.CRYP_DataOut) for CRYP_DataOut
    stm32f4xx_cryp_aes.o(i.CRYP_AES_CCM) refers to stm32f4xx_cryp.o(i.CRYP_KeyStructInit) for CRYP_KeyStructInit
    stm32f4xx_cryp_aes.o(i.CRYP_AES_CCM) refers to stm32f4xx_cryp.o(i.CRYP_FIFOFlush) for CRYP_FIFOFlush
    stm32f4xx_cryp_aes.o(i.CRYP_AES_CCM) refers to stm32f4xx_cryp.o(i.CRYP_KeyInit) for CRYP_KeyInit
    stm32f4xx_cryp_aes.o(i.CRYP_AES_CCM) refers to stm32f4xx_cryp.o(i.CRYP_IVInit) for CRYP_IVInit
    stm32f4xx_cryp_aes.o(i.CRYP_AES_CCM) refers to stm32f4xx_cryp.o(i.CRYP_Init) for CRYP_Init
    stm32f4xx_cryp_aes.o(i.CRYP_AES_CCM) refers to stm32f4xx_cryp.o(i.CRYP_PhaseConfig) for CRYP_PhaseConfig
    stm32f4xx_cryp_aes.o(i.CRYP_AES_CCM) refers to stm32f4xx_cryp.o(i.CRYP_DataIn) for CRYP_DataIn
    stm32f4xx_cryp_aes.o(i.CRYP_AES_CCM) refers to stm32f4xx_cryp.o(i.CRYP_Cmd) for CRYP_Cmd
    stm32f4xx_cryp_aes.o(i.CRYP_AES_CCM) refers to stm32f4xx_cryp.o(i.CRYP_GetCmdStatus) for CRYP_GetCmdStatus
    stm32f4xx_cryp_aes.o(i.CRYP_AES_CCM) refers to stm32f4xx_cryp.o(i.CRYP_GetFlagStatus) for CRYP_GetFlagStatus
    stm32f4xx_cryp_aes.o(i.CRYP_AES_CCM) refers to stm32f4xx_cryp.o(i.CRYP_DataOut) for CRYP_DataOut
    stm32f4xx_cryp_aes.o(i.CRYP_AES_CTR) refers to stm32f4xx_cryp.o(i.CRYP_KeyStructInit) for CRYP_KeyStructInit
    stm32f4xx_cryp_aes.o(i.CRYP_AES_CTR) refers to stm32f4xx_cryp.o(i.CRYP_KeyInit) for CRYP_KeyInit
    stm32f4xx_cryp_aes.o(i.CRYP_AES_CTR) refers to stm32f4xx_cryp.o(i.CRYP_Init) for CRYP_Init
    stm32f4xx_cryp_aes.o(i.CRYP_AES_CTR) refers to stm32f4xx_cryp.o(i.CRYP_IVInit) for CRYP_IVInit
    stm32f4xx_cryp_aes.o(i.CRYP_AES_CTR) refers to stm32f4xx_cryp.o(i.CRYP_FIFOFlush) for CRYP_FIFOFlush
[...]
    Removing ff.o(i.dir_alloc), (68 bytes).
    Removing ff.o(i.dir_find), (198 bytes).
    Removing ff.o(i.dir_next), (258 bytes).
    Removing ff.o(i.dir_read), (176 bytes).
    Removing ff.o(i.dir_register), (260 bytes).
    Removing ff.o(i.dir_remove), (94 bytes).
    Removing ff.o(i.dir_sdi), (140 bytes).
    Removing ff.o(i.f_chmod), (106 bytes).
    Removing ff.o(i.f_close), (30 bytes).
    Removing ff.o(i.f_closedir), (20 bytes).
    Removing ff.o(i.f_getfree), (222 bytes).
    Removing ff.o(i.f_getlabel), (162 bytes).
    Removing ff.o(i.f_gets), (68 bytes).
    Removing ff.o(i.f_lseek), (586 bytes).
    Removing ff.o(i.f_mkdir), (370 bytes).
    Removing ff.o(i.f_mkfs), (1324 bytes).
    Removing ff.o(i.f_open), (370 bytes).
    Removing ff.o(i.f_opendir), (134 bytes).
    Removing ff.o(i.f_printf), (562 bytes).
    Removing ff.o(i.f_putc), (60 bytes).
    Removing ff.o(i.f_puts), (70 bytes).
    Removing ff.o(i.f_read), (370 bytes).
    Removing ff.o(i.f_readdir), (122 bytes).
    Removing ff.o(i.f_rename), (296 bytes).
    Removing ff.o(i.f_setlabel), (412 bytes).
    Removing ff.o(i.f_stat), (86 bytes).
    Removing ff.o(i.f_sync), (154 bytes).
    Removing ff.o(i.f_truncate), (178 bytes).
    Removing ff.o(i.f_unlink), (192 bytes).
    Removing ff.o(i.f_utime), (110 bytes).
    Removing ff.o(i.f_write), (434 bytes).
    Removing ff.o(i.fit_lfn), (108 bytes).
    Removing ff.o(i.follow_path), (106 bytes).
    Removing ff.o(i.gen_numname), (152 bytes).
    Removing ff.o(i.get_fat), (204 bytes).
    Removing ff.o(i.get_fileinfo), (224 bytes).
    Removing ff.o(i.ld_clust), (30 bytes).
    Removing ff.o(i.mem_cmp), (26 bytes).
    Removing ff.o(i.mem_cpy), (18 bytes).
    Removing ff.o(i.mem_set), (16 bytes).
    Removing ff.o(i.pick_lfn), (112 bytes).
    Removing ff.o(i.put_fat), (246 bytes).
    Removing ff.o(i.putc_bfd), (58 bytes).
    Removing ff.o(i.remove_chain), (102 bytes).
    Removing ff.o(i.st_clust), (16 bytes).
    Removing ff.o(i.sum_sfn), (26 bytes).
    Removing ff.o(i.sync_fs), (180 bytes).
    Removing ff.o(i.validate), (44 bytes).
    Removing ff.o(.constdata), (58 bytes).
    Removing cc936.o(i.ff_convert), (88 bytes).
    Removing cc936.o(i.ff_wtoupper), (44 bytes).
    Removing cc936.o(.constdata), (175304 bytes).
    Removing dadd.o(.text), (334 bytes).
    Removing dmul.o(.text), (228 bytes).
    Removing ddiv.o(.text), (222 bytes).
    Removing dfixul.o(.text), (48 bytes).
    Removing cdrcmple.o(.text), (48 bytes).
    Removing depilogue.o(.text), (186 bytes).

906 unused section(s) (total 228379 bytes) removed from the image.

==============================================================================

Image Symbol Table

    Local Symbols

    Symbol Name                              Value     Ov Type        Size  Object(Section)

    ../clib/microlib/division.c              0x00000000   Number         0  uidiv.o ABSOLUTE
    ../clib/microlib/division.c              0x00000000   Number         0  ldiv.o ABSOLUTE
    ../clib/microlib/division.c              0x00000000   Number         0  uldiv.o ABSOLUTE
    ../clib/microlib/init/entry.s            0x00000000   Number         0  entry8b.o ABSOLUTE
    ../clib/microlib/init/entry.s            0x00000000   Number         0  entry10a.o ABSOLUTE
    ../clib/microlib/init/entry.s            0x00000000   Number         0  entry10b.o ABSOLUTE
    ../clib/microlib/init/entry.s            0x00000000   Number         0  entry5.o ABSOLUTE
    ../clib/microlib/init/entry.s            0x00000000   Number         0  entry7b.o ABSOLUTE
    ../clib/microlib/init/entry.s            0x00000000   Number         0  entry9b.o ABSOLUTE
    ../clib/microlib/init/entry.s            0x00000000   Number         0  entry9a.o ABSOLUTE
    ../clib/microlib/init/entry.s            0x00000000   Number         0  entry7a.o ABSOLUTE
    ../clib/microlib/init/entry.s            0x00000000   Number         0  entry12b.o ABSOLUTE
    ../clib/microlib/init/entry.s            0x00000000   Number         0  entry8a.o ABSOLUTE
    ../clib/microlib/init/entry.s            0x00000000   Number         0  entry.o ABSOLUTE
    ../clib/microlib/init/entry.s            0x00000000   Number         0  entry2.o ABSOLUTE
    ../clib/microlib/init/entry.s            0x00000000   Number         0  entry11b.o ABSOLUTE
    ../clib/microlib/init/entry.s            0x00000000   Number         0  entry12a.o ABSOLUTE
    ../clib/microlib/init/entry.s            0x00000000   Number         0  entry11a.o ABSOLUTE
    ../clib/microlib/longlong.c              0x00000000   Number         0  llshl.o ABSOLUTE
    ../clib/microlib/longlong.c              0x00000000   Number         0  llsshr.o ABSOLUTE
    ../clib/microlib/longlong.c              0x00000000   Number         0  llushr.o ABSOLUTE
    ../clib/microlib/printf/printf.c         0x00000000   Number         0  printfb.o ABSOLUTE
    ../clib/microlib/printf/printf.c         0x00000000   Number         0  printf4.o ABSOLUTE
    ../clib/microlib/printf/printf.c         0x00000000   Number         0  printf6.o ABSOLUTE
    ../clib/microlib/printf/printf.c         0x00000000   Number         0  printf5.o ABSOLUTE
    ../clib/microlib/printf/printf.c         0x00000000   Number         0  printf7.o ABSOLUTE
    ../clib/microlib/printf/printf.c         0x00000000   Number         0  printf8.o ABSOLUTE
    ../clib/microlib/printf/printf.c         0x00000000   Number         0  printfa.o ABSOLUTE
    ../clib/microlib/printf/printf.c         0x00000000   Number         0  printf3.o ABSOLUTE
    ../clib/microlib/printf/printf.c         0x00000000   Number         0  printf1.o ABSOLUTE
    ../clib/microlib/printf/printf.c         0x00000000   Number         0  printf0.o ABSOLUTE
    ../clib/microlib/printf/printf.c         0x00000000   Number         0  printf2.o ABSOLUTE
    ../clib/microlib/printf/stubs.s          0x00000000   Number         0  stubs.o ABSOLUTE
    ../clib/microlib/string/memcpy.c         0x00000000   Number         0  memcpya.o ABSOLUTE
    ../clib/microlib/string/memcpy.c         0x00000000   Number         0  memcpyb.o ABSOLUTE
    ../clib/microlib/string/strcmp.c         0x00000000   Number         0  strcmp.o ABSOLUTE
    ../clib/microlib/string/strcpy.c         0x00000000   Number         0  strcpy.o ABSOLUTE
    ../clib/microlib/stubs.s                 0x00000000   Number         0  useno.o ABSOLUTE
    ../clib/microlib/stubs.s                 0x00000000   Number         0  iusefp.o ABSOLUTE
    ../fplib/microlib/fpadd.c                0x00000000   Number         0  dadd.o ABSOLUTE
    ../fplib/microlib/fpdiv.c                0x00000000   Number         0  ddiv.o ABSOLUTE
    ../fplib/microlib/fpepilogue.c           0x00000000   Number         0  depilogue.o ABSOLUTE
    ../fplib/microlib/fpfix.c                0x00000000   Number         0  dfixul.o ABSOLUTE
    ../fplib/microlib/fpmul.c                0x00000000   Number         0  dmul.o ABSOLUTE
    ..\..\FATFS\exfuns\exfuns.c              0x00000000   Number         0  exfuns.o ABSOLUTE
    ..\..\FATFS\exfuns\fattester.c           0x00000000   Number         0  fattester.o ABSOLUTE
    ..\..\FATFS\src\diskio.c                 0x00000000   Number         0  diskio.o ABSOLUTE
    ..\..\FATFS\src\ff.c                     0x00000000   Number         0  ff.o ABSOLUTE
    ..\..\FATFS\src\option\cc936.c           0x00000000   Number         0  cc936.o ABSOLUTE
    ..\..\Libraries\CMSIS\Device\ST\STM32F4xx\Source\Templates\arm\startup_stm32f40xx.s 0x00000000   Number         0  startup_stm32f40xx.o ABSOLUTE
    ..\..\Libraries\CMSIS\Device\ST\STM32F4xx\Source\Templates\system_stm32f4xx.c 0x00000000   Number         0  system_stm32f4xx.o ABSOLUTE
    ..\..\Libraries\STM32F4xx_StdPeriph_Driver\src\misc.c 0x00000000   Number         0  misc.o ABSOLUTE
    ..\..\Libraries\STM32F4xx_StdPeriph_Driver\src\stm32f4xx_adc.c 0x00000000   Number         0  stm32f4xx_adc.o ABSOLUTE
    ..\..\Libraries\STM32F4xx_StdPeriph_Driver\src\stm32f4xx_can.c 0x00000000   Number         0  stm32f4xx_can.o ABSOLUTE
    ..\..\Libraries\STM32F4xx_StdPeriph_Driver\src\stm32f4xx_cec.c 0x00000000   Number         0  stm32f4xx_cec.o ABSOLUTE
    ..\..\Libraries\STM32F4xx_StdPeriph_Driver\src\stm32f4xx_crc.c 0x00000000   Number         0  stm32f4xx_crc.o ABSOLUTE
    ..\..\Libraries\STM32F4xx_StdPeriph_Driver\src\stm32f4xx_cryp.c 0x00000000   Number         0  stm32f4xx_cryp.o ABSOLUTE
    ..\..\Libraries\STM32F4xx_StdPeriph_Driver\src\stm32f4xx_cryp_aes.c 0x00000000   Number         0  stm32f4xx_cryp_aes.o ABSOLUTE
    ..\..\Libraries\STM32F4xx_StdPeriph_Driver\src\stm32f4xx_cryp_des.c 0x00000000   Number         0  stm32f4xx_cryp_des.o ABSOLUTE
    ..\..\Libraries\STM32F4xx_StdPeriph_Driver\src\stm32f4xx_cryp_tdes.c 0x00000000   Number         0  stm32f4xx_cryp_tdes.o ABSOLUTE
    ..\..\Libraries\STM32F4xx_StdPeriph_Driver\src\stm32f4xx_dac.c 0x00000000   Number         0  stm32f4xx_dac.o ABSOLUTE
    ..\..\Libraries\STM32F4xx_StdPeriph_Driver\src\stm32f4xx_dbgmcu.c 0x00000000   Number         0  stm32f4xx_dbgmcu.o ABSOLUTE
    ..\..\Libraries\STM32F4xx_StdPeriph_Driver\src\stm32f4xx_dcmi.c 0x00000000   Number         0  stm32f4xx_dcmi.o ABSOLUTE
    ..\..\Libraries\STM32F4xx_StdPeriph_Driver\src\stm32f4xx_dma.c 0x00000000   Number         0  stm32f4xx_dma.o ABSOLUTE
    ..\..\Libraries\STM32F4xx_StdPeriph_Driver\src\stm32f4xx_exti.c 0x00000000   Number         0  stm32f4xx_exti.o ABSOLUTE
    ..\..\Libraries\STM32F4xx_StdPeriph_Driver\src\stm32f4xx_flash.c 0x00000000   Number         0  stm32f4xx_flash.o ABSOLUTE
    ..\..\Libraries\STM32F4xx_StdPeriph_Driver\src\stm32f4xx_flash_ramfunc.c 0x00000000   Number         0  stm32f4xx_flash_ramfunc.o ABSOLUTE
    ..\..\Libraries\STM32F4xx_StdPeriph_Driver\src\stm32f4xx_fmpi2c.c 0x00000000   Number         0  stm32f4xx_fmpi2c.o ABSOLUTE
    ..\..\Libraries\STM32F4xx_StdPeriph_Driver\src\stm32f4xx_fsmc.c 0x00000000   Number         0  stm32f4xx_fsmc.o ABSOLUTE
    ..\..\Libraries\STM32F4xx_StdPeriph_Driver\src\stm32f4xx_gpio.c 0x00000000   Number         0  stm32f4xx_gpio.o ABSOLUTE
    ..\..\Libraries\STM32F4xx_StdPeriph_Driver\src\stm32f4xx_hash.c 0x00000000   Number         0  stm32f4xx_hash.o ABSOLUTE
    ..\..\Libraries\STM32F4xx_StdPeriph_Driver\src\stm32f4xx_hash_md5.c 0x00000000   Number         0  stm32f4xx_hash_md5.o ABSOLUTE
    ..\..\Libraries\STM32F4xx_StdPeriph_Driver\src\stm32f4xx_hash_sha1.c 0x00000000   Number         0  stm32f4xx_hash_sha1.o ABSOLUTE
    ..\..\Libraries\STM32F4xx_StdPeriph_Driver\src\stm32f4xx_i2c.c 0x00000000   Number         0  stm32f4xx_i2c.o ABSOLUTE
    ..\..\Libraries\STM32F4xx_StdPeriph_Driver\src\stm32f4xx_iwdg.c 0x00000000   Number         0  stm32f4xx_iwdg.o ABSOLUTE
    ..\..\Libraries\STM32F4xx_StdPeriph_Driver\src\stm32f4xx_pwr.c 0x00000000   Number         0  stm32f4xx_pwr.o ABSOLUTE
    ..\..\Libraries\STM32F4xx_StdPeriph_Driver\src\stm32f4xx_qspi.c 0x00000000   Number         0  stm32f4xx_qspi.o ABSOLUTE
    ..\..\Libraries\STM32F4xx_StdPeriph_Driver\src\stm32f4xx_rcc.c 0x00000000   Number         0  stm32f4xx_rcc.o ABSOLUTE
    ..\..\Libraries\STM32F4xx_StdPeriph_Driver\src\stm32f4xx_rng.c 0x00000000   Number         0  stm32f4xx_rng.o ABSOLUTE
    ..\..\Libraries\STM32F4xx_StdPeriph_Driver\src\stm32f4xx_rtc.c 0x00000000   Number         0  stm32f4xx_rtc.o ABSOLUTE
    ..\..\Libraries\STM32F4xx_StdPeriph_Driver\src\stm32f4xx_sai.c 0x00000000   Number         0  stm32f4xx_sai.o ABSOLUTE
    ..\..\Libraries\STM32F4xx_StdPeriph_Driver\src\stm32f4xx_sdio.c 0x00000000   Number         0  stm32f4xx_sdio.o ABSOLUTE
    ..\..\Libraries\STM32F4xx_StdPeriph_Driver\src\stm32f4xx_spdifrx.c 0x00000000   Number         0  stm32f4xx_spdifrx.o ABSOLUTE
    ..\..\Libraries\STM32F4xx_StdPeriph_Driver\src\stm32f4xx_spi.c 0x00000000   Number         0  stm32f4xx_spi.o ABSOLUTE
    ..\..\Libraries\STM32F4xx_StdPeriph_Driver\src\stm32f4xx_syscfg.c 0x00000000   Number         0  stm32f4xx_syscfg.o ABSOLUTE
    ..\..\Libraries\STM32F4xx_StdPeriph_Driver\src\stm32f4xx_tim.c 0x00000000   Number         0  stm32f4xx_tim.o ABSOLUTE
    ..\..\Libraries\STM32F4xx_StdPeriph_Driver\src\stm32f4xx_usart.c 0x00000000   Number         0  stm32f4xx_usart.o ABSOLUTE
    ..\..\Libraries\STM32F4xx_StdPeriph_Driver\src\stm32f4xx_wwdg.c 0x00000000   Number         0  stm32f4xx_wwdg.o ABSOLUTE
    ..\..\MALLOC\malloc.c                    0x00000000   Number         0  malloc.o ABSOLUTE
    ..\..\User\KEY\key.c                     0x00000000   Number         0  key.o ABSOLUTE
    ..\..\User\SDIO\sdio_sdcard.c            0x00000000   Number         0  sdio_sdcard.o ABSOLUTE
    ..\..\User\delay\delay.c                 0x00000000   Number         0  delay.o ABSOLUTE
    ..\..\User\flash\bsp_spi.c               0x00000000   Number         0  bsp_spi.o ABSOLUTE
    ..\..\User\led\bsp_led.c                 0x00000000   Number         0  bsp_led.o ABSOLUTE
    ..\..\User\main.c                        0x00000000   Number         0  main.o ABSOLUTE
    ..\..\User\stm32f4xx_it.c                0x00000000   Number         0  stm32f4xx_it.o ABSOLUTE
    ..\..\User\sys\sys.c                     0x00000000   Number         0  sys.o ABSOLUTE
    ..\..\User\usart\bsp_debug_usart.c       0x00000000   Number         0  bsp_debug_usart.o ABSOLUTE
    ..\\..\\FATFS\\exfuns\\exfuns.c          0x00000000   Number         0  exfuns.o ABSOLUTE
    ..\\..\\FATFS\\exfuns\\fattester.c       0x00000000   Number         0  fattester.o ABSOLUTE
    ..\\..\\FATFS\\src\\diskio.c             0x00000000   Number         0  diskio.o ABSOLUTE
    ..\\..\\Libraries\\CMSIS\\Device\\ST\\STM32F4xx\\Source\\Templates\\system_stm32f4xx.c 0x00000000   Number         0  system_stm32f4xx.o ABSOLUTE
    ..\\..\\Libraries\\STM32F4xx_StdPeriph_Driver\\src\\misc.c 0x00000000   Number         0  misc.o ABSOLUTE
    ..\\..\\Libraries\\STM32F4xx_StdPeriph_Driver\\src\\stm32f4xx_adc.c 0x00000000   Number         0  stm32f4xx_adc.o ABSOLUTE
    ..\\..\\Libraries\\STM32F4xx_StdPeriph_Driver\\src\\stm32f4xx_can.c 0x00000000   Number         0  stm32f4xx_can.o ABSOLUTE
    ..\\..\\Libraries\\STM32F4xx_StdPeriph_Driver\\src\\stm32f4xx_cec.c 0x00000000   Number         0  stm32f4xx_cec.o ABSOLUTE
    ..\\..\\Libraries\\STM32F4xx_StdPeriph_Driver\\src\\stm32f4xx_crc.c 0x00000000   Number         0  stm32f4xx_crc.o ABSOLUTE
    ..\\..\\Libraries\\STM32F4xx_StdPeriph_Driver\\src\\stm32f4xx_cryp.c 0x00000000   Number         0  stm32f4xx_cryp.o ABSOLUTE
    ..\\..\\Libraries\\STM32F4xx_StdPeriph_Driver\\src\\stm32f4xx_cryp_aes.c 0x00000000   Number         0  stm32f4xx_cryp_aes.o ABSOLUTE
    ..\\..\\Libraries\\STM32F4xx_StdPeriph_Driver\\src\\stm32f4xx_cryp_des.c 0x00000000   Number         0  stm32f4xx_cryp_des.o ABSOLUTE
    ..\\..\\Libraries\\STM32F4xx_StdPeriph_Driver\\src\\stm32f4xx_cryp_tdes.c 0x00000000   Number         0  stm32f4xx_cryp_tdes.o ABSOLUTE
    ..\\..\\Libraries\\STM32F4xx_StdPeriph_Driver\\src\\stm32f4xx_dac.c 0x00000000   Number         0  stm32f4xx_dac.o ABSOLUTE
    ..\\..\\Libraries\\STM32F4xx_StdPeriph_Driver\\src\\stm32f4xx_dbgmcu.c 0x00000000   Number         0  stm32f4xx_dbgmcu.o ABSOLUTE
    ..\\..\\Libraries\\STM32F4xx_StdPeriph_Driver\\src\\stm32f4xx_dcmi.c 0x00000000   Number         0  stm32f4xx_dcmi.o ABSOLUTE
    ..\\..\\Libraries\\STM32F4xx_StdPeriph_Driver\\src\\stm32f4xx_dma.c 0x00000000   Number         0  stm32f4xx_dma.o ABSOLUTE
    ..\\..\\Libraries\\STM32F4xx_StdPeriph_Driver\\src\\stm32f4xx_exti.c 0x00000000   Number         0  stm32f4xx_exti.o ABSOLUTE
    ..\\..\\Libraries\\STM32F4xx_StdPeriph_Driver\\src\\stm32f4xx_flash.c 0x00000000   Number         0  stm32f4xx_flash.o ABSOLUTE
    ..\\..\\Libraries\\STM32F4xx_StdPeriph_Driver\\src\\stm32f4xx_flash_ramfunc.c 0x00000000   Number         0  stm32f4xx_flash_ramfunc.o ABSOLUTE
    ..\\..\\Libraries\\STM32F4xx_StdPeriph_Driver\\src\\stm32f4xx_fmpi2c.c 0x00000000   Number         0  stm32f4xx_fmpi2c.o ABSOLUTE
    ..\\..\\Libraries\\STM32F4xx_StdPeriph_Driver\\src\\stm32f4xx_fsmc.c 0x00000000   Number         0  stm32f4xx_fsmc.o ABSOLUTE
    ..\\..\\Libraries\\STM32F4xx_StdPeriph_Driver\\src\\stm32f4xx_gpio.c 0x00000000   Number         0  stm32f4xx_gpio.o ABSOLUTE
    ..\\..\\Libraries\\STM32F4xx_StdPeriph_Driver\\src\\stm32f4xx_hash.c 0x00000000   Number         0  stm32f4xx_hash.o ABSOLUTE
    ..\\..\\Libraries\\STM32F4xx_StdPeriph_Driver\\src\\stm32f4xx_hash_md5.c 0x00000000   Number         0  stm32f4xx_hash_md5.o ABSOLUTE
    ..\\..\\Libraries\\STM32F4xx_StdPeriph_Driver\\src\\stm32f4xx_hash_sha1.c 0x00000000   Number         0  stm32f4xx_hash_sha1.o ABSOLUTE
    ..\\..\\Libraries\\STM32F4xx_StdPeriph_Driver\\src\\stm32f4xx_i2c.c 0x00000000   Number         0  stm32f4xx_i2c.o ABSOLUTE
    ..\\..\\Libraries\\STM32F4xx_StdPeriph_Driver\\src\\stm32f4xx_iwdg.c 0x00000000   Number         0  stm32f4xx_iwdg.o ABSOLUTE
    ..\\..\\Libraries\\STM32F4xx_StdPeriph_Driver\\src\\stm32f4xx_pwr.c 0x00000000   Number         0  stm32f4xx_pwr.o ABSOLUTE
    ..\\..\\Libraries\\STM32F4xx_StdPeriph_Driver\\src\\stm32f4xx_qspi.c 0x00000000   Number         0  stm32f4xx_qspi.o ABSOLUTE
    ..\\..\\Libraries\\STM32F4xx_StdPeriph_Driver\\src\\stm32f4xx_rcc.c 0x00000000   Number         0  stm32f4xx_rcc.o ABSOLUTE
    ..\\..\\Libraries\\STM32F4xx_StdPeriph_Driver\\src\\stm32f4xx_rng.c 0x00000000   Number         0  stm32f4xx_rng.o ABSOLUTE
    ..\\..\\Libraries\\STM32F4xx_StdPeriph_Driver\\src\\stm32f4xx_rtc.c 0x00000000   Number         0  stm32f4xx_rtc.o ABSOLUTE
    ..\\..\\Libraries\\STM32F4xx_StdPeriph_Driver\\src\\stm32f4xx_sai.c 0x00000000   Number         0  stm32f4xx_sai.o ABSOLUTE
    ..\\..\\Libraries\\STM32F4xx_StdPeriph_Driver\\src\\stm32f4xx_sdio.c 0x00000000   Number         0  stm32f4xx_sdio.o ABSOLUTE
    ..\\..\\Libraries\\STM32F4xx_StdPeriph_Driver\\src\\stm32f4xx_spdifrx.c 0x00000000   Number         0  stm32f4xx_spdifrx.o ABSOLUTE
    ..\\..\\Libraries\\STM32F4xx_StdPeriph_Driver\\src\\stm32f4xx_spi.c 0x00000000   Number         0  stm32f4xx_spi.o ABSOLUTE
    ..\\..\\Libraries\\STM32F4xx_StdPeriph_Driver\\src\\stm32f4xx_syscfg.c 0x00000000   Number         0  stm32f4xx_syscfg.o ABSOLUTE
    ..\\..\\Libraries\\STM32F4xx_StdPeriph_Driver\\src\\stm32f4xx_tim.c 0x00000000   Number         0  stm32f4xx_tim.o ABSOLUTE
    ..\\..\\Libraries\\STM32F4xx_StdPeriph_Driver\\src\\stm32f4xx_usart.c 0x00000000   Number         0  stm32f4xx_usart.o ABSOLUTE
    ..\\..\\Libraries\\STM32F4xx_StdPeriph_Driver\\src\\stm32f4xx_wwdg.c 0x00000000   Number         0  stm32f4xx_wwdg.o ABSOLUTE
    ..\\..\\MALLOC\\malloc.c                 0x00000000   Number         0  malloc.o ABSOLUTE
    ..\\..\\User\\KEY\\key.c                 0x00000000   Number         0  key.o ABSOLUTE
    ..\\..\\User\\SDIO\\sdio_sdcard.c        0x00000000   Number         0  sdio_sdcard.o ABSOLUTE
    ..\\..\\User\\delay\\delay.c             0x00000000   Number         0  delay.o ABSOLUTE
    ..\\..\\User\\flash\\bsp_spi.c           0x00000000   Number         0  bsp_spi.o ABSOLUTE
    ..\\..\\User\\led\\bsp_led.c             0x00000000   Number         0  bsp_led.o ABSOLUTE
    ..\\..\\User\\main.c                     0x00000000   Number         0  main.o ABSOLUTE
    ..\\..\\User\\stm32f4xx_it.c             0x00000000   Number         0  stm32f4xx_it.o ABSOLUTE
    ..\\..\\User\\sys\\sys.c                 0x00000000   Number         0  sys.o ABSOLUTE
    ..\\..\\User\\usart\\bsp_debug_usart.c   0x00000000   Number         0  bsp_debug_usart.o ABSOLUTE
    cdrcmple.s                               0x00000000   Number         0  cdrcmple.o ABSOLUTE
    dc.s                                     0x00000000   Number         0  dc.o ABSOLUTE
    handlers.s                               0x00000000   Number         0  handlers.o ABSOLUTE
    init.s                                   0x00000000   Number         0  init.o ABSOLUTE
    RESET                                    0x08000000   Section      392  startup_stm32f40xx.o(RESET)
    .ARM.Collect$$$$00000000                 0x08000188   Section        0  entry.o(.ARM.Collect$$$$00000000)
    .ARM.Collect$$$$00000001                 0x08000188   Section        4  entry2.o(.ARM.Collect$$$$00000001)
    .ARM.Collect$$$$00000004                 0x0800018c   Section        4  entry5.o(.ARM.Collect$$$$00000004)
    .ARM.Collect$$$$00000008                 0x08000190   Section        0  entry7b.o(.ARM.Collect$$$$00000008)
    .ARM.Collect$$$$0000000A                 0x08000190   Section        0  entry8b.o(.ARM.Collect$$$$0000000A)
    .ARM.Collect$$$$0000000B                 0x08000190   Section        8  entry9a.o(.ARM.Collect$$$$0000000B)
    .ARM.Collect$$$$0000000E                 0x08000198   Section        4  entry12b.o(.ARM.Collect$$$$0000000E)
    .ARM.Collect$$$$0000000F                 0x0800019c   Section        0  entry10a.o(.ARM.Collect$$$$0000000F)
    .ARM.Collect$$$$00000011                 0x0800019c   Section        0  entry11a.o(.ARM.Collect$$$$00000011)
    .ARM.Collect$$$$00002712                 0x0800019c   Section        4  entry2.o(.ARM.Collect$$$$00002712)
    __lit__00000000                          0x0800019c   Data           4  entry2.o(.ARM.Collect$$$$00002712)
    .emb_text                                0x080001a0   Section       16  sys.o(.emb_text)
    $v0                                      0x080001a0   Number         0  sys.o(.emb_text)
    .text                                    0x080001b0   Section       36  startup_stm32f40xx.o(.text)
    $v0                                      0x080001b0   Number         0  startup_stm32f40xx.o(.text)
    .text                                    0x080001d4   Section        0  memcpya.o(.text)
    .text                                    0x080001f8   Section        0  uldiv.o(.text)
    .text                                    0x0800025c   Section       36  init.o(.text)
    .text                                    0x08000280   Section        0  llshl.o(.text)
    .text                                    0x0800029e   Section        0  llushr.o(.text)
    i.BusFault_Handler                       0x080002be   Section        0  stm32f4xx_it.o(i.BusFault_Handler)
    i.CmdError                               0x080002c0   Section        0  sdio_sdcard.o(i.CmdError)
    i.CmdResp1Error                          0x080002ec   Section        0  sdio_sdcard.o(i.CmdResp1Error)
    i.CmdResp2Error                          0x08000344   Section        0  sdio_sdcard.o(i.CmdResp2Error)
    i.CmdResp3Error                          0x08000390   Section        0  sdio_sdcard.o(i.CmdResp3Error)
    i.CmdResp6Error                          0x080003c0   Section        0  sdio_sdcard.o(i.CmdResp6Error)
    i.CmdResp7Error                          0x08000440   Section        0  sdio_sdcard.o(i.CmdResp7Error)
    i.DMA_Cmd                                0x08000480   Section        0  stm32f4xx_dma.o(i.DMA_Cmd)
    i.DMA_DeInit                             0x08000498   Section        0  stm32f4xx_dma.o(i.DMA_DeInit)
    i.DMA_FlowControllerConfig               0x080005c4   Section        0  stm32f4xx_dma.o(i.DMA_FlowControllerConfig)
    i.DMA_GetCmdStatus                       0x080005dc   Section        0  stm32f4xx_dma.o(i.DMA_GetCmdStatus)
    i.DMA_Init                               0x080005ec   Section        0  stm32f4xx_dma.o(i.DMA_Init)
    i.DebugMon_Handler                       0x08000640   Section        0  stm32f4xx_it.o(i.DebugMon_Handler)
    i.Delay                                  0x08000642   Section        0  main.o(i.Delay)
    i.FindSCR                                0x08000654   Section        0  sdio_sdcard.o(i.FindSCR)
    i.GPIO_Init                              0x080007d8   Section        0  stm32f4xx_gpio.o(i.GPIO_Init)
    i.GPIO_PinAFConfig                       0x08000854   Section        0  stm32f4xx_gpio.o(i.GPIO_PinAFConfig)
    i.HardFault_Handler                      0x08000874   Section        0  stm32f4xx_it.o(i.HardFault_Handler)
    i.IsCardProgramming                      0x08000878   Section        0  sdio_sdcard.o(i.IsCardProgramming)
    i.MemManage_Handler                      0x08000910   Section        0  stm32f4xx_it.o(i.MemManage_Handler)
    i.NMI_Handler                            0x08000912   Section        0  stm32f4xx_it.o(i.NMI_Handler)
    i.NVIC_Init                              0x08000914   Section        0  misc.o(i.NVIC_Init)
    i.NVIC_PriorityGroupConfig               0x0800097c   Section        0  misc.o(i.NVIC_PriorityGroupConfig)
    i.PendSV_Handler                         0x08000990   Section        0  stm32f4xx_it.o(i.PendSV_Handler)
    i.RCC_AHB1PeriphClockCmd                 0x08000994   Section        0  stm32f4xx_rcc.o(i.RCC_AHB1PeriphClockCmd)
    i.RCC_APB2PeriphClockCmd                 0x080009b0   Section        0  stm32f4xx_rcc.o(i.RCC_APB2PeriphClockCmd)
    i.RCC_APB2PeriphResetCmd                 0x080009cc   Section        0  stm32f4xx_rcc.o(i.RCC_APB2PeriphResetCmd)
    i.RCC_GetClocksFreq                      0x080009e8   Section        0  stm32f4xx_rcc.o(i.RCC_GetClocksFreq)
    i.SDEnWideBus                            0x08000a8c   Section        0  sdio_sdcard.o(i.SDEnWideBus)
    i.SDIO_ClearFlag                         0x08000b18   Section        0  stm32f4xx_sdio.o(i.SDIO_ClearFlag)
    i.SDIO_Clock_Set                         0x08000b24   Section        0  sdio_sdcard.o(i.SDIO_Clock_Set)
    i.SDIO_DataConfig                        0x08000b38   Section        0  stm32f4xx_sdio.o(i.SDIO_DataConfig)
    i.SDIO_GetFlagStatus                     0x08000b68   Section        0  stm32f4xx_sdio.o(i.SDIO_GetFlagStatus)
    i.SDIO_GetPowerState                     0x08000b7c   Section        0  stm32f4xx_sdio.o(i.SDIO_GetPowerState)
    i.SDIO_IRQHandler                        0x08000b8c   Section        0  sdio_sdcard.o(i.SDIO_IRQHandler)
    i.SDIO_Init                              0x08000b90   Section        0  stm32f4xx_sdio.o(i.SDIO_Init)
    i.SDIO_Register_Deinit                   0x08000bbc   Section        0  sdio_sdcard.o(i.SDIO_Register_Deinit)
    i.SDIO_SendCommand                       0x08000bf4   Section        0  stm32f4xx_sdio.o(i.SDIO_SendCommand)
    i.SDIO_SetPowerState                     0x08000c1c   Section        0  stm32f4xx_sdio.o(i.SDIO_SetPowerState)
    i.SD_DMA_Config                          0x08000c28   Section        0  sdio_sdcard.o(i.SD_DMA_Config)
    i.SD_EnableWideBusOperation              0x08000ca0   Section        0  sdio_sdcard.o(i.SD_EnableWideBusOperation)
    i.SD_GetCardInfo                         0x08000cf0   Section        0  sdio_sdcard.o(i.SD_GetCardInfo)
    i.SD_Init                                0x08000f10   Section        0  sdio_sdcard.o(i.SD_Init)
    i.SD_InitializeCards                     0x0800102c   Section        0  sdio_sdcard.o(i.SD_InitializeCards)
    i.SD_PowerON                             0x08001158   Section        0  sdio_sdcard.o(i.SD_PowerON)
    i.SD_ProcessIRQSrc                       0x08001324   Section        0  sdio_sdcard.o(i.SD_ProcessIRQSrc)
    i.SD_ReadBlock                           0x08001418   Section        0  sdio_sdcard.o(i.SD_ReadBlock)
    i.SD_ReadDisk                            0x08001668   Section        0  sdio_sdcard.o(i.SD_ReadDisk)
    i.SD_ReadMultiBlocks                     0x080016e4   Section        0  sdio_sdcard.o(i.SD_ReadMultiBlocks)
    i.SD_SelectDeselect                      0x08001994   Section        0  sdio_sdcard.o(i.SD_SelectDeselect)
    i.SD_SetDeviceMode                       0x080019c0   Section        0  sdio_sdcard.o(i.SD_SetDeviceMode)
    i.SD_WriteBlock                          0x080019d8   Section        0  sdio_sdcard.o(i.SD_WriteBlock)
    i.SD_WriteDisk                           0x08001ce8   Section        0  sdio_sdcard.o(i.SD_WriteDisk)
    i.SD_WriteMultiBlocks                    0x08001d5c   Section        0  sdio_sdcard.o(i.SD_WriteMultiBlocks)
    i.SPI1_Init                              0x08002080   Section        0  bsp_spi.o(i.SPI1_Init)
    i.SPI_Cmd                                0x08002170   Section        0  stm32f4xx_spi.o(i.SPI_Cmd)
    i.SPI_I2S_GetFlagStatus                  0x08002188   Section        0  stm32f4xx_spi.o(i.SPI_I2S_GetFlagStatus)
    i.SPI_I2S_ReceiveData                    0x08002196   Section        0  stm32f4xx_spi.o(i.SPI_I2S_ReceiveData)
    i.SPI_I2S_SendData                       0x0800219a   Section        0  stm32f4xx_spi.o(i.SPI_I2S_SendData)
    i.SPI_Init                               0x0800219e   Section        0  stm32f4xx_spi.o(i.SPI_Init)
    i.SPI_SendHalfWord                       0x080021d8   Section        0  bsp_spi.o(i.SPI_SendHalfWord)
    i.SPI_TIMEOUT_UserCallback               0x08002244   Section        0  bsp_spi.o(i.SPI_TIMEOUT_UserCallback)
    SPI_TIMEOUT_UserCallback                 0x08002245   Thumb Code    14  bsp_spi.o(i.SPI_TIMEOUT_UserCallback)
    i.SVC_Handler                            0x08002284   Section        0  stm32f4xx_it.o(i.SVC_Handler)
    i.SetSysClock                            0x08002288   Section        0  system_stm32f4xx.o(i.SetSysClock)
    SetSysClock                              0x08002289   Thumb Code   168  system_stm32f4xx.o(i.SetSysClock)
    i.SysTick_CLKSourceConfig                0x08002340   Section        0  misc.o(i.SysTick_CLKSourceConfig)
    i.SysTick_Handler                        0x0800235c   Section        0  stm32f4xx_it.o(i.SysTick_Handler)
    i.SystemInit                             0x08002360   Section        0  system_stm32f4xx.o(i.SystemInit)
    i.USART1_IRQHandler                      0x080023bc   Section        0  bsp_debug_usart.o(i.USART1_IRQHandler)
    i.USART_Cmd                              0x08002b40   Section        0  stm32f4xx_usart.o(i.USART_Cmd)
    i.USART_GetFlagStatus                    0x08002b58   Section        0  stm32f4xx_usart.o(i.USART_GetFlagStatus)
    i.USART_GetITStatus                      0x08002b66   Section        0  stm32f4xx_usart.o(i.USART_GetITStatus)
    i.USART_ITConfig                         0x08002ba6   Section        0  stm32f4xx_usart.o(i.USART_ITConfig)
    i.USART_Init                             0x08002bdc   Section        0  stm32f4xx_usart.o(i.USART_Init)
    i.USART_ReceiveData                      0x08002c98   Section        0  stm32f4xx_usart.o(i.USART_ReceiveData)
    i.USART_SendData                         0x08002ca0   Section        0  stm32f4xx_usart.o(i.USART_SendData)
    i.UsageFault_Handler                     0x08002ca8   Section        0  stm32f4xx_it.o(i.UsageFault_Handler)
    i.Usart_SendHalfWord                     0x08002caa   Section        0  bsp_debug_usart.o(i.Usart_SendHalfWord)
    i.__0printf$5                            0x08002cdc   Section        0  printf5.o(i.__0printf$5)
    i.__scatterload_copy                     0x08002cfc   Section       14  handlers.o(i.__scatterload_copy)
    i.__scatterload_null                     0x08002d0a   Section        2  handlers.o(i.__scatterload_null)
    i.__scatterload_zeroinit                 0x08002d0c   Section       14  handlers.o(i.__scatterload_zeroinit)
    i._printf_core                           0x08002d1c   Section        0  printf5.o(i._printf_core)
    _printf_core                             0x08002d1d   Thumb Code   660  printf5.o(i._printf_core)
    i.check_fs                               0x08002fdc   Section        0  ff.o(i.check_fs)
    check_fs                                 0x08002fdd   Thumb Code   120  ff.o(i.check_fs)
    i.convert_from_bytes_to_power_of_two     0x08003058   Section        0  sdio_sdcard.o(i.convert_from_bytes_to_power_of_two)
    i.delay_init                             0x0800306c   Section        0  delay.o(i.delay_init)
    i.disk_initialize                        0x08003098   Section        0  diskio.o(i.disk_initialize)
    i.disk_read                              0x080030b0   Section        0  diskio.o(i.disk_read)
    i.disk_status                            0x080030ee   Section        0  diskio.o(i.disk_status)
    i.disk_write                             0x080030f2   Section        0  diskio.o(i.disk_write)
    i.exfuns_init                            0x08003130   Section        0  exfuns.o(i.exfuns_init)
    i.f_mount                                0x08003194   Section        0  ff.o(i.f_mount)
    i.find_volume                            0x080031e0   Section        0  ff.o(i.find_volume)
    find_volume                              0x080031e1   Thumb Code   770  ff.o(i.find_volume)
    i.fputc                                  0x080034f4   Section        0  bsp_debug_usart.o(i.fputc)
    i.get_ldnumber                           0x08003508   Section        0  ff.o(i.get_ldnumber)
    get_ldnumber                             0x08003509   Thumb Code    66  ff.o(i.get_ldnumber)
    i.main                                   0x0800354c   Section        0  main.o(i.main)
    i.move_window                            0x08003ef8   Section        0  ff.o(i.move_window)
    move_window                              0x08003ef9   Thumb Code    50  ff.o(i.move_window)
    i.my_mem_init                            0x08003f2c   Section        0  malloc.o(i.my_mem_init)
    i.my_mem_malloc                          0x08003f68   Section        0  malloc.o(i.my_mem_malloc)
    i.my_mem_perused                         0x08004004   Section        0  malloc.o(i.my_mem_perused)
    i.mymalloc                               0x0800403c   Section        0  malloc.o(i.mymalloc)
    i.mymemset                               0x08004060   Section        0  malloc.o(i.mymemset)
    i.sync_window                            0x0800406e   Section        0  ff.o(i.sync_window)
    sync_window                              0x0800406f   Thumb Code    82  ff.o(i.sync_window)
    i.uart_init                              0x080040c0   Section        0  bsp_debug_usart.o(i.uart_init)
    .constdata                               0x0800416c   Section       10  main.o(.constdata)
    .constdata                               0x08004178   Section       36  malloc.o(.constdata)
    .ARM.__AT_0x10000000                     0x10000000   Section    61440  malloc.o(.ARM.__AT_0x10000000)
    .ARM.__AT_0x1000F000                     0x1000f000   Section     3840  malloc.o(.ARM.__AT_0x1000F000)
    .data                                    0x20000000   Section       16  stm32f4xx_rcc.o(.data)
    APBAHBPrescTable                         0x20000000   Data          16  stm32f4xx_rcc.o(.data)
    .data                                    0x20000010   Section       52  main.o(.data)
    .data                                    0x20000044   Section        1  main.o(.data)
    .data                                    0x20000045   Section        1  main.o(.data)
    .data                                    0x20000046   Section        1  main.o(.data)
    .data                                    0x20000047   Section        1  main.o(.data)
    .data                                    0x20000048   Section        4  bsp_debug_usart.o(.data)
    .data                                    0x2000004c   Section        4  bsp_spi.o(.data)
    SPITimeout                               0x2000004c   Data           4  bsp_spi.o(.data)
    .data                                    0x20000050   Section       70  bsp_spi.o(.data)
    .data                                    0x20000096   Section        4  delay.o(.data)
    fac_us                                   0x20000096   Data           1  delay.o(.data)
    fac_ms                                   0x20000098   Data           2  delay.o(.data)
    .data                                    0x2000009c   Section       36  malloc.o(.data)
    .data                                    0x200000c0   Section       16  sdio_sdcard.o(.data)
    CardType                                 0x200000c0   Data           1  sdio_sdcard.o(.data)
    DeviceMode                               0x200000c1   Data           1  sdio_sdcard.o(.data)
    StopCondition                            0x200000c2   Data           1  sdio_sdcard.o(.data)
    RCA                                      0x200000c8   Data           4  sdio_sdcard.o(.data)
    .data                                    0x200000d0   Section       12  exfuns.o(.data)
    .data                                    0x200000dc   Section        2  ff.o(.data)
    Fsid                                     0x200000dc   Data           2  ff.o(.data)
    .bss                                     0x200000e0   Section    102400  malloc.o(.bss)
    .bss                                     0x200190e0   Section     6400  malloc.o(.bss)
    .bss                                     0x2001a9e0   Section      704  sdio_sdcard.o(.bss)
    CSD_Tab                                  0x2001aa24   Data          16  sdio_sdcard.o(.bss)
    CID_Tab                                  0x2001aa34   Data          16  sdio_sdcard.o(.bss)
    .bss                                     0x2001aca0   Section       12  exfuns.o(.bss)
    .bss                                     0x2001acac   Section       12  ff.o(.bss)
    FatFs                                    0x2001acac   Data          12  ff.o(.bss)
    STACK                                    0x2001acb8   Section     8192  startup_stm32f40xx.o(STACK)
    .ARM.__AT_0x68000000                     0x68000000   Section    983040  malloc.o(.ARM.__AT_0x68000000)
    .ARM.__AT_0x680F0000                     0x680f0000   Section    61440  malloc.o(.ARM.__AT_0x680F0000)

    Global Symbols

    Symbol Name                              Value     Ov Type        Size  Object(Section)

    BuildAttributes$$THM_ISAv4$E$P$D$K$B$S$7EM$VFPi3$EXTD16$VFPS$VFMA$PE$A:L22UL41UL21$X:L11$S22US41US21$IEEE1$IW$USESV6$~STKCKD$USESV7$~SHL$OSPACE$ROPI$EBA8$MICROLIB$REQ8$PRES8$EABIv2 0x00000000   Number         0  anon$$obj.o ABSOLUTE
    __ARM_use_no_argv                        0x00000000   Number         0  main.o ABSOLUTE
    __use_no_errno                           0x00000000   Number         0  useno.o ABSOLUTE
    __use_no_exception_handling              0x00000000   Number         0  useno.o ABSOLUTE
    __use_no_fp                              0x00000000   Number         0  useno.o ABSOLUTE
    __use_no_heap                            0x00000000   Number         0  useno.o ABSOLUTE
    __use_no_heap_region                     0x00000000   Number         0  useno.o ABSOLUTE
    __use_no_semihosting                     0x00000000   Number         0  useno.o ABSOLUTE
    __use_no_semihosting_swi                 0x00000000   Number         0  useno.o ABSOLUTE
    __use_no_signal_handling                 0x00000000   Number         0  useno.o ABSOLUTE
    _printf_a                                0x00000000   Number         0  stubs.o ABSOLUTE
    _printf_c                                0x00000000   Number         0  stubs.o ABSOLUTE
    _printf_charcount                        0x00000000   Number         0  stubs.o ABSOLUTE
    _printf_d                                0x00000000   Number         0  stubs.o ABSOLUTE
    _printf_e                                0x00000000   Number         0  stubs.o ABSOLUTE
    _printf_f                                0x00000000   Number         0  stubs.o ABSOLUTE
    _printf_flags                            0x00000000   Number         0  stubs.o ABSOLUTE
    _printf_fp_dec                           0x00000000   Number         0  stubs.o ABSOLUTE
    _printf_fp_hex                           0x00000000   Number         0  stubs.o ABSOLUTE
    _printf_g                                0x00000000   Number         0  stubs.o ABSOLUTE
    _printf_i                                0x00000000   Number         0  stubs.o ABSOLUTE
    _printf_int_dec                          0x00000000   Number         0  stubs.o ABSOLUTE
    _printf_l                                0x00000000   Number         0  stubs.o ABSOLUTE
    _printf_lc                               0x00000000   Number         0  stubs.o ABSOLUTE
    _printf_ll                               0x00000000   Number         0  stubs.o ABSOLUTE
    _printf_lld                              0x00000000   Number         0  stubs.o ABSOLUTE
    _printf_lli                              0x00000000   Number         0  stubs.o ABSOLUTE
    _printf_llo                              0x00000000   Number         0  stubs.o ABSOLUTE
    _printf_llu                              0x00000000   Number         0  stubs.o ABSOLUTE
    _printf_llx                              0x00000000   Number         0  stubs.o ABSOLUTE
    _printf_longlong_dec                     0x00000000   Number         0  stubs.o ABSOLUTE
    _printf_longlong_hex                     0x00000000   Number         0  stubs.o ABSOLUTE
    _printf_longlong_oct                     0x00000000   Number         0  stubs.o ABSOLUTE
    _printf_ls                               0x00000000   Number         0  stubs.o ABSOLUTE
    _printf_mbtowc                           0x00000000   Number         0  stubs.o ABSOLUTE
    _printf_n                                0x00000000   Number         0  stubs.o ABSOLUTE
    _printf_o                                0x00000000   Number         0  stubs.o ABSOLUTE
    _printf_p                                0x00000000   Number         0  stubs.o ABSOLUTE
    _printf_percent                          0x00000000   Number         0  stubs.o ABSOLUTE
    _printf_pre_padding                      0x00000000   Number         0  stubs.o ABSOLUTE
    _printf_return_value                     0x00000000   Number         0  stubs.o ABSOLUTE
    _printf_s                                0x00000000   Number         0  stubs.o ABSOLUTE
    _printf_sizespec                         0x00000000   Number         0  stubs.o ABSOLUTE
    _printf_str                              0x00000000   Number         0  stubs.o ABSOLUTE
    _printf_truncate_signed                  0x00000000   Number         0  stubs.o ABSOLUTE
    _printf_truncate_unsigned                0x00000000   Number         0  stubs.o ABSOLUTE
    _printf_u                                0x00000000   Number         0  stubs.o ABSOLUTE
    _printf_wc                               0x00000000   Number         0  stubs.o ABSOLUTE
    _printf_wctomb                           0x00000000   Number         0  stubs.o ABSOLUTE
    _printf_widthprec                        0x00000000   Number         0  stubs.o ABSOLUTE
    _printf_x                                0x00000000   Number         0  stubs.o ABSOLUTE
    __arm_fini_                               - Undefined Weak Reference
    __cpp_initialize__aeabi_                  - Undefined Weak Reference
    __cxa_finalize                            - Undefined Weak Reference
    __decompress                              - Undefined Weak Reference
    _clock_init                               - Undefined Weak Reference
    _microlib_exit                            - Undefined Weak Reference
    __Vectors_Size                           0x00000188   Number         0  startup_stm32f40xx.o ABSOLUTE
    __Vectors                                0x08000000   Data           4  startup_stm32f40xx.o(RESET)
    __Vectors_End                            0x08000188   Data           0  startup_stm32f40xx.o(RESET)
    __main                                   0x08000189   Thumb Code     0  entry.o(.ARM.Collect$$$$00000000)
    _main_stk                                0x08000189   Thumb Code     0  entry2.o(.ARM.Collect$$$$00000001)
    _main_scatterload                        0x0800018d   Thumb Code     0  entry5.o(.ARM.Collect$$$$00000004)
    __main_after_scatterload                 0x08000191   Thumb Code     0  entry5.o(.ARM.Collect$$$$00000004)
    _main_clock                              0x08000191   Thumb Code     0  entry7b.o(.ARM.Collect$$$$00000008)
    _main_cpp_init                           0x08000191   Thumb Code     0  entry8b.o(.ARM.Collect$$$$0000000A)
    _main_init                               0x08000191   Thumb Code     0  entry9a.o(.ARM.Collect$$$$0000000B)
    __rt_lib_shutdown_fini                   0x08000199   Thumb Code     0  entry12b.o(.ARM.Collect$$$$0000000E)
    __rt_final_cpp                           0x0800019d   Thumb Code     0  entry10a.o(.ARM.Collect$$$$0000000F)
    __rt_final_exit                          0x0800019d   Thumb Code     0  entry11a.o(.ARM.Collect$$$$00000011)
    WFI_SET                                  0x080001a1   Thumb Code     2  sys.o(.emb_text)
    INTX_DISABLE                             0x080001a3   Thumb Code     4  sys.o(.emb_text)
    INTX_ENABLE                              0x080001a7   Thumb Code     4  sys.o(.emb_text)
    MSR_MSP                                  0x080001ab   Thumb Code     6  sys.o(.emb_text)
    Reset_Handler                            0x080001b1   Thumb Code     8  startup_stm32f40xx.o(.text)
    ADC_IRQHandler                           0x080001cb   Thumb Code     0  startup_stm32f40xx.o(.text)
    CAN1_RX0_IRQHandler                      0x080001cb   Thumb Code     0  startup_stm32f40xx.o(.text)
    CAN1_RX1_IRQHandler                      0x080001cb   Thumb Code     0  startup_stm32f40xx.o(.text)
    CAN1_SCE_IRQHandler                      0x080001cb   Thumb Code     0  startup_stm32f40xx.o(.text)
    CAN1_TX_IRQHandler                       0x080001cb   Thumb Code     0  startup_stm32f40xx.o(.text)
    CAN2_RX0_IRQHandler                      0x080001cb   Thumb Code     0  startup_stm32f40xx.o(.text)
    CAN2_RX1_IRQHandler                      0x080001cb   Thumb Code     0  startup_stm32f40xx.o(.text)
    CAN2_SCE_IRQHandler                      0x080001cb   Thumb Code     0  startup_stm32f40xx.o(.text)
    CAN2_TX_IRQHandler                       0x080001cb   Thumb Code     0  startup_stm32f40xx.o(.text)
    CRYP_IRQHandler                          0x080001cb   Thumb Code     0  startup_stm32f40xx.o(.text)
    DCMI_IRQHandler                          0x080001cb   Thumb Code     0  startup_stm32f40xx.o(.text)
    DMA1_Stream0_IRQHandler                  0x080001cb   Thumb Code     0  startup_stm32f40xx.o(.text)
    DMA1_Stream1_IRQHandler                  0x080001cb   Thumb Code     0  startup_stm32f40xx.o(.text)
    DMA1_Stream2_IRQHandler                  0x080001cb   Thumb Code     0  startup_stm32f40xx.o(.text)
    DMA1_Stream3_IRQHandler                  0x080001cb   Thumb Code     0  startup_stm32f40xx.o(.text)
    DMA1_Stream4_IRQHandler                  0x080001cb   Thumb Code     0  startup_stm32f40xx.o(.text)
    DMA1_Stream5_IRQHandler                  0x080001cb   Thumb Code     0  startup_stm32f40xx.o(.text)
    DMA1_Stream6_IRQHandler                  0x080001cb   Thumb Code     0  startup_stm32f40xx.o(.text)
    DMA1_Stream7_IRQHandler                  0x080001cb   Thumb Code     0  startup_stm32f40xx.o(.text)
    DMA2_Stream0_IRQHandler                  0x080001cb   Thumb Code     0  startup_stm32f40xx.o(.text)
    DMA2_Stream1_IRQHandler                  0x080001cb   Thumb Code     0  startup_stm32f40xx.o(.text)
    DMA2_Stream2_IRQHandler                  0x080001cb   Thumb Code     0  startup_stm32f40xx.o(.text)
    DMA2_Stream3_IRQHandler                  0x080001cb   Thumb Code     0  startup_stm32f40xx.o(.text)
    DMA2_Stream4_IRQHandler                  0x080001cb   Thumb Code     0  startup_stm32f40xx.o(.text)
    DMA2_Stream5_IRQHandler                  0x080001cb   Thumb Code     0  startup_stm32f40xx.o(.text)
    DMA2_Stream6_IRQHandler                  0x080001cb   Thumb Code     0  startup_stm32f40xx.o(.text)
    DMA2_Stream7_IRQHandler                  0x080001cb   Thumb Code     0  startup_stm32f40xx.o(.text)
    ETH_IRQHandler                           0x080001cb   Thumb Code     0  startup_stm32f40xx.o(.text)
    ETH_WKUP_IRQHandler                      0x080001cb   Thumb Code     0  startup_stm32f40xx.o(.text)
    EXTI0_IRQHandler                         0x080001cb   Thumb Code     0  startup_stm32f40xx.o(.text)
    EXTI15_10_IRQHandler                     0x080001cb   Thumb Code     0  startup_stm32f40xx.o(.text)
    EXTI1_IRQHandler                         0x080001cb   Thumb Code     0  startup_stm32f40xx.o(.text)
    EXTI2_IRQHandler                         0x080001cb   Thumb Code     0  startup_stm32f40xx.o(.text)
    EXTI3_IRQHandler                         0x080001cb   Thumb Code     0  startup_stm32f40xx.o(.text)
    EXTI4_IRQHandler                         0x080001cb   Thumb Code     0  startup_stm32f40xx.o(.text)
    EXTI9_5_IRQHandler                       0x080001cb   Thumb Code     0  startup_stm32f40xx.o(.text)
    FLASH_IRQHandler                         0x080001cb   Thumb Code     0  startup_stm32f40xx.o(.text)
    FPU_IRQHandler                           0x080001cb   Thumb Code     0  startup_stm32f40xx.o(.text)
    FSMC_IRQHandler                          0x080001cb   Thumb Code     0  startup_stm32f40xx.o(.text)
    HASH_RNG_IRQHandler                      0x080001cb   Thumb Code     0  startup_stm32f40xx.o(.text)
    I2C1_ER_IRQHandler                       0x080001cb   Thumb Code     0  startup_stm32f40xx.o(.text)
    I2C1_EV_IRQHandler                       0x080001cb   Thumb Code     0  startup_stm32f40xx.o(.text)
    I2C2_ER_IRQHandler                       0x080001cb   Thumb Code     0  startup_stm32f40xx.o(.text)
    I2C2_EV_IRQHandler                       0x080001cb   Thumb Code     0  startup_stm32f40xx.o(.text)
    I2C3_ER_IRQHandler                       0x080001cb   Thumb Code     0  startup_stm32f40xx.o(.text)
    I2C3_EV_IRQHandler                       0x080001cb   Thumb Code     0  startup_stm32f40xx.o(.text)
    OTG_FS_IRQHandler                        0x080001cb   Thumb Code     0  startup_stm32f40xx.o(.text)
    OTG_FS_WKUP_IRQHandler                   0x080001cb   Thumb Code     0  startup_stm32f40xx.o(.text)
    OTG_HS_EP1_IN_IRQHandler                 0x080001cb   Thumb Code     0  startup_stm32f40xx.o(.text)
    OTG_HS_EP1_OUT_IRQHandler                0x080001cb   Thumb Code     0  startup_stm32f40xx.o(.text)
    OTG_HS_IRQHandler                        0x080001cb   Thumb Code     0  startup_stm32f40xx.o(.text)
    OTG_HS_WKUP_IRQHandler                   0x080001cb   Thumb Code     0  startup_stm32f40xx.o(.text)
    PVD_IRQHandler                           0x080001cb   Thumb Code     0  startup_stm32f40xx.o(.text)
    RCC_IRQHandler                           0x080001cb   Thumb Code     0  startup_stm32f40xx.o(.text)
    RTC_Alarm_IRQHandler                     0x080001cb   Thumb Code     0  startup_stm32f40xx.o(.text)
    RTC_WKUP_IRQHandler                      0x080001cb   Thumb Code     0  startup_stm32f40xx.o(.text)
    SPI1_IRQHandler                          0x080001cb   Thumb Code     0  startup_stm32f40xx.o(.text)
    SPI2_IRQHandler                          0x080001cb   Thumb Code     0  startup_stm32f40xx.o(.text)
    SPI3_IRQHandler                          0x080001cb   Thumb Code     0  startup_stm32f40xx.o(.text)
    TAMP_STAMP_IRQHandler                    0x080001cb   Thumb Code     0  startup_stm32f40xx.o(.text)
    TIM1_BRK_TIM9_IRQHandler                 0x080001cb   Thumb Code     0  startup_stm32f40xx.o(.text)
    TIM1_CC_IRQHandler                       0x080001cb   Thumb Code     0  startup_stm32f40xx.o(.text)
    TIM1_TRG_COM_TIM11_IRQHandler            0x080001cb   Thumb Code     0  startup_stm32f40xx.o(.text)
    TIM1_UP_TIM10_IRQHandler                 0x080001cb   Thumb Code     0  startup_stm32f40xx.o(.text)
    TIM2_IRQHandler                          0x080001cb   Thumb Code     0  startup_stm32f40xx.o(.text)
    TIM3_IRQHandler                          0x080001cb   Thumb Code     0  startup_stm32f40xx.o(.text)
    TIM4_IRQHandler                          0x080001cb   Thumb Code     0  startup_stm32f40xx.o(.text)
    TIM5_IRQHandler                          0x080001cb   Thumb Code     0  startup_stm32f40xx.o(.text)
    TIM6_DAC_IRQHandler                      0x080001cb   Thumb Code     0  startup_stm32f40xx.o(.text)
    TIM7_IRQHandler                          0x080001cb   Thumb Code     0  startup_stm32f40xx.o(.text)
    TIM8_BRK_TIM12_IRQHandler                0x080001cb   Thumb Code     0  startup_stm32f40xx.o(.text)
    TIM8_CC_IRQHandler                       0x080001cb   Thumb Code     0  startup_stm32f40xx.o(.text)
    TIM8_TRG_COM_TIM14_IRQHandler            0x080001cb   Thumb Code     0  startup_stm32f40xx.o(.text)
    TIM8_UP_TIM13_IRQHandler                 0x080001cb   Thumb Code     0  startup_stm32f40xx.o(.text)
    UART4_IRQHandler                         0x080001cb   Thumb Code     0  startup_stm32f40xx.o(.text)
    UART5_IRQHandler                         0x080001cb   Thumb Code     0  startup_stm32f40xx.o(.text)
    USART2_IRQHandler                        0x080001cb   Thumb Code     0  startup_stm32f40xx.o(.text)
    USART3_IRQHandler                        0x080001cb   Thumb Code     0  startup_stm32f40xx.o(.text)
    USART6_IRQHandler                        0x080001cb   Thumb Code     0  startup_stm32f40xx.o(.text)
    WWDG_IRQHandler                          0x080001cb   Thumb Code     0  startup_stm32f40xx.o(.text)
    __aeabi_memcpy                           0x080001d5   Thumb Code    36  memcpya.o(.text)
    __aeabi_memcpy4                          0x080001d5   Thumb Code     0  memcpya.o(.text)
    __aeabi_memcpy8                          0x080001d5   Thumb Code     0  memcpya.o(.text)
    __aeabi_uldivmod                         0x080001f9   Thumb Code    98  uldiv.o(.text)
    __scatterload                            0x0800025d   Thumb Code    28  init.o(.text)
    __scatterload_rt2                        0x0800025d   Thumb Code     0  init.o(.text)
    __aeabi_llsl                             0x08000281   Thumb Code    30  llshl.o(.text)
    _ll_shift_l                              0x08000281   Thumb Code     0  llshl.o(.text)
    __aeabi_llsr                             0x0800029f   Thumb Code    32  llushr.o(.text)
    _ll_ushift_r                             0x0800029f   Thumb Code     0  llushr.o(.text)
    BusFault_Handler                         0x080002bf   Thumb Code     2  stm32f4xx_it.o(i.BusFault_Handler)
    CmdError                                 0x080002c1   Thumb Code    42  sdio_sdcard.o(i.CmdError)
    CmdResp1Error                            0x080002ed   Thumb Code    84  sdio_sdcard.o(i.CmdResp1Error)
    CmdResp2Error                            0x08000345   Thumb Code    72  sdio_sdcard.o(i.CmdResp2Error)
    CmdResp3Error                            0x08000391   Thumb Code    42  sdio_sdcard.o(i.CmdResp3Error)
    CmdResp6Error                            0x080003c1   Thumb Code   124  sdio_sdcard.o(i.CmdResp6Error)
    CmdResp7Error                            0x08000441   Thumb Code    60  sdio_sdcard.o(i.CmdResp7Error)
    DMA_Cmd                                  0x08000481   Thumb Code    24  stm32f4xx_dma.o(i.DMA_Cmd)
    DMA_DeInit                               0x08000499   Thumb Code   278  stm32f4xx_dma.o(i.DMA_DeInit)
    DMA_FlowControllerConfig                 0x080005c5   Thumb Code    24  stm32f4xx_dma.o(i.DMA_FlowControllerConfig)
    DMA_GetCmdStatus                         0x080005dd   Thumb Code    14  stm32f4xx_dma.o(i.DMA_GetCmdStatus)
    DMA_Init                                 0x080005ed   Thumb Code    80  stm32f4xx_dma.o(i.DMA_Init)
    DebugMon_Handler                         0x08000641   Thumb Code     2  stm32f4xx_it.o(i.DebugMon_Handler)
    Delay                                    0x08000643   Thumb Code    18  main.o(i.Delay)
    FindSCR                                  0x08000655   Thumb Code   376  sdio_sdcard.o(i.FindSCR)
    GPIO_Init                                0x080007d9   Thumb Code   124  stm32f4xx_gpio.o(i.GPIO_Init)
    GPIO_PinAFConfig                         0x08000855   Thumb Code    32  stm32f4xx_gpio.o(i.GPIO_PinAFConfig)
    HardFault_Handler                        0x08000875   Thumb Code     2  stm32f4xx_it.o(i.HardFault_Handler)
    IsCardProgramming                        0x08000879   Thumb Code   138  sdio_sdcard.o(i.IsCardProgramming)
    MemManage_Handler                        0x08000911   Thumb Code     2  stm32f4xx_it.o(i.MemManage_Handler)
    NMI_Handler                              0x08000913   Thumb Code     2  stm32f4xx_it.o(i.NMI_Handler)
    NVIC_Init                                0x08000915   Thumb Code    98  misc.o(i.NVIC_Init)
    NVIC_PriorityGroupConfig                 0x0800097d   Thumb Code    10  misc.o(i.NVIC_PriorityGroupConfig)
    PendSV_Handler                           0x08000991   Thumb Code     2  stm32f4xx_it.o(i.PendSV_Handler)
    RCC_AHB1PeriphClockCmd                   0x08000995   Thumb Code    22  stm32f4xx_rcc.o(i.RCC_AHB1PeriphClockCmd)
    RCC_APB2PeriphClockCmd                   0x080009b1   Thumb Code    22  stm32f4xx_rcc.o(i.RCC_APB2PeriphClockCmd)
    RCC_APB2PeriphResetCmd                   0x080009cd   Thumb Code    22  stm32f4xx_rcc.o(i.RCC_APB2PeriphResetCmd)
    RCC_GetClocksFreq                        0x080009e9   Thumb Code   148  stm32f4xx_rcc.o(i.RCC_GetClocksFreq)
    SDEnWideBus                              0x08000a8d   Thumb Code   128  sdio_sdcard.o(i.SDEnWideBus)
    SDIO_ClearFlag                           0x08000b19   Thumb Code     6  stm32f4xx_sdio.o(i.SDIO_ClearFlag)
    SDIO_Clock_Set                           0x08000b25   Thumb Code    14  sdio_sdcard.o(i.SDIO_Clock_Set)
    SDIO_DataConfig                          0x08000b39   Thumb Code    42  stm32f4xx_sdio.o(i.SDIO_DataConfig)
    SDIO_GetFlagStatus                       0x08000b69   Thumb Code    16  stm32f4xx_sdio.o(i.SDIO_GetFlagStatus)
    SDIO_GetPowerState                       0x08000b7d   Thumb Code    10  stm32f4xx_sdio.o(i.SDIO_GetPowerState)
    SDIO_IRQHandler                          0x08000b8d   Thumb Code     4  sdio_sdcard.o(i.SDIO_IRQHandler)
    SDIO_Init                                0x08000b91   Thumb Code    40  stm32f4xx_sdio.o(i.SDIO_Init)
    SDIO_Register_Deinit                     0x08000bbd   Thumb Code    46  sdio_sdcard.o(i.SDIO_Register_Deinit)
    SDIO_SendCommand                         0x08000bf5   Thumb Code    36  stm32f4xx_sdio.o(i.SDIO_SendCommand)
    SDIO_SetPowerState                       0x08000c1d   Thumb Code     6  stm32f4xx_sdio.o(i.SDIO_SetPowerState)
    SD_DMA_Config                            0x08000c29   Thumb Code   112  sdio_sdcard.o(i.SD_DMA_Config)
    SD_EnableWideBusOperation                0x08000ca1   Thumb Code    70  sdio_sdcard.o(i.SD_EnableWideBusOperation)
    SD_GetCardInfo                           0x08000cf1   Thumb Code   536  sdio_sdcard.o(i.SD_GetCardInfo)
    SD_Init                                  0x08000f11   Thumb Code   262  sdio_sdcard.o(i.SD_Init)
    SD_InitializeCards                       0x0800102d   Thumb Code   286  sdio_sdcard.o(i.SD_InitializeCards)
    SD_PowerON                               0x08001159   Thumb Code   440  sdio_sdcard.o(i.SD_PowerON)
    SD_ProcessIRQSrc                         0x08001325   Thumb Code   230  sdio_sdcard.o(i.SD_ProcessIRQSrc)
    SD_ReadBlock                             0x08001419   Thumb Code   572  sdio_sdcard.o(i.SD_ReadBlock)
    SD_ReadDisk                              0x08001669   Thumb Code   120  sdio_sdcard.o(i.SD_ReadDisk)
    SD_ReadMultiBlocks                       0x080016e5   Thumb Code   666  sdio_sdcard.o(i.SD_ReadMultiBlocks)
    SD_SelectDeselect                        0x08001995   Thumb Code    40  sdio_sdcard.o(i.SD_SelectDeselect)
    SD_SetDeviceMode                         0x080019c1   Thumb Code    20  sdio_sdcard.o(i.SD_SetDeviceMode)
    SD_WriteBlock                            0x080019d9   Thumb Code   768  sdio_sdcard.o(i.SD_WriteBlock)
    SD_WriteDisk                             0x08001ce9   Thumb Code   110  sdio_sdcard.o(i.SD_WriteDisk)
    SD_WriteMultiBlocks                      0x08001d5d   Thumb Code   788  sdio_sdcard.o(i.SD_WriteMultiBlocks)
    SPI1_Init                                0x08002081   Thumb Code   228  bsp_spi.o(i.SPI1_Init)
    SPI_Cmd                                  0x08002171   Thumb Code    24  stm32f4xx_spi.o(i.SPI_Cmd)
    SPI_I2S_GetFlagStatus                    0x08002189   Thumb Code    14  stm32f4xx_spi.o(i.SPI_I2S_GetFlagStatus)
    SPI_I2S_ReceiveData                      0x08002197   Thumb Code     4  stm32f4xx_spi.o(i.SPI_I2S_ReceiveData)
    SPI_I2S_SendData                         0x0800219b   Thumb Code     4  stm32f4xx_spi.o(i.SPI_I2S_SendData)
    SPI_Init                                 0x0800219f   Thumb Code    56  stm32f4xx_spi.o(i.SPI_Init)
    SPI_SendHalfWord                         0x080021d9   Thumb Code   100  bsp_spi.o(i.SPI_SendHalfWord)
    SVC_Handler                              0x08002285   Thumb Code     2  stm32f4xx_it.o(i.SVC_Handler)
    SysTick_CLKSourceConfig                  0x08002341   Thumb Code    28  misc.o(i.SysTick_CLKSourceConfig)
    SysTick_Handler                          0x0800235d   Thumb Code     2  stm32f4xx_it.o(i.SysTick_Handler)
    SystemInit                               0x08002361   Thumb Code    74  system_stm32f4xx.o(i.SystemInit)
    USART1_IRQHandler                        0x080023bd   Thumb Code  1778  bsp_debug_usart.o(i.USART1_IRQHandler)
    USART_Cmd                                0x08002b41   Thumb Code    24  stm32f4xx_usart.o(i.USART_Cmd)
    USART_GetFlagStatus                      0x08002b59   Thumb Code    14  stm32f4xx_usart.o(i.USART_GetFlagStatus)
    USART_GetITStatus                        0x08002b67   Thumb Code    64  stm32f4xx_usart.o(i.USART_GetITStatus)
    USART_ITConfig                           0x08002ba7   Thumb Code    54  stm32f4xx_usart.o(i.USART_ITConfig)
    USART_Init                               0x08002bdd   Thumb Code   180  stm32f4xx_usart.o(i.USART_Init)
    USART_ReceiveData                        0x08002c99   Thumb Code     8  stm32f4xx_usart.o(i.USART_ReceiveData)
    USART_SendData                           0x08002ca1   Thumb Code     8  stm32f4xx_usart.o(i.USART_SendData)
    UsageFault_Handler                       0x08002ca9   Thumb Code     2  stm32f4xx_it.o(i.UsageFault_Handler)
    Usart_SendHalfWord                       0x08002cab   Thumb Code    50  bsp_debug_usart.o(i.Usart_SendHalfWord)
    __0printf$5                              0x08002cdd   Thumb Code    22  printf5.o(i.__0printf$5)
    __1printf$5                              0x08002cdd   Thumb Code     0  printf5.o(i.__0printf$5)
    __2printf                                0x08002cdd   Thumb Code     0  printf5.o(i.__0printf$5)
    __scatterload_copy                       0x08002cfd   Thumb Code    14  handlers.o(i.__scatterload_copy)
    __scatterload_null                       0x08002d0b   Thumb Code     2  handlers.o(i.__scatterload_null)
    __scatterload_zeroinit                   0x08002d0d   Thumb Code    14  handlers.o(i.__scatterload_zeroinit)
    convert_from_bytes_to_power_of_two       0x08003059   Thumb Code    18  sdio_sdcard.o(i.convert_from_bytes_to_power_of_two)
    delay_init                               0x0800306d   Thumb Code    38  delay.o(i.delay_init)
    disk_initialize                          0x08003099   Thumb Code    24  diskio.o(i.disk_initialize)
    disk_read                                0x080030b1   Thumb Code    62  diskio.o(i.disk_read)
    disk_status                              0x080030ef   Thumb Code     4  diskio.o(i.disk_status)
    disk_write                               0x080030f3   Thumb Code    62  diskio.o(i.disk_write)
    exfuns_init                              0x08003131   Thumb Code    92  exfuns.o(i.exfuns_init)
    f_mount                                  0x08003195   Thumb Code    72  ff.o(i.f_mount)
    fputc                                    0x080034f5   Thumb Code    14  bsp_debug_usart.o(i.fputc)
    main                                     0x0800354d   Thumb Code  2470  main.o(i.main)
    my_mem_init                              0x08003f2d   Thumb Code    52  malloc.o(i.my_mem_init)
    my_mem_malloc                            0x08003f69   Thumb Code   148  malloc.o(i.my_mem_malloc)
    my_mem_perused                           0x08004005   Thumb Code    48  malloc.o(i.my_mem_perused)
    mymalloc                                 0x0800403d   Thumb Code    30  malloc.o(i.mymalloc)
    mymemset                                 0x08004061   Thumb Code    14  malloc.o(i.mymemset)
    uart_init                                0x080040c1   Thumb Code   164  bsp_debug_usart.o(i.uart_init)
    memtblsize                               0x08004178   Data          12  malloc.o(.constdata)
    memblksize                               0x08004184   Data          12  malloc.o(.constdata)
    memsize                                  0x08004190   Data          12  malloc.o(.constdata)
    Region$$Table$$Base                      0x0800419c   Number         0  anon$$obj.o(Region$$Table)
    Region$$Table$$Limit                     0x080041bc   Number         0  anon$$obj.o(Region$$Table)
    mem3base                                 0x10000000   Data       61440  malloc.o(.ARM.__AT_0x10000000)
    mem3mapbase                              0x1000f000   Data        3840  malloc.o(.ARM.__AT_0x1000F000)
    sign1                                    0x20000010   Data           1  main.o(.data)
    sign2                                    0x20000011   Data           1  main.o(.data)
    sign3                                    0x20000012   Data           1  main.o(.data)
    sign4                                    0x20000013   Data           1  main.o(.data)
    sign6                                    0x20000014   Data           1  main.o(.data)
    sign7                                    0x20000015   Data           1  main.o(.data)
    sign9                                    0x20000016   Data           1  main.o(.data)
    sign12                                   0x20000017   Data           1  main.o(.data)
    sign13                                   0x20000018   Data           1  main.o(.data)
    sign14                                   0x20000019   Data           1  main.o(.data)
    sign15                                   0x2000001a   Data           1  main.o(.data)
    sign16                                   0x2000001b   Data           1  main.o(.data)
    sign17                                   0x2000001c   Data           1  main.o(.data)
    sign18                                   0x2000001d   Data           1  main.o(.data)
    sign19                                   0x2000001e   Data           1  main.o(.data)
    sign20                                   0x2000001f   Data           1  main.o(.data)
    sign21                                   0x20000020   Data           1  main.o(.data)
    sign22                                   0x20000021   Data           1  main.o(.data)
    sign23                                   0x20000022   Data           1  main.o(.data)
    sign24                                   0x20000023   Data           1  main.o(.data)
    sign25                                   0x20000024   Data           1  main.o(.data)
    sign26                                   0x20000025   Data           1  main.o(.data)
    sign27                                   0x20000026   Data           1  main.o(.data)
    sign28                                   0x20000027   Data           1  main.o(.data)
    sign29                                   0x20000028   Data           1  main.o(.data)
    sign30                                   0x20000029   Data           1  main.o(.data)
    sign31                                   0x2000002a   Data           1  main.o(.data)
    sign32                                   0x2000002b   Data           1  main.o(.data)
    sign33                                   0x2000002c   Data           1  main.o(.data)
    sign34                                   0x2000002d   Data           1  main.o(.data)
    sign35                                   0x2000002e   Data           1  main.o(.data)
    sign36                                   0x2000002f   Data           1  main.o(.data)
    sign37                                   0x20000030   Data           1  main.o(.data)
    sign38                                   0x20000031   Data           1  main.o(.data)
    sign39                                   0x20000032   Data           1  main.o(.data)
    sign40                                   0x20000033   Data           1  main.o(.data)
    sign41                                   0x20000034   Data           1  main.o(.data)
    sign42                                   0x20000035   Data           1  main.o(.data)
    sign43                                   0x20000036   Data           1  main.o(.data)
    sign44                                   0x20000037   Data           1  main.o(.data)
    sign45                                   0x20000038   Data           1  main.o(.data)
    x                                        0x2000003a   Data           2  main.o(.data)
    i                                        0x2000003c   Data           4  main.o(.data)
    block_num                                0x20000040   Data           4  main.o(.data)
    sign5                                    0x20000044   Data           1  main.o(.data)
    sign8                                    0x20000045   Data           1  main.o(.data)
    sign10                                   0x20000046   Data           1  main.o(.data)
    sign11                                   0x20000047   Data           1  main.o(.data)
    __stdout                                 0x20000048   Data           4  bsp_debug_usart.o(.data)
    SPI_TX_BUFFER                            0x20000050   Data          70  bsp_spi.o(.data)
    mallco_dev                               0x2000009c   Data          36  malloc.o(.data)
    TransferError                            0x200000c3   Data           1  sdio_sdcard.o(.data)
    TransferEnd                              0x200000c4   Data           1  sdio_sdcard.o(.data)
    tempbuff                                 0x200000cc   Data           4  sdio_sdcard.o(.data)
    file                                     0x200000d0   Data           4  exfuns.o(.data)
    ftemp                                    0x200000d4   Data           4  exfuns.o(.data)
    fatbuf                                   0x200000d8   Data           4  exfuns.o(.data)
    mem1base                                 0x200000e0   Data       102400  malloc.o(.bss)
    mem1mapbase                              0x200190e0   Data        6400  malloc.o(.bss)
    SDIO_InitStructure                       0x2001a9e0   Data          24  sdio_sdcard.o(.bss)
    SDIO_CmdInitStructure                    0x2001a9f8   Data          20  sdio_sdcard.o(.bss)
    SDIO_DataInitStructure                   0x2001aa0c   Data          24  sdio_sdcard.o(.bss)
    SDCardInfo                               0x2001aa48   Data          88  sdio_sdcard.o(.bss)
    SDIO_DATA_BUFFER                         0x2001aaa0   Data         512  sdio_sdcard.o(.bss)
    fs                                       0x2001aca0   Data          12  exfuns.o(.bss)
    __initial_sp                             0x2001ccb8   Data           0  startup_stm32f40xx.o(STACK)
    mem2base                                 0x68000000   Data       983040  malloc.o(.ARM.__AT_0x68000000)
    mem2mapbase                              0x680f0000   Data       61440  malloc.o(.ARM.__AT_0x680F0000)



==============================================================================

Memory Map of the image

  Image Entry point : 0x080001b1

  Load Region LR_1 (Base: 0x08000000, Size: 0x0000429c, Max: 0xffffffff, ABSOLUTE)

    Execution Region ER_RO (Exec base: 0x08000000, Load base: 0x08000000, Size: 0x000041bc, Max: 0xffffffff, ABSOLUTE)

    Exec Addr    Load Addr    Size         Type   Attr      Idx    E Section Name        Object

    0x08000000   0x08000000   0x00000188   Data   RO            3    RESET               startup_stm32f40xx.o
    0x08000188   0x08000188   0x00000000   Code   RO         6152  * .ARM.Collect$$$$00000000  mc_w.l(entry.o)
    0x08000188   0x08000188   0x00000004   Code   RO         6426    .ARM.Collect$$$$00000001  mc_w.l(entry2.o)
    0x0800018c   0x0800018c   0x00000004   Code   RO         6429    .ARM.Collect$$$$00000004  mc_w.l(entry5.o)
    0x08000190   0x08000190   0x00000000   Code   RO         6431    .ARM.Collect$$$$00000008  mc_w.l(entry7b.o)
    0x08000190   0x08000190   0x00000000   Code   RO         6433    .ARM.Collect$$$$0000000A  mc_w.l(entry8b.o)
    0x08000190   0x08000190   0x00000008   Code   RO         6434    .ARM.Collect$$$$0000000B  mc_w.l(entry9a.o)
    0x08000198   0x08000198   0x00000004   Code   RO         6441    .ARM.Collect$$$$0000000E  mc_w.l(entry12b.o)
    0x0800019c   0x0800019c   0x00000000   Code   RO         6436    .ARM.Collect$$$$0000000F  mc_w.l(entry10a.o)
    0x0800019c   0x0800019c   0x00000000   Code   RO         6438    .ARM.Collect$$$$00000011  mc_w.l(entry11a.o)
    0x0800019c   0x0800019c   0x00000004   Code   RO         6427    .ARM.Collect$$$$00002712  mc_w.l(entry2.o)
    0x080001a0   0x080001a0   0x00000010   Code   RO         5080    .emb_text           sys.o
    0x080001b0   0x080001b0   0x00000024   Code   RO            4  * .text               startup_stm32f40xx.o
    0x080001d4   0x080001d4   0x00000024   Code   RO         6157    .text               mc_w.l(memcpya.o)
    0x080001f8   0x080001f8   0x00000062   Code   RO         6444    .text               mc_w.l(uldiv.o)
    0x0800025a   0x0800025a   0x00000002   PAD
    0x0800025c   0x0800025c   0x00000024   Code   RO         6457    .text               mc_w.l(init.o)
    0x08000280   0x08000280   0x0000001e   Code   RO         6459    .text               mc_w.l(llshl.o)
    0x0800029e   0x0800029e   0x00000020   Code   RO         6461    .text               mc_w.l(llushr.o)
    0x080002be   0x080002be   0x00000002   Code   RO         4868    i.BusFault_Handler  stm32f4xx_it.o
    0x080002c0   0x080002c0   0x0000002a   Code   RO         5265    i.CmdError          sdio_sdcard.o
    0x080002ea   0x080002ea   0x00000002   PAD
    0x080002ec   0x080002ec   0x00000058   Code   RO         5266    i.CmdResp1Error     sdio_sdcard.o
    0x08000344   0x08000344   0x0000004c   Code   RO         5267    i.CmdResp2Error     sdio_sdcard.o
    0x08000390   0x08000390   0x00000030   Code   RO         5268    i.CmdResp3Error     sdio_sdcard.o
    0x080003c0   0x080003c0   0x00000080   Code   RO         5269    i.CmdResp6Error     sdio_sdcard.o
    0x08000440   0x08000440   0x00000040   Code   RO         5270    i.CmdResp7Error     sdio_sdcard.o
    0x08000480   0x08000480   0x00000018   Code   RO         1213    i.DMA_Cmd           stm32f4xx_dma.o
    0x08000498   0x08000498   0x0000012c   Code   RO         1214    i.DMA_DeInit        stm32f4xx_dma.o
    0x080005c4   0x080005c4   0x00000018   Code   RO         1217    i.DMA_FlowControllerConfig  stm32f4xx_dma.o
    0x080005dc   0x080005dc   0x0000000e   Code   RO         1218    i.DMA_GetCmdStatus  stm32f4xx_dma.o
    0x080005ea   0x080005ea   0x00000002   PAD
    0x080005ec   0x080005ec   0x00000054   Code   RO         1225    i.DMA_Init          stm32f4xx_dma.o
    0x08000640   0x08000640   0x00000002   Code   RO         4869    i.DebugMon_Handler  stm32f4xx_it.o
    0x08000642   0x08000642   0x00000012   Code   RO         4771    i.Delay             main.o
    0x08000654   0x08000654   0x00000184   Code   RO         5271    i.FindSCR           sdio_sdcard.o
    0x080007d8   0x080007d8   0x0000007c   Code   RO         1857    i.GPIO_Init         stm32f4xx_gpio.o
    0x08000854   0x08000854   0x00000020   Code   RO         1858    i.GPIO_PinAFConfig  stm32f4xx_gpio.o
    0x08000874   0x08000874   0x00000002   Code   RO         4870    i.HardFault_Handler  stm32f4xx_it.o
    0x08000876   0x08000876   0x00000002   PAD
    0x08000878   0x08000878   0x00000098   Code   RO         5272    i.IsCardProgramming  sdio_sdcard.o
    0x08000910   0x08000910   0x00000002   Code   RO         4871    i.MemManage_Handler  stm32f4xx_it.o
    0x08000912   0x08000912   0x00000002   Code   RO         4872    i.NMI_Handler       stm32f4xx_it.o
    0x08000914   0x08000914   0x00000068   Code   RO          155    i.NVIC_Init         misc.o
    0x0800097c   0x0800097c   0x00000014   Code   RO          156    i.NVIC_PriorityGroupConfig  misc.o
    0x08000990   0x08000990   0x00000002   Code   RO         4873    i.PendSV_Handler    stm32f4xx_it.o
    0x08000992   0x08000992   0x00000002   PAD
    0x08000994   0x08000994   0x0000001c   Code   RO         2561    i.RCC_AHB1PeriphClockCmd  stm32f4xx_rcc.o
    0x080009b0   0x080009b0   0x0000001c   Code   RO         2573    i.RCC_APB2PeriphClockCmd  stm32f4xx_rcc.o
    0x080009cc   0x080009cc   0x0000001c   Code   RO         2575    i.RCC_APB2PeriphResetCmd  stm32f4xx_rcc.o
    0x080009e8   0x080009e8   0x000000a4   Code   RO         2582    i.RCC_GetClocksFreq  stm32f4xx_rcc.o
    0x08000a8c   0x08000a8c   0x0000008c   Code   RO         5273    i.SDEnWideBus       sdio_sdcard.o
    0x08000b18   0x08000b18   0x0000000c   Code   RO         3501    i.SDIO_ClearFlag    stm32f4xx_sdio.o
    0x08000b24   0x08000b24   0x00000014   Code   RO         5274    i.SDIO_Clock_Set    sdio_sdcard.o
    0x08000b38   0x08000b38   0x00000030   Code   RO         3507    i.SDIO_DataConfig   stm32f4xx_sdio.o
    0x08000b68   0x08000b68   0x00000014   Code   RO         3513    i.SDIO_GetFlagStatus  stm32f4xx_sdio.o
    0x08000b7c   0x08000b7c   0x00000010   Code   RO         3515    i.SDIO_GetPowerState  stm32f4xx_sdio.o
    0x08000b8c   0x08000b8c   0x00000004   Code   RO         5275    i.SDIO_IRQHandler   sdio_sdcard.o
    0x08000b90   0x08000b90   0x0000002c   Code   RO         3518    i.SDIO_Init         stm32f4xx_sdio.o
    0x08000bbc   0x08000bbc   0x00000038   Code   RO         5276    i.SDIO_Register_Deinit  sdio_sdcard.o
    0x08000bf4   0x08000bf4   0x00000028   Code   RO         3521    i.SDIO_SendCommand  stm32f4xx_sdio.o
    0x08000c1c   0x08000c1c   0x0000000c   Code   RO         3523    i.SDIO_SetPowerState  stm32f4xx_sdio.o
    0x08000c28   0x08000c28   0x00000078   Code   RO         5277    i.SD_DMA_Config     sdio_sdcard.o
    0x08000ca0   0x08000ca0   0x00000050   Code   RO         5278    i.SD_EnableWideBusOperation  sdio_sdcard.o
    0x08000cf0   0x08000cf0   0x00000220   Code   RO         5279    i.SD_GetCardInfo    sdio_sdcard.o
    0x08000f10   0x08000f10   0x0000011c   Code   RO         5281    i.SD_Init           sdio_sdcard.o
    0x0800102c   0x0800102c   0x0000012c   Code   RO         5282    i.SD_InitializeCards  sdio_sdcard.o
    0x08001158   0x08001158   0x000001cc   Code   RO         5284    i.SD_PowerON        sdio_sdcard.o
    0x08001324   0x08001324   0x000000f4   Code   RO         5285    i.SD_ProcessIRQSrc  sdio_sdcard.o
    0x08001418   0x08001418   0x00000250   Code   RO         5286    i.SD_ReadBlock      sdio_sdcard.o
    0x08001668   0x08001668   0x0000007c   Code   RO         5287    i.SD_ReadDisk       sdio_sdcard.o
    0x080016e4   0x080016e4   0x000002b0   Code   RO         5288    i.SD_ReadMultiBlocks  sdio_sdcard.o
    0x08001994   0x08001994   0x0000002c   Code   RO         5289    i.SD_SelectDeselect  sdio_sdcard.o
    0x080019c0   0x080019c0   0x00000018   Code   RO         5291    i.SD_SetDeviceMode  sdio_sdcard.o
    0x080019d8   0x080019d8   0x00000310   Code   RO         5292    i.SD_WriteBlock     sdio_sdcard.o
    0x08001ce8   0x08001ce8   0x00000074   Code   RO         5293    i.SD_WriteDisk      sdio_sdcard.o
    0x08001d5c   0x08001d5c   0x00000324   Code   RO         5295    i.SD_WriteMultiBlocks  sdio_sdcard.o
    0x08002080   0x08002080   0x000000f0   Code   RO         5040    i.SPI1_Init         bsp_spi.o
    0x08002170   0x08002170   0x00000018   Code   RO         3725    i.SPI_Cmd           stm32f4xx_spi.o
    0x08002188   0x08002188   0x0000000e   Code   RO         3733    i.SPI_I2S_GetFlagStatus  stm32f4xx_spi.o
    0x08002196   0x08002196   0x00000004   Code   RO         3736    i.SPI_I2S_ReceiveData  stm32f4xx_spi.o
    0x0800219a   0x0800219a   0x00000004   Code   RO         3737    i.SPI_I2S_SendData  stm32f4xx_spi.o
    0x0800219e   0x0800219e   0x00000038   Code   RO         3738    i.SPI_Init          stm32f4xx_spi.o
    0x080021d6   0x080021d6   0x00000002   PAD
    0x080021d8   0x080021d8   0x0000006c   Code   RO         5041    i.SPI_SendHalfWord  bsp_spi.o
    0x08002244   0x08002244   0x00000040   Code   RO         5042    i.SPI_TIMEOUT_UserCallback  bsp_spi.o
    0x08002284   0x08002284   0x00000002   Code   RO         4874    i.SVC_Handler       stm32f4xx_it.o
    0x08002286   0x08002286   0x00000002   PAD
    0x08002288   0x08002288   0x000000b8   Code   RO           13    i.SetSysClock       system_stm32f4xx.o
    0x08002340   0x08002340   0x0000001c   Code   RO          159    i.SysTick_CLKSourceConfig  misc.o
    0x0800235c   0x0800235c   0x00000002   Code   RO         4875    i.SysTick_Handler   stm32f4xx_it.o
    0x0800235e   0x0800235e   0x00000002   PAD
    0x08002360   0x08002360   0x0000005c   Code   RO           15    i.SystemInit        system_stm32f4xx.o
    0x080023bc   0x080023bc   0x00000784   Code   RO         4943    i.USART1_IRQHandler  bsp_debug_usart.o
    0x08002b40   0x08002b40   0x00000018   Code   RO         4517    i.USART_Cmd         stm32f4xx_usart.o
    0x08002b58   0x08002b58   0x0000000e   Code   RO         4520    i.USART_GetFlagStatus  stm32f4xx_usart.o
    0x08002b66   0x08002b66   0x00000040   Code   RO         4521    i.USART_GetITStatus  stm32f4xx_usart.o
    0x08002ba6   0x08002ba6   0x00000036   Code   RO         4523    i.USART_ITConfig    stm32f4xx_usart.o
    0x08002bdc   0x08002bdc   0x000000bc   Code   RO         4524    i.USART_Init        stm32f4xx_usart.o
    0x08002c98   0x08002c98   0x00000008   Code   RO         4531    i.USART_ReceiveData  stm32f4xx_usart.o
    0x08002ca0   0x08002ca0   0x00000008   Code   RO         4534    i.USART_SendData    stm32f4xx_usart.o
    0x08002ca8   0x08002ca8   0x00000002   Code   RO         4876    i.UsageFault_Handler  stm32f4xx_it.o
    0x08002caa   0x08002caa   0x00000032   Code   RO         4945    i.Usart_SendHalfWord  bsp_debug_usart.o
    0x08002cdc   0x08002cdc   0x00000020   Code   RO         6298    i.__0printf$5       mc_w.l(printf5.o)
    0x08002cfc   0x08002cfc   0x0000000e   Code   RO         6469    i.__scatterload_copy  mc_w.l(handlers.o)
    0x08002d0a   0x08002d0a   0x00000002   Code   RO         6470    i.__scatterload_null  mc_w.l(handlers.o)
    0x08002d0c   0x08002d0c   0x0000000e   Code   RO         6471    i.__scatterload_zeroinit  mc_w.l(handlers.o)
    0x08002d1a   0x08002d1a   0x00000002   PAD
    0x08002d1c   0x08002d1c   0x000002c0   Code   RO         6305    i._printf_core      mc_w.l(printf5.o)
    0x08002fdc   0x08002fdc   0x0000007c   Code   RO         5781    i.check_fs          ff.o
    0x08003058   0x08003058   0x00000012   Code   RO         5296    i.convert_from_bytes_to_power_of_two  sdio_sdcard.o
    0x0800306a   0x0800306a   0x00000002   PAD
    0x0800306c   0x0800306c   0x0000002c   Code   RO         5102    i.delay_init        delay.o
    0x08003098   0x08003098   0x00000018   Code   RO         5708    i.disk_initialize   diskio.o
    0x080030b0   0x080030b0   0x0000003e   Code   RO         5710    i.disk_read         diskio.o
    0x080030ee   0x080030ee   0x00000004   Code   RO         5711    i.disk_status       diskio.o
    0x080030f2   0x080030f2   0x0000003e   Code   RO         5712    i.disk_write        diskio.o
    0x08003130   0x08003130   0x00000064   Code   RO         5495    i.exfuns_init       exfuns.o
    0x08003194   0x08003194   0x0000004c   Code   RO         5804    i.f_mount           ff.o
    0x080031e0   0x080031e0   0x00000314   Code   RO         5820    i.find_volume       ff.o
    0x080034f4   0x080034f4   0x00000014   Code   RO         4948    i.fputc             bsp_debug_usart.o
    0x08003508   0x08003508   0x00000042   Code   RO         5826    i.get_ldnumber      ff.o
    0x0800354a   0x0800354a   0x00000002   PAD
    0x0800354c   0x0800354c   0x000009ac   Code   RO         4772    i.main              main.o
    0x08003ef8   0x08003ef8   0x00000032   Code   RO         5831    i.move_window       ff.o
    0x08003f2a   0x08003f2a   0x00000002   PAD
    0x08003f2c   0x08003f2c   0x0000003c   Code   RO         5181    i.my_mem_init       malloc.o
    0x08003f68   0x08003f68   0x0000009c   Code   RO         5182    i.my_mem_malloc     malloc.o
    0x08004004   0x08004004   0x00000038   Code   RO         5183    i.my_mem_perused    malloc.o
    0x0800403c   0x0800403c   0x00000024   Code   RO         5185    i.mymalloc          malloc.o
    0x08004060   0x08004060   0x0000000e   Code   RO         5187    i.mymemset          malloc.o
    0x0800406e   0x0800406e   0x00000052   Code   RO         5839    i.sync_window       ff.o
    0x080040c0   0x080040c0   0x000000ac   Code   RO         4949    i.uart_init         bsp_debug_usart.o
    0x0800416c   0x0800416c   0x0000000a   Data   RO         4775    .constdata          main.o
    0x08004176   0x08004176   0x00000002   PAD
    0x08004178   0x08004178   0x00000024   Data   RO         5195    .constdata          malloc.o
    0x0800419c   0x0800419c   0x00000020   Data   RO         6467    Region$$Table       anon$$obj.o


    Execution Region ER_RW (Exec base: 0x20000000, Load base: 0x080041bc, Size: 0x000000e0, Max: 0xffffffff, ABSOLUTE)

    Exec Addr    Load Addr    Size         Type   Attr      Idx    E Section Name        Object

    0x20000000   0x080041bc   0x00000010   Data   RW         2614    .data               stm32f4xx_rcc.o
    0x20000010   0x080041cc   0x00000034   Data   RW         4776    .data               main.o
    0x20000044   0x08004200   0x00000001   Data   RW         4779    .data               main.o
    0x20000045   0x08004201   0x00000001   Data   RW         4780    .data               main.o
    0x20000046   0x08004202   0x00000001   Data   RW         4781    .data               main.o
    0x20000047   0x08004203   0x00000001   Data   RW         4782    .data               main.o
    0x20000048   0x08004204   0x00000004   Data   RW         4952    .data               bsp_debug_usart.o
    0x2000004c   0x08004208   0x00000004   Data   RW         5044    .data               bsp_spi.o
    0x20000050   0x0800420c   0x00000046   Data   RW         5045    .data               bsp_spi.o
    0x20000096   0x08004252   0x00000004   Data   RW         5106    .data               delay.o
    0x2000009a   0x08004256   0x00000002   PAD
    0x2000009c   0x08004258   0x00000024   Data   RW         5196    .data               malloc.o
    0x200000c0   0x0800427c   0x00000010   Data   RW         5298    .data               sdio_sdcard.o
    0x200000d0   0x0800428c   0x0000000c   Data   RW         5502    .data               exfuns.o
    0x200000dc   0x08004298   0x00000002   Data   RW         5843    .data               ff.o


    Execution Region ER_ZI (Exec base: 0x200000e0, Load base: 0x0800429c, Size: 0x0001cbd8, Max: 0xffffffff, ABSOLUTE)

    Exec Addr    Load Addr    Size         Type   Attr      Idx    E Section Name        Object

    0x200000e0        -       0x00019000   Zero   RW         5193    .bss                malloc.o
    0x200190e0        -       0x00001900   Zero   RW         5194    .bss                malloc.o
    0x2001a9e0        -       0x000002c0   Zero   RW         5297    .bss                sdio_sdcard.o
    0x2001aca0        -       0x0000000c   Zero   RW         5497    .bss                exfuns.o
    0x2001acac        -       0x0000000c   Zero   RW         5841    .bss                ff.o
    0x2001acb8        -       0x00002000   Zero   RW            1    STACK               startup_stm32f40xx.o



  Load Region LR$$.ARM.__AT_0x10000000 (Base: 0x10000000, Size: 0x00000000, Max: 0x0000f000, ABSOLUTE)

    Execution Region ER$$.ARM.__AT_0x10000000 (Exec base: 0x10000000, Load base: 0x10000000, Size: 0x0000f000, Max: 0x0000f000, ABSOLUTE, UNINIT)

    Exec Addr    Load Addr    Size         Type   Attr      Idx    E Section Name        Object

    0x10000000        -       0x0000f000   Zero   RW         5189    .ARM.__AT_0x10000000  malloc.o



  Load Region LR$$.ARM.__AT_0x1000F000 (Base: 0x1000f000, Size: 0x00000000, Max: 0x00000f00, ABSOLUTE)

    Execution Region ER$$.ARM.__AT_0x1000F000 (Exec base: 0x1000f000, Load base: 0x1000f000, Size: 0x00000f00, Max: 0x00000f00, ABSOLUTE, UNINIT)

    Exec Addr    Load Addr    Size         Type   Attr      Idx    E Section Name        Object

    0x1000f000        -       0x00000f00   Zero   RW         5190    .ARM.__AT_0x1000F000  malloc.o



  Load Region LR$$.ARM.__AT_0x68000000 (Base: 0x68000000, Size: 0x00000000, Max: 0x000f0000, ABSOLUTE)

    Execution Region ER$$.ARM.__AT_0x68000000 (Exec base: 0x68000000, Load base: 0x68000000, Size: 0x000f0000, Max: 0x000f0000, ABSOLUTE, UNINIT)

    Exec Addr    Load Addr    Size         Type   Attr      Idx    E Section Name        Object

    0x68000000        -       0x000f0000   Zero   RW         5191    .ARM.__AT_0x68000000  malloc.o



  Load Region LR$$.ARM.__AT_0x680F0000 (Base: 0x680f0000, Size: 0x00000000, Max: 0x0000f000, ABSOLUTE)

    Execution Region ER$$.ARM.__AT_0x680F0000 (Exec base: 0x680f0000, Load base: 0x680f0000, Size: 0x0000f000, Max: 0x0000f000, ABSOLUTE, UNINIT)

    Exec Addr    Load Addr    Size         Type   Attr      Idx    E Section Name        Object

    0x680f0000        -       0x0000f000   Zero   RW         5192    .ARM.__AT_0x680F0000  malloc.o


==============================================================================

Image component sizes


      Code (inc. data)   RO Data    RW Data    ZI Data      Debug   Object Name

      2166        300          0          4          0       6889   bsp_debug_usart.o
       412         70          0         74          0       2857   bsp_spi.o
        44          6          0          4          0        801   delay.o
       152          0          0          0          0       4309   diskio.o
       100          8          0         12         12       4290   exfuns.o
      1186         26          0          2         12       8662   ff.o
      2494         44         10         56          0       8592   main.o
       322         30         36         36    1218560       5427   malloc.o
       152         16          0          0          0       2533   misc.o
      6432        264          0         16        704      37269   sdio_sdcard.o
        36          8        392          0       8192        984   startup_stm32f40xx.o
       446         26          0          0          0       5168   stm32f4xx_dma.o
       156          0          0          0          0       2075   stm32f4xx_gpio.o
        18          0          0          0          0       4438   stm32f4xx_it.o
       248         34          0         16          0       5407   stm32f4xx_rcc.o
       192         36          0          0          0       6597   stm32f4xx_sdio.o
       102          0          0          0          0       4122   stm32f4xx_spi.o
       360          8          0          0          0       6537   stm32f4xx_usart.o
        16          0          0          0          0        516   sys.o
       276         34          0          0          0     319541   system_stm32f4xx.o

    ----------------------------------------------------------------------
     15330        910        472        224    1227480     437014   Object Totals
         0          0         32          0          0          0   (incl. Generated)
        20          0          2          4          0          0   (incl. Padding)

    ----------------------------------------------------------------------

      Code (inc. data)   RO Data    RW Data    ZI Data      Debug   Library Member Name

         0          0          0          0          0          0   entry.o
         0          0          0          0          0          0   entry10a.o
         0          0          0          0          0          0   entry11a.o
         4          0          0          0          0          0   entry12b.o
         8          4          0          0          0          0   entry2.o
         4          0          0          0          0          0   entry5.o
         0          0          0          0          0          0   entry7b.o
         0          0          0          0          0          0   entry8b.o
         8          4          0          0          0          0   entry9a.o
        30          0          0          0          0          0   handlers.o
        36          8          0          0          0         68   init.o
        30          0          0          0          0         68   llshl.o
        32          0          0          0          0         68   llushr.o
        36          0          0          0          0         68   memcpya.o
       736         54          0          0          0        184   printf5.o
        98          0          0          0          0         92   uldiv.o

    ----------------------------------------------------------------------
      1026         70          0          0          0        548   Library Totals
         4          0          0          0          0          0   (incl. Padding)

    ----------------------------------------------------------------------

      Code (inc. data)   RO Data    RW Data    ZI Data      Debug   Library Name

      1022         70          0          0          0        548   mc_w.l

    ----------------------------------------------------------------------
      1026         70          0          0          0        548   Library Totals

    ----------------------------------------------------------------------

==============================================================================


      Code (inc. data)   RO Data    RW Data    ZI Data      Debug   

     16356        980        472        224    1227480     428358   Grand Totals
     16356        980        472        224    1227480     428358   ELF Image Totals
     16356        980        472        224          0          0   ROM Totals

==============================================================================

    Total RO  Size (Code + RO Data)                16828 (  16.43kB)
    Total RW  Size (RW Data + ZI Data)           1227704 (1198.93kB)
    Total ROM Size (Code + RO Data + RW Data)      17052 (  16.65kB)

==============================================================================

