Component: ARM Compiler 5.06 update 6 (build 750) Tool: armlink [4d35ed]

==============================================================================

Section Cross References

    startup_stm32f407xx.o(STACK) refers (Special) to heapauxi.o(.text) for __use_two_region_memory
    startup_stm32f407xx.o(HEAP) refers (Special) to heapauxi.o(.text) for __use_two_region_memory
    startup_stm32f407xx.o(RESET) refers (Special) to heapauxi.o(.text) for __use_two_region_memory
    startup_stm32f407xx.o(RESET) refers to startup_stm32f407xx.o(STACK) for __initial_sp
    startup_stm32f407xx.o(RESET) refers to startup_stm32f407xx.o(.text) for Reset_Handler
    startup_stm32f407xx.o(RESET) refers to sys.o(i.SysTick_Handler) for SysTick_Handler
    startup_stm32f407xx.o(.text) refers (Special) to heapauxi.o(.text) for __use_two_region_memory
    startup_stm32f407xx.o(.text) refers to system_stm32f4xx.o(i.SystemInit) for SystemInit
    startup_stm32f407xx.o(.text) refers to __main.o(!!!main) for __main
    startup_stm32f407xx.o(.text) refers to startup_stm32f407xx.o(HEAP) for Heap_Mem
    startup_stm32f407xx.o(.text) refers to startup_stm32f407xx.o(STACK) for Stack_Mem
    stm32f4xx_hal.o(i.HAL_DeInit) refers to stm32f4xx_hal.o(i.HAL_MspDeInit) for HAL_MspDeInit
    stm32f4xx_hal.o(i.HAL_Delay) refers to stm32f4xx_hal.o(i.HAL_GetTick) for HAL_GetTick
    stm32f4xx_hal.o(i.HAL_GetTick) refers to stm32f4xx_hal.o(.data) for .data
    stm32f4xx_hal.o(i.HAL_IncTick) refers to stm32f4xx_hal.o(.data) for .data
    stm32f4xx_hal.o(i.HAL_Init) refers to stm32f4xx_hal_cortex.o(i.HAL_NVIC_SetPriorityGrouping) for HAL_NVIC_SetPriorityGrouping
    stm32f4xx_hal.o(i.HAL_Init) refers to stm32f4xx_hal.o(i.HAL_InitTick) for HAL_InitTick
    stm32f4xx_hal.o(i.HAL_Init) refers to stm32f4xx_hal.o(i.HAL_MspInit) for HAL_MspInit
    stm32f4xx_hal.o(i.HAL_InitTick) refers to stm32f4xx_hal_cortex.o(i.HAL_SYSTICK_Config) for HAL_SYSTICK_Config
    stm32f4xx_hal.o(i.HAL_InitTick) refers to stm32f4xx_hal_cortex.o(i.HAL_NVIC_SetPriority) for HAL_NVIC_SetPriority
    stm32f4xx_hal.o(i.HAL_InitTick) refers to system_stm32f4xx.o(.data) for SystemCoreClock
    stm32f4xx_hal_gpio.o(i.HAL_GPIO_EXTI_IRQHandler) refers to stm32f4xx_hal_gpio.o(i.HAL_GPIO_EXTI_Callback) for HAL_GPIO_EXTI_Callback
    stm32f4xx_hal_pwr.o(i.HAL_PWR_PVD_IRQHandler) refers to stm32f4xx_hal_pwr.o(i.HAL_PWR_PVDCallback) for HAL_PWR_PVDCallback
    stm32f4xx_hal_pwr_ex.o(i.HAL_PWREx_ControlVoltageScaling) refers to stm32f4xx_hal.o(i.HAL_GetTick) for HAL_GetTick
    stm32f4xx_hal_pwr_ex.o(i.HAL_PWREx_DisableBkUpReg) refers to stm32f4xx_hal.o(i.HAL_GetTick) for HAL_GetTick
    stm32f4xx_hal_pwr_ex.o(i.HAL_PWREx_EnableBkUpReg) refers to stm32f4xx_hal.o(i.HAL_GetTick) for HAL_GetTick
    stm32f4xx_hal_rcc.o(i.HAL_RCC_ClockConfig) refers to stm32f4xx_hal.o(i.HAL_GetTick) for HAL_GetTick
    stm32f4xx_hal_rcc.o(i.HAL_RCC_ClockConfig) refers to stm32f4xx_hal_rcc.o(i.HAL_RCC_GetSysClockFreq) for HAL_RCC_GetSysClockFreq
    stm32f4xx_hal_rcc.o(i.HAL_RCC_ClockConfig) refers to stm32f4xx_hal.o(i.HAL_InitTick) for HAL_InitTick
    stm32f4xx_hal_rcc.o(i.HAL_RCC_ClockConfig) refers to stm32f4xx_hal_rcc.o(.constdata) for .constdata
    stm32f4xx_hal_rcc.o(i.HAL_RCC_ClockConfig) refers to system_stm32f4xx.o(.data) for SystemCoreClock
    stm32f4xx_hal_rcc.o(i.HAL_RCC_GetHCLKFreq) refers to system_stm32f4xx.o(.data) for SystemCoreClock
    stm32f4xx_hal_rcc.o(i.HAL_RCC_GetPCLK1Freq) refers to system_stm32f4xx.o(.data) for SystemCoreClock
    stm32f4xx_hal_rcc.o(i.HAL_RCC_GetPCLK1Freq) refers to stm32f4xx_hal_rcc.o(.constdata) for .constdata
    stm32f4xx_hal_rcc.o(i.HAL_RCC_GetPCLK2Freq) refers to system_stm32f4xx.o(.data) for SystemCoreClock
    stm32f4xx_hal_rcc.o(i.HAL_RCC_GetPCLK2Freq) refers to stm32f4xx_hal_rcc.o(.constdata) for .constdata
    stm32f4xx_hal_rcc.o(i.HAL_RCC_MCOConfig) refers to stm32f4xx_hal_gpio.o(i.HAL_GPIO_Init) for HAL_GPIO_Init
    stm32f4xx_hal_rcc.o(i.HAL_RCC_NMI_IRQHandler) refers to stm32f4xx_hal_rcc.o(i.HAL_RCC_CSSCallback) for HAL_RCC_CSSCallback
    stm32f4xx_hal_rcc.o(i.HAL_RCC_OscConfig) refers to stm32f4xx_hal.o(i.HAL_GetTick) for HAL_GetTick
    stm32f4xx_hal_cortex.o(i.HAL_NVIC_SetPriority) refers to stm32f4xx_hal_cortex.o(i.NVIC_SetPriority) for NVIC_SetPriority
    stm32f4xx_hal_cortex.o(i.HAL_SYSTICK_Config) refers to stm32f4xx_hal_cortex.o(i.NVIC_SetPriority) for NVIC_SetPriority
    stm32f4xx_hal_cortex.o(i.HAL_SYSTICK_IRQHandler) refers to stm32f4xx_hal_cortex.o(i.HAL_SYSTICK_Callback) for HAL_SYSTICK_Callback
    stm32f4xx_hal_spi.o(i.HAL_SPI_DMAStop) refers to stm32f4xx_hal_dma.o(i.HAL_DMA_Abort) for HAL_DMA_Abort
    stm32f4xx_hal_spi.o(i.HAL_SPI_DeInit) refers to stm32f4xx_hal_spi.o(i.HAL_SPI_MspDeInit) for HAL_SPI_MspDeInit
    stm32f4xx_hal_spi.o(i.HAL_SPI_IRQHandler) refers to stm32f4xx_hal_dma.o(i.HAL_DMA_Abort_IT) for HAL_DMA_Abort_IT
[...]
    Removing stm32f4xx_hal_tim.o(i.HAL_TIM_OC_Start_DMA), (240 bytes).
    Removing stm32f4xx_hal_tim.o(i.HAL_TIM_OC_Start_IT), (108 bytes).
    Removing stm32f4xx_hal_tim.o(i.HAL_TIM_OC_Stop), (88 bytes).
    Removing stm32f4xx_hal_tim.o(i.HAL_TIM_OC_Stop_DMA), (144 bytes).
    Removing stm32f4xx_hal_tim.o(i.HAL_TIM_OC_Stop_IT), (136 bytes).
    Removing stm32f4xx_hal_tim.o(i.HAL_TIM_OnePulse_ConfigChannel), (218 bytes).
    Removing stm32f4xx_hal_tim.o(i.HAL_TIM_OnePulse_DeInit), (56 bytes).
    Removing stm32f4xx_hal_tim.o(i.HAL_TIM_OnePulse_GetState), (6 bytes).
    Removing stm32f4xx_hal_tim.o(i.HAL_TIM_OnePulse_Init), (74 bytes).
    Removing stm32f4xx_hal_tim.o(i.HAL_TIM_OnePulse_MspDeInit), (2 bytes).
    Removing stm32f4xx_hal_tim.o(i.HAL_TIM_OnePulse_MspInit), (2 bytes).
    Removing stm32f4xx_hal_tim.o(i.HAL_TIM_OnePulse_Start), (60 bytes).
    Removing stm32f4xx_hal_tim.o(i.HAL_TIM_OnePulse_Start_IT), (80 bytes).
    Removing stm32f4xx_hal_tim.o(i.HAL_TIM_OnePulse_Stop), (100 bytes).
    Removing stm32f4xx_hal_tim.o(i.HAL_TIM_OnePulse_Stop_IT), (120 bytes).
    Removing stm32f4xx_hal_tim.o(i.HAL_TIM_PWM_ConfigChannel), (208 bytes).
    Removing stm32f4xx_hal_tim.o(i.HAL_TIM_PWM_DeInit), (56 bytes).
    Removing stm32f4xx_hal_tim.o(i.HAL_TIM_PWM_GetState), (6 bytes).
    Removing stm32f4xx_hal_tim.o(i.HAL_TIM_PWM_Init), (54 bytes).
    Removing stm32f4xx_hal_tim.o(i.HAL_TIM_PWM_MspDeInit), (2 bytes).
    Removing stm32f4xx_hal_tim.o(i.HAL_TIM_PWM_MspInit), (2 bytes).
    Removing stm32f4xx_hal_tim.o(i.HAL_TIM_PWM_PulseFinishedCallback), (2 bytes).
    Removing stm32f4xx_hal_tim.o(i.HAL_TIM_PWM_Start), (56 bytes).
    Removing stm32f4xx_hal_tim.o(i.HAL_TIM_PWM_Start_DMA), (240 bytes).
    Removing stm32f4xx_hal_tim.o(i.HAL_TIM_PWM_Start_IT), (108 bytes).
    Removing stm32f4xx_hal_tim.o(i.HAL_TIM_PWM_Stop), (92 bytes).
    Removing stm32f4xx_hal_tim.o(i.HAL_TIM_PWM_Stop_DMA), (144 bytes).
    Removing stm32f4xx_hal_tim.o(i.HAL_TIM_PWM_Stop_IT), (136 bytes).
    Removing stm32f4xx_hal_tim.o(i.HAL_TIM_PeriodElapsedCallback), (2 bytes).
    Removing stm32f4xx_hal_tim.o(i.HAL_TIM_ReadCapturedValue), (68 bytes).
    Removing stm32f4xx_hal_tim.o(i.HAL_TIM_SlaveConfigSynchronization), (66 bytes).
    Removing stm32f4xx_hal_tim.o(i.HAL_TIM_SlaveConfigSynchronization_IT), (66 bytes).
    Removing stm32f4xx_hal_tim.o(i.HAL_TIM_TriggerCallback), (2 bytes).
    Removing stm32f4xx_hal_tim.o(i.TIM_Base_SetConfig), (192 bytes).
    Removing stm32f4xx_hal_tim.o(i.TIM_CCxChannelCmd), (22 bytes).
    Removing stm32f4xx_hal_tim.o(i.TIM_DMACaptureCplt), (62 bytes).
    Removing stm32f4xx_hal_tim.o(i.TIM_DMADelayPulseCplt), (62 bytes).
    Removing stm32f4xx_hal_tim.o(i.TIM_DMAError), (16 bytes).
    Removing stm32f4xx_hal_tim.o(i.TIM_DMAPeriodElapsedCplt), (16 bytes).
    Removing stm32f4xx_hal_tim.o(i.TIM_DMATriggerCplt), (16 bytes).
    Removing stm32f4xx_hal_tim.o(i.TIM_ETR_SetConfig), (20 bytes).
    Removing stm32f4xx_hal_tim.o(i.TIM_ITRx_SetConfig), (16 bytes).
    Removing stm32f4xx_hal_tim.o(i.TIM_OC1_SetConfig), (88 bytes).
    Removing stm32f4xx_hal_tim.o(i.TIM_OC2_SetConfig), (100 bytes).
    Removing stm32f4xx_hal_tim.o(i.TIM_OC3_SetConfig), (96 bytes).
    Removing stm32f4xx_hal_tim.o(i.TIM_OC4_SetConfig), (80 bytes).
    Removing stm32f4xx_hal_tim.o(i.TIM_SlaveTimer_SetConfig), (124 bytes).
    Removing stm32f4xx_hal_tim.o(i.TIM_TI1_ConfigInputStage), (34 bytes).
    Removing stm32f4xx_hal_tim.o(i.TIM_TI1_SetConfig), (132 bytes).
    Removing stm32f4xx_hal_tim.o(i.TIM_TI2_ConfigInputStage), (36 bytes).
    Removing stm32f4xx_hal_tim.o(i.TIM_TI2_SetConfig), (54 bytes).
    Removing stm32f4xx_hal_tim_ex.o(.rev16_text), (4 bytes).
    Removing stm32f4xx_hal_tim_ex.o(.revsh_text), (4 bytes).
    Removing stm32f4xx_hal_tim_ex.o(.rrx_text), (6 bytes).
    Removing stm32f4xx_hal_tim_ex.o(i.HAL_TIMEx_BreakCallback), (2 bytes).
    Removing stm32f4xx_hal_tim_ex.o(i.HAL_TIMEx_CommutationCallback), (2 bytes).
    Removing stm32f4xx_hal_tim_ex.o(i.HAL_TIMEx_ConfigBreakDeadTime), (66 bytes).
    Removing stm32f4xx_hal_tim_ex.o(i.HAL_TIMEx_ConfigCommutationEvent), (92 bytes).
    Removing stm32f4xx_hal_tim_ex.o(i.HAL_TIMEx_ConfigCommutationEvent_DMA), (124 bytes).
    Removing stm32f4xx_hal_tim_ex.o(i.HAL_TIMEx_ConfigCommutationEvent_IT), (102 bytes).
    Removing stm32f4xx_hal_tim_ex.o(i.HAL_TIMEx_HallSensor_DeInit), (56 bytes).
    Removing stm32f4xx_hal_tim_ex.o(i.HAL_TIMEx_HallSensor_GetState), (6 bytes).
    Removing stm32f4xx_hal_tim_ex.o(i.HAL_TIMEx_HallSensor_Init), (176 bytes).
    Removing stm32f4xx_hal_tim_ex.o(i.HAL_TIMEx_HallSensor_MspDeInit), (2 bytes).
    Removing stm32f4xx_hal_tim_ex.o(i.HAL_TIMEx_HallSensor_MspInit), (2 bytes).
    Removing stm32f4xx_hal_tim_ex.o(i.HAL_TIMEx_HallSensor_Start), (28 bytes).
    Removing stm32f4xx_hal_tim_ex.o(i.HAL_TIMEx_HallSensor_Start_DMA), (104 bytes).
    Removing stm32f4xx_hal_tim_ex.o(i.HAL_TIMEx_HallSensor_Start_IT), (38 bytes).
    Removing stm32f4xx_hal_tim_ex.o(i.HAL_TIMEx_HallSensor_Stop), (46 bytes).
    Removing stm32f4xx_hal_tim_ex.o(i.HAL_TIMEx_HallSensor_Stop_DMA), (56 bytes).
    Removing stm32f4xx_hal_tim_ex.o(i.HAL_TIMEx_HallSensor_Stop_IT), (56 bytes).
    Removing stm32f4xx_hal_tim_ex.o(i.HAL_TIMEx_MasterConfigSynchronization), (80 bytes).
    Removing stm32f4xx_hal_tim_ex.o(i.HAL_TIMEx_OCN_Start), (36 bytes).
    Removing stm32f4xx_hal_tim_ex.o(i.HAL_TIMEx_OCN_Start_DMA), (220 bytes).
    Removing stm32f4xx_hal_tim_ex.o(i.HAL_TIMEx_OCN_Start_IT), (96 bytes).
    Removing stm32f4xx_hal_tim_ex.o(i.HAL_TIMEx_OCN_Stop), (68 bytes).
    Removing stm32f4xx_hal_tim_ex.o(i.HAL_TIMEx_OCN_Stop_DMA), (124 bytes).
    Removing stm32f4xx_hal_tim_ex.o(i.HAL_TIMEx_OCN_Stop_IT), (134 bytes).
    Removing stm32f4xx_hal_tim_ex.o(i.HAL_TIMEx_OnePulseN_Start), (26 bytes).
    Removing stm32f4xx_hal_tim_ex.o(i.HAL_TIMEx_OnePulseN_Start_IT), (46 bytes).
    Removing stm32f4xx_hal_tim_ex.o(i.HAL_TIMEx_OnePulseN_Stop), (68 bytes).
    Removing stm32f4xx_hal_tim_ex.o(i.HAL_TIMEx_OnePulseN_Stop_IT), (88 bytes).
    Removing stm32f4xx_hal_tim_ex.o(i.HAL_TIMEx_PWMN_Start), (36 bytes).
    Removing stm32f4xx_hal_tim_ex.o(i.HAL_TIMEx_PWMN_Start_DMA), (220 bytes).
    Removing stm32f4xx_hal_tim_ex.o(i.HAL_TIMEx_PWMN_Start_IT), (96 bytes).
    Removing stm32f4xx_hal_tim_ex.o(i.HAL_TIMEx_PWMN_Stop), (68 bytes).
    Removing stm32f4xx_hal_tim_ex.o(i.HAL_TIMEx_PWMN_Stop_DMA), (124 bytes).
    Removing stm32f4xx_hal_tim_ex.o(i.HAL_TIMEx_PWMN_Stop_IT), (134 bytes).
    Removing stm32f4xx_hal_tim_ex.o(i.HAL_TIMEx_RemapConfig), (34 bytes).
    Removing stm32f4xx_hal_tim_ex.o(i.TIMEx_DMACommutationCplt), (16 bytes).
    Removing stm32f4xx_hal_tim_ex.o(i.TIM_CCxNChannelCmd), (22 bytes).
    Removing delay.o(.rev16_text), (4 bytes).
    Removing delay.o(.revsh_text), (4 bytes).
    Removing delay.o(.rrx_text), (6 bytes).
    Removing delay.o(i.delay_init), (20 bytes).
    Removing delay.o(i.delay_ms), (26 bytes).
    Removing sys.o(.rev16_text), (4 bytes).
    Removing sys.o(.revsh_text), (4 bytes).
    Removing sys.o(.rrx_text), (6 bytes).
    Removing led.o(.rev16_text), (4 bytes).
    Removing led.o(.revsh_text), (4 bytes).
    Removing led.o(.rrx_text), (6 bytes).
    Removing led.o(i.LED_Init), (72 bytes).
    Removing led.o(i.LED_set), (24 bytes).
    Removing key.o(.rev16_text), (4 bytes).
    Removing key.o(.revsh_text), (4 bytes).
    Removing key.o(.rrx_text), (6 bytes).
    Removing key.o(i.KEY_Init), (2 bytes).
    Removing key.o(i.KEY_Scan), (4 bytes).
    Removing m8266hostif_stm32xx.o(.rev16_text), (4 bytes).
    Removing m8266hostif_stm32xx.o(.revsh_text), (4 bytes).
    Removing m8266hostif_stm32xx.o(.rrx_text), (6 bytes).
    Removing m8266hostif_stm32xx.o(i.M8266HostIf_SPI_ReadWriteByte), (32 bytes).
    Removing m8266wifi_ops.o(.rev16_text), (4 bytes).
    Removing m8266wifi_ops.o(.revsh_text), (4 bytes).
    Removing m8266wifi_ops.o(.rrx_text), (6 bytes).
    Removing m8266wifi_ops.o(i.M8266WIFI_Config_Connection_via_SPI), (28 bytes).
    Removing m8266wifi_ops.o(i.M8266WIFI_Sleep_Module), (20 bytes).
    Removing m8266wifi_ops.o(i.M8266WIFI_Sleep_module_for_some_time_and_then_wakeup_automatically), (46 bytes).
    Removing m8266wifi_ops.o(i.M8266WIFI_Wakeup_Module), (4 bytes).
    Removing test_m8266wifi.o(.rev16_text), (4 bytes).
    Removing test_m8266wifi.o(.revsh_text), (4 bytes).
    Removing test_m8266wifi.o(.rrx_text), (6 bytes).
    Removing system_stm32f4xx.o(.rev16_text), (4 bytes).
    Removing system_stm32f4xx.o(.revsh_text), (4 bytes).
    Removing system_stm32f4xx.o(.rrx_text), (6 bytes).
    Removing system_stm32f4xx.o(i.SystemCoreClockUpdate), (120 bytes).
    Removing system_stm32f4xx.o(.constdata), (16 bytes).
    Removing system_stm32f4xx.o(.constdata), (8 bytes).
    Removing main.o(.rev16_text), (4 bytes).
    Removing main.o(.revsh_text), (4 bytes).
    Removing main.o(.rrx_text), (6 bytes).
    Removing M8266WIFIDrv_STM32F4xx.o(.text.7), (188 bytes).
    Removing M8266WIFIDrv_STM32F4xx.o(.text.11), (196 bytes).
    Removing M8266WIFIDrv_STM32F4xx.o(.text.14), (260 bytes).
    Removing M8266WIFIDrv_STM32F4xx.o(.text.17), (184 bytes).
    Removing M8266WIFIDrv_STM32F4xx.o(.text.19), (108 bytes).
    Removing M8266WIFIDrv_STM32F4xx.o(.text.16), (244 bytes).
    Removing M8266WIFIDrv_STM32F4xx.o(.text.M8266WIFI_SPI_RecvData_ex), (4 bytes).
    Removing M8266WIFIDrv_STM32F4xx.o(.text.M8266WIFI_SPI_STA_Fetch_Last_Scanned_Signals), (300 bytes).
    Removing M8266WIFIDrv_STM32F4xx.o(.text.21), (664 bytes).
    Removing M8266WIFIDrv_STM32F4xx.o(.text.M8266WIFI_SPI_STA_ScanSignals), (40 bytes).
    Removing M8266WIFIDrv_STM32F4xx.o(.text.M8266WIFI_SPI_STA_ScanSignalBySsid), (76 bytes).
    Removing M8266WIFIDrv_STM32F4xx.o(.text.M8266WIFI_SPI_STA_ScanSignalByBssid), (76 bytes).
    Removing M8266WIFIDrv_STM32F4xx.o(.text.M8266WIFI_SPI_Config_STA_StaticIpAddr), (164 bytes).
    Removing M8266WIFIDrv_STM32F4xx.o(.text.M8266WIFI_SPI_Enable_STA_Dhcpc), (56 bytes).
    Removing M8266WIFIDrv_STM32F4xx.o(.text.M8266WIFI_SPI_Query_AP_Param), (22 bytes).
    Removing M8266WIFIDrv_STM32F4xx.o(.text.M8266WIFI_SPI_Op_Multicuast_Group), (244 bytes).
    Removing M8266WIFIDrv_STM32F4xx.o(.text.M8266WIFI_SPI_Config_AP_Param), (24 bytes).
    Removing M8266WIFIDrv_STM32F4xx.o(.text.M8266WIFI_SPI_Config_AP), (404 bytes).
    Removing M8266WIFIDrv_STM32F4xx.o(.text.M8266WIFI_SPI_AP_List_STAs_Info), (304 bytes).
    Removing M8266WIFIDrv_STM32F4xx.o(.text.M8266WIFI_SPI_AP_Permit_Block_A_STA), (188 bytes).
    Removing M8266WIFIDrv_STM32F4xx.o(.text.M8266WIFI_SPI_AP_Config_PermitBlock_List), (208 bytes).
    Removing M8266WIFIDrv_STM32F4xx.o(.text.M8266WIFI_SPI_AP_Query_PermitBlock_List), (296 bytes).
    Removing M8266WIFIDrv_STM32F4xx.o(.text.M8266WIFI_SPI_Query_STA_Param), (200 bytes).
    Removing M8266WIFIDrv_STM32F4xx.o(.text.M8266WIFI_SPI_Query_STA_Dhcpc), (52 bytes).
    Removing M8266WIFIDrv_STM32F4xx.o(.text.M8266WIFI_SPI_DoModuleSmartConfig), (424 bytes).
    Removing M8266WIFIDrv_STM32F4xx.o(.text.M8266WIFI_SPI_StartWpsConfig), (84 bytes).
    Removing M8266WIFIDrv_STM32F4xx.o(.text.M8266WIFI_SPI_Disconnect_Connection), (48 bytes).
    Removing M8266WIFIDrv_STM32F4xx.o(.text.M8266WIFI_SPI_Disconnect_TcpClient), (64 bytes).
    Removing M8266WIFIDrv_STM32F4xx.o(.text.M8266WIFI_SPI_List_Clients_On_A_TCP_Server), (184 bytes).
    Removing M8266WIFIDrv_STM32F4xx.o(.text.M8266WIFI_SPI_Config_Tcp_Option), (24 bytes).
    Removing M8266WIFIDrv_STM32F4xx.o(.text.M8266WIFI_SPI_Query_Max_Clients_Allowed_To_A_Tcp_Server), (68 bytes).
    Removing M8266WIFIDrv_STM32F4xx.o(.text.M8266WIFI_SPI_Config_Max_Clients_Allowed_To_A_Tcp_Server), (56 bytes).
    Removing M8266WIFIDrv_STM32F4xx.o(.text.M8266WIFI_SPI_Query_Tcp_KeepAlive), (54 bytes).
    Removing M8266WIFIDrv_STM32F4xx.o(.text.M8266WIFI_SPI_Enbale_Tcp_KeepAlive), (34 bytes).
    Removing M8266WIFIDrv_STM32F4xx.o(.text.M8266WIFI_SPI_Query_Last_Tcp_Disconnect_Cause), (26 bytes).
    Removing M8266WIFIDrv_STM32F4xx.o(.text.M8266WIFI_SPI_Query_Tcp_Send_Retry_Max), (26 bytes).
    Removing M8266WIFIDrv_STM32F4xx.o(.text.M8266WIFI_SPI_Query_Tcp_Mss), (122 bytes).
    Removing M8266WIFIDrv_STM32F4xx.o(.text.M8266WIFI_SPI_Query_Tcp_Window_num), (26 bytes).
    Removing M8266WIFIDrv_STM32F4xx.o(.text.M8266WIFI_SPI_Send_BlockData), (304 bytes).
    Removing M8266WIFIDrv_STM32F4xx.o(.text.M8266WIFI_SPI_Config_Tcp_Retran_Max), (24 bytes).
    Removing M8266WIFIDrv_STM32F4xx.o(.text.M8266WIFI_SPI_Query_Buff_Data_Invalid_Time_After_Disconnect), (26 bytes).
    Removing M8266WIFIDrv_STM32F4xx.o(.text.M8266WIFI_SPI_Config_Buff_Data_Invalid_Time_After_Disconnect), (24 bytes).
    Removing M8266WIFIDrv_STM32F4xx.o(.text.M8266WIFI_SPI_Get_STA_Hostname), (164 bytes).
    Removing M8266WIFIDrv_STM32F4xx.o(.text.M8266WIFI_SPI_Set_STA_Hostname), (248 bytes).
    Removing M8266WIFIDrv_STM32F4xx.o(.text.M8266WIFI_SPI_Set_Tx_Max_Power), (102 bytes).
    Removing M8266WIFIDrv_STM32F4xx.o(.text.M8266WIFI_SPI_Sleep_Module), (128 bytes).
    Removing M8266WIFIDrv_STM32F4xx.o(.text.M8266WIFI_SPI_Module_Query_Uart_Txd_Rxd_Enability), (128 bytes).
    Removing M8266WIFIDrv_STM32F4xx.o(.text.M8266WIFI_SPI_Module_Uart_Txd_Rxd_Disable), (136 bytes).
    Removing M8266WIFIDrv_STM32F4xx.o(.text.M8266WIFI_SPI_Module_Query_LedsFlashOnBoot), (124 bytes).
    Removing M8266WIFIDrv_STM32F4xx.o(.text.M8266WIFI_SPI_Module_Config_LedsFlashOnBoot), (120 bytes).
    Removing M8266WIFIDrv_STM32F4xx.o(.text.M8266WIFI_SPI_Module_Query_Wifi_Inidcator), (160 bytes).
    Removing M8266WIFIDrv_STM32F4xx.o(.text.M8266WIFI_SPI_Module_Config_Wifi_Inidcator), (160 bytes).
    Removing M8266WIFIDrv_STM32F4xx.o(.text.M8266WIFI_SPI_Module_Query_Wifi_Rx_Interrupt_Trigger), (176 bytes).
    Removing M8266WIFIDrv_STM32F4xx.o(.text.M8266WIFI_SPI_Module_Config_Wifi_Rx_Interrupt_Trigger), (168 bytes).
    Removing M8266WIFIDrv_STM32F4xx.o(.text.M8266WIFI_SPI_Query_Module_Gpio_Mode), (144 bytes).
    Removing M8266WIFIDrv_STM32F4xx.o(.text.M8266WIFI_SPI_Config_Module_Gpio_Mode), (144 bytes).
    Removing M8266WIFIDrv_STM32F4xx.o(.text.M8266WIFI_SPI_Read_Module_Gpio), (148 bytes).
    Removing M8266WIFIDrv_STM32F4xx.o(.text.M8266WIFI_SPI_Write_Module_Gpio), (160 bytes).
    Removing M8266WIFIDrv_STM32F4xx.o(.text.M8266WIFI_SPI_Read_Module_Adc), (140 bytes).
    Removing M8266WIFIDrv_STM32F4xx.o(.text.M8266WIFI_SPI_Read_On_Module_Flash), (216 bytes).
    Removing M8266WIFIDrv_STM32F4xx.o(.text.M8266WIFI_SPI_Write_On_Module_Flash), (248 bytes).
    Removing M8266WIFIDrv_STM32F4xx.o(.text.M8266WIFI_SPI_Store_SSL_Certificates), (200 bytes).
    Removing M8266WIFIDrv_STM32F4xx.o(.text.M8266WIFI_SPI_Query_Freq_Offset), (8 bytes).
    Removing M8266WIFIDrv_STM32F4xx.o(.text.M8266WIFI_SPI_Update_Freq_Offset), (24 bytes).
    Removing M8266WIFIDrv_STM32F4xx.o(.text.M8266WIFI_SPI_Restore_Module_to_Default), (108 bytes).
    Removing M8266WIFIDrv_STM32F4xx.o(.text.M8266WIFI_SPI_Reset_Module), (136 bytes).
    Removing M8266WIFIDrv_STM32F4xx.o(.text.M8266WIFI_SPI_Set_WebServer), (18 bytes).
    Removing M8266WIFIDrv_STM32F4xx.o(.text.M8266WIFI_SPI_Query_Web_Server_Info), (224 bytes).
    Removing M8266WIFIDrv_STM32F4xx.o(.text.M8266WIFI_SPI_Set_WebServer_OpRightCode), (112 bytes).
    Removing M8266WIFIDrv_STM32F4xx.o(.text.M8266WIFI_SPI_Enable_Web_Advertise), (108 bytes).
    Removing M8266WIFIDrv_STM32F4xx.o(.text.M8266WIFI_SPI_Enable_Wap_Style), (120 bytes).
    Removing M8266WIFIDrv_STM32F4xx.o(.text.M8266WIFI_SPI_Query_Wap_Style), (120 bytes).
    Removing M8266WIFIDrv_STM32F4xx.o(.text.M8266WIFI_SPI_Set_Web_CLogo), (160 bytes).
    Removing M8266WIFIDrv_STM32F4xx.o(.text.M8266WIFI_SPI_StartDns), (124 bytes).
    Removing M8266WIFIDrv_STM32F4xx.o(.text.M8266WIFI_SPI_QueryDns), (128 bytes).
    Removing M8266WIFIDrv_STM32F4xx.o(.text.M8266WIFI_SPI_Module_OTA_UserImg_Query), (100 bytes).
    Removing M8266WIFIDrv_STM32F4xx.o(.text.M8266WIFI_SPI_Module_OTA_UserImg_Select), (132 bytes).
    Removing M8266WIFIDrv_STM32F4xx.o(.text.M8266WIFI_SPI_Module_OTA_Start_Ota), (148 bytes).
    Removing M8266WIFIDrv_STM32F4xx.o(.text.M8266WIFI_SPI_Module_OTA), (308 bytes).
    Removing M8266WIFIDrv_STM32F4xx.o(.text.M8266WIFI_SPI_Get_Driver_Info), (40 bytes).

423 unused section(s) (total 32022 bytes) removed from the image.

==============================================================================

Image Symbol Table

    Local Symbols

    Symbol Name                              Value     Ov Type        Size  Object(Section)

    ../clib/angel/boardlib.s                 0x00000000   Number         0  boardinit1.o ABSOLUTE
    ../clib/angel/boardlib.s                 0x00000000   Number         0  boardinit2.o ABSOLUTE
    ../clib/angel/boardlib.s                 0x00000000   Number         0  boardinit3.o ABSOLUTE
    ../clib/angel/boardlib.s                 0x00000000   Number         0  boardshut.o ABSOLUTE
    ../clib/angel/handlers.s                 0x00000000   Number         0  __scatter_zi.o ABSOLUTE
    ../clib/angel/handlers.s                 0x00000000   Number         0  __scatter_copy.o ABSOLUTE
    ../clib/angel/kernel.s                   0x00000000   Number         0  __rtentry.o ABSOLUTE
    ../clib/angel/kernel.s                   0x00000000   Number         0  rtexit.o ABSOLUTE
    ../clib/angel/kernel.s                   0x00000000   Number         0  __rtentry2.o ABSOLUTE
    ../clib/angel/kernel.s                   0x00000000   Number         0  __rtentry4.o ABSOLUTE
    ../clib/angel/kernel.s                   0x00000000   Number         0  rtexit2.o ABSOLUTE
    ../clib/angel/rt.s                       0x00000000   Number         0  rt_raise.o ABSOLUTE
    ../clib/angel/scatter.s                  0x00000000   Number         0  __scatter.o ABSOLUTE
    ../clib/angel/startup.s                  0x00000000   Number         0  __main.o ABSOLUTE
    ../clib/angel/sys.s                      0x00000000   Number         0  sys_stackheap_outer.o ABSOLUTE
    ../clib/angel/sys.s                      0x00000000   Number         0  libspace.o ABSOLUTE
    ../clib/angel/sys.s                      0x00000000   Number         0  indicate_semi.o ABSOLUTE
    ../clib/angel/sys.s                      0x00000000   Number         0  use_no_semi.o ABSOLUTE
    ../clib/angel/sysapp.c                   0x00000000   Number         0  sys_command.o ABSOLUTE
    ../clib/angel/sysapp.c                   0x00000000   Number         0  sys_wrch.o ABSOLUTE
    ../clib/angel/sysapp.c                   0x00000000   Number         0  sys_exit.o ABSOLUTE
    ../clib/armsys.c                         0x00000000   Number         0  argv_veneer.o ABSOLUTE
    ../clib/armsys.c                         0x00000000   Number         0  no_argv.o ABSOLUTE
    ../clib/armsys.c                         0x00000000   Number         0  _get_argv_nomalloc.o ABSOLUTE
    ../clib/armsys.c                         0x00000000   Number         0  argv_veneer.o ABSOLUTE
    ../clib/heapalloc.c                      0x00000000   Number         0  hrguard.o ABSOLUTE
    ../clib/heapaux.c                        0x00000000   Number         0  heapauxi.o ABSOLUTE
    ../clib/libinit.s                        0x00000000   Number         0  libshutdown2.o ABSOLUTE
    ../clib/libinit.s                        0x00000000   Number         0  libinit.o ABSOLUTE
    ../clib/libinit.s                        0x00000000   Number         0  libinit2.o ABSOLUTE
    ../clib/libinit.s                        0x00000000   Number         0  libshutdown.o ABSOLUTE
    ../clib/memcpset.s                       0x00000000   Number         0  strcmpv7m.o ABSOLUTE
    ../clib/signal.c                         0x00000000   Number         0  defsig_general.o ABSOLUTE
    ../clib/signal.c                         0x00000000   Number         0  defsig_other.o ABSOLUTE
    ../clib/signal.c                         0x00000000   Number         0  defsig_rtmem_formal.o ABSOLUTE
    ../clib/signal.c                         0x00000000   Number         0  __raise.o ABSOLUTE
    ../clib/signal.c                         0x00000000   Number         0  defsig_rtmem_inner.o ABSOLUTE
    ../clib/signal.c                         0x00000000   Number         0  defsig_exit.o ABSOLUTE
    ../clib/signal.c                         0x00000000   Number         0  defsig_abrt_inner.o ABSOLUTE
    ../clib/signal.c                         0x00000000   Number         0  defsig_segv_inner.o ABSOLUTE
    ../clib/signal.c                         0x00000000   Number         0  defsig_cppl_inner.o ABSOLUTE
    ../clib/signal.c                         0x00000000   Number         0  defsig_rtmem_outer.o ABSOLUTE
    ../clib/signal.c                         0x00000000   Number         0  defsig_pvfn_inner.o ABSOLUTE
    ../clib/signal.c                         0x00000000   Number         0  defsig_stak_inner.o ABSOLUTE
    ../clib/signal.c                         0x00000000   Number         0  defsig_rtred_inner.o ABSOLUTE
    ../clib/signal.c                         0x00000000   Number         0  defsig_fpe_inner.o ABSOLUTE
    ../clib/signal.s                         0x00000000   Number         0  defsig.o ABSOLUTE
    ../clib/stdlib.c                         0x00000000   Number         0  exit.o ABSOLUTE
    ../fplib/fpinit.s                        0x00000000   Number         0  fpinit.o ABSOLUTE
    CORE\startup_stm32f407xx.s               0x00000000   Number         0  startup_stm32f407xx.o ABSOLUTE
    HARDWARE\KEY\key.c                       0x00000000   Number         0  key.o ABSOLUTE
    HARDWARE\LED\led.c                       0x00000000   Number         0  led.o ABSOLUTE
    HARDWARE\\KEY\\key.c                     0x00000000   Number         0  key.o ABSOLUTE
    HARDWARE\\LED\\led.c                     0x00000000   Number         0  led.o ABSOLUTE
    M8266WIFI\M8266HostIf_STM32xx.c          0x00000000   Number         0  m8266hostif_stm32xx.o ABSOLUTE
    M8266WIFI\M8266WIFI_ops.c                0x00000000   Number         0  m8266wifi_ops.o ABSOLUTE
    M8266WIFI\\M8266HostIf_STM32xx.c         0x00000000   Number         0  m8266hostif_stm32xx.o ABSOLUTE
    M8266WIFI\\M8266WIFI_ops.c               0x00000000   Number         0  m8266wifi_ops.o ABSOLUTE
    M8266WIFI\\test_m8266wifi.c              0x00000000   Number         0  test_m8266wifi.o ABSOLUTE
    M8266WIFI\test_m8266wifi.c               0x00000000   Number         0  test_m8266wifi.o ABSOLUTE
    STM32F4xx_HAL_Driver\Src\stm32f4xx_hal.c 0x00000000   Number         0  stm32f4xx_hal.o ABSOLUTE
    STM32F4xx_HAL_Driver\Src\stm32f4xx_hal_cortex.c 0x00000000   Number         0  stm32f4xx_hal_cortex.o ABSOLUTE
    STM32F4xx_HAL_Driver\Src\stm32f4xx_hal_dma.c 0x00000000   Number         0  stm32f4xx_hal_dma.o ABSOLUTE
    STM32F4xx_HAL_Driver\Src\stm32f4xx_hal_gpio.c 0x00000000   Number         0  stm32f4xx_hal_gpio.o ABSOLUTE
    STM32F4xx_HAL_Driver\Src\stm32f4xx_hal_pwr.c 0x00000000   Number         0  stm32f4xx_hal_pwr.o ABSOLUTE
    STM32F4xx_HAL_Driver\Src\stm32f4xx_hal_pwr_ex.c 0x00000000   Number         0  stm32f4xx_hal_pwr_ex.o ABSOLUTE
    STM32F4xx_HAL_Driver\Src\stm32f4xx_hal_rcc.c 0x00000000   Number         0  stm32f4xx_hal_rcc.o ABSOLUTE
    STM32F4xx_HAL_Driver\Src\stm32f4xx_hal_spi.c 0x00000000   Number         0  stm32f4xx_hal_spi.o ABSOLUTE
    STM32F4xx_HAL_Driver\Src\stm32f4xx_hal_tim.c 0x00000000   Number         0  stm32f4xx_hal_tim.o ABSOLUTE
    STM32F4xx_HAL_Driver\Src\stm32f4xx_hal_tim_ex.c 0x00000000   Number         0  stm32f4xx_hal_tim_ex.o ABSOLUTE
    STM32F4xx_HAL_Driver\\Src\\stm32f4xx_hal.c 0x00000000   Number         0  stm32f4xx_hal.o ABSOLUTE
    STM32F4xx_HAL_Driver\\Src\\stm32f4xx_hal_cortex.c 0x00000000   Number         0  stm32f4xx_hal_cortex.o ABSOLUTE
    STM32F4xx_HAL_Driver\\Src\\stm32f4xx_hal_dma.c 0x00000000   Number         0  stm32f4xx_hal_dma.o ABSOLUTE
    STM32F4xx_HAL_Driver\\Src\\stm32f4xx_hal_gpio.c 0x00000000   Number         0  stm32f4xx_hal_gpio.o ABSOLUTE
    STM32F4xx_HAL_Driver\\Src\\stm32f4xx_hal_pwr.c 0x00000000   Number         0  stm32f4xx_hal_pwr.o ABSOLUTE
    STM32F4xx_HAL_Driver\\Src\\stm32f4xx_hal_pwr_ex.c 0x00000000   Number         0  stm32f4xx_hal_pwr_ex.o ABSOLUTE
    STM32F4xx_HAL_Driver\\Src\\stm32f4xx_hal_rcc.c 0x00000000   Number         0  stm32f4xx_hal_rcc.o ABSOLUTE
    STM32F4xx_HAL_Driver\\Src\\stm32f4xx_hal_spi.c 0x00000000   Number         0  stm32f4xx_hal_spi.o ABSOLUTE
    STM32F4xx_HAL_Driver\\Src\\stm32f4xx_hal_tim.c 0x00000000   Number         0  stm32f4xx_hal_tim.o ABSOLUTE
    STM32F4xx_HAL_Driver\\Src\\stm32f4xx_hal_tim_ex.c 0x00000000   Number         0  stm32f4xx_hal_tim_ex.o ABSOLUTE
    SYSTEM\\delay.c                          0x00000000   Number         0  delay.o ABSOLUTE
    SYSTEM\\sys.c                            0x00000000   Number         0  sys.o ABSOLUTE
    SYSTEM\delay.c                           0x00000000   Number         0  delay.o ABSOLUTE
    SYSTEM\sys.c                             0x00000000   Number         0  sys.o ABSOLUTE
    USER\\main.c                             0x00000000   Number         0  main.o ABSOLUTE
    USER\\system_stm32f4xx.c                 0x00000000   Number         0  system_stm32f4xx.o ABSOLUTE
    USER\main.c                              0x00000000   Number         0  main.o ABSOLUTE
    USER\system_stm32f4xx.c                  0x00000000   Number         0  system_stm32f4xx.o ABSOLUTE
    dc.s                                     0x00000000   Number         0  dc.o ABSOLUTE
    RESET                                    0x08000000   Section      392  startup_stm32f407xx.o(RESET)
    !!!main                                  0x08000188   Section        8  __main.o(!!!main)
    !!!scatter                               0x08000190   Section       52  __scatter.o(!!!scatter)
    !!handler_copy                           0x080001c4   Section       26  __scatter_copy.o(!!handler_copy)
    !!handler_zi                             0x080001e0   Section       28  __scatter_zi.o(!!handler_zi)
    .ARM.Collect$$libinit$$00000000          0x080001fc   Section        2  libinit.o(.ARM.Collect$$libinit$$00000000)
    .ARM.Collect$$libinit$$00000001          0x080001fe   Section        4  libinit2.o(.ARM.Collect$$libinit$$00000001)
    .ARM.Collect$$libinit$$00000004          0x08000202   Section        0  libinit2.o(.ARM.Collect$$libinit$$00000004)
    .ARM.Collect$$libinit$$0000000A          0x08000202   Section        0  libinit2.o(.ARM.Collect$$libinit$$0000000A)
    .ARM.Collect$$libinit$$0000000C          0x08000202   Section        0  libinit2.o(.ARM.Collect$$libinit$$0000000C)
    .ARM.Collect$$libinit$$0000000E          0x08000202   Section        0  libinit2.o(.ARM.Collect$$libinit$$0000000E)
    .ARM.Collect$$libinit$$00000011          0x08000202   Section        0  libinit2.o(.ARM.Collect$$libinit$$00000011)
    .ARM.Collect$$libinit$$00000013          0x08000202   Section        0  libinit2.o(.ARM.Collect$$libinit$$00000013)
    .ARM.Collect$$libinit$$00000015          0x08000202   Section        0  libinit2.o(.ARM.Collect$$libinit$$00000015)
    .ARM.Collect$$libinit$$00000017          0x08000202   Section        0  libinit2.o(.ARM.Collect$$libinit$$00000017)
    .ARM.Collect$$libinit$$00000019          0x08000202   Section        0  libinit2.o(.ARM.Collect$$libinit$$00000019)
    .ARM.Collect$$libinit$$0000001B          0x08000202   Section        0  libinit2.o(.ARM.Collect$$libinit$$0000001B)
    .ARM.Collect$$libinit$$0000001D          0x08000202   Section        0  libinit2.o(.ARM.Collect$$libinit$$0000001D)
    .ARM.Collect$$libinit$$0000001F          0x08000202   Section        0  libinit2.o(.ARM.Collect$$libinit$$0000001F)
    .ARM.Collect$$libinit$$00000021          0x08000202   Section        0  libinit2.o(.ARM.Collect$$libinit$$00000021)
    .ARM.Collect$$libinit$$00000023          0x08000202   Section        0  libinit2.o(.ARM.Collect$$libinit$$00000023)
    .ARM.Collect$$libinit$$00000025          0x08000202   Section        0  libinit2.o(.ARM.Collect$$libinit$$00000025)
    .ARM.Collect$$libinit$$0000002C          0x08000202   Section        0  libinit2.o(.ARM.Collect$$libinit$$0000002C)
    .ARM.Collect$$libinit$$0000002E          0x08000202   Section        0  libinit2.o(.ARM.Collect$$libinit$$0000002E)
    .ARM.Collect$$libinit$$00000030          0x08000202   Section        0  libinit2.o(.ARM.Collect$$libinit$$00000030)
    .ARM.Collect$$libinit$$00000032          0x08000202   Section        0  libinit2.o(.ARM.Collect$$libinit$$00000032)
    .ARM.Collect$$libinit$$00000033          0x08000202   Section        2  libinit2.o(.ARM.Collect$$libinit$$00000033)
    .ARM.Collect$$libshutdown$$00000000      0x08000204   Section        2  libshutdown.o(.ARM.Collect$$libshutdown$$00000000)
    .ARM.Collect$$libshutdown$$00000002      0x08000206   Section        0  libshutdown2.o(.ARM.Collect$$libshutdown$$00000002)
    .ARM.Collect$$libshutdown$$00000004      0x08000206   Section        0  libshutdown2.o(.ARM.Collect$$libshutdown$$00000004)
    .ARM.Collect$$libshutdown$$00000007      0x08000206   Section        0  libshutdown2.o(.ARM.Collect$$libshutdown$$00000007)
    .ARM.Collect$$libshutdown$$0000000A      0x08000206   Section        0  libshutdown2.o(.ARM.Collect$$libshutdown$$0000000A)
    .ARM.Collect$$libshutdown$$0000000C      0x08000206   Section        0  libshutdown2.o(.ARM.Collect$$libshutdown$$0000000C)
    .ARM.Collect$$libshutdown$$0000000F      0x08000206   Section        0  libshutdown2.o(.ARM.Collect$$libshutdown$$0000000F)
    .ARM.Collect$$libshutdown$$00000010      0x08000206   Section        2  libshutdown2.o(.ARM.Collect$$libshutdown$$00000010)
    .ARM.Collect$$rtentry$$00000000          0x08000208   Section        0  __rtentry.o(.ARM.Collect$$rtentry$$00000000)
    .ARM.Collect$$rtentry$$00000002          0x08000208   Section        0  __rtentry2.o(.ARM.Collect$$rtentry$$00000002)
    .ARM.Collect$$rtentry$$00000004          0x08000208   Section        6  __rtentry4.o(.ARM.Collect$$rtentry$$00000004)
    .ARM.Collect$$rtentry$$00000009          0x0800020e   Section        0  __rtentry2.o(.ARM.Collect$$rtentry$$00000009)
    .ARM.Collect$$rtentry$$0000000A          0x0800020e   Section        4  __rtentry2.o(.ARM.Collect$$rtentry$$0000000A)
    .ARM.Collect$$rtentry$$0000000C          0x08000212   Section        0  __rtentry2.o(.ARM.Collect$$rtentry$$0000000C)
    .ARM.Collect$$rtentry$$0000000D          0x08000212   Section        8  __rtentry2.o(.ARM.Collect$$rtentry$$0000000D)
    .ARM.Collect$$rtexit$$00000000           0x0800021a   Section        2  rtexit.o(.ARM.Collect$$rtexit$$00000000)
    .ARM.Collect$$rtexit$$00000002           0x0800021c   Section        0  rtexit2.o(.ARM.Collect$$rtexit$$00000002)
    .ARM.Collect$$rtexit$$00000003           0x0800021c   Section        4  rtexit2.o(.ARM.Collect$$rtexit$$00000003)
    .ARM.Collect$$rtexit$$00000004           0x08000220   Section        6  rtexit2.o(.ARM.Collect$$rtexit$$00000004)
    .text                                    0x08000228   Section       64  startup_stm32f407xx.o(.text)
    $v0                                      0x08000228   Number         0  startup_stm32f407xx.o(.text)
    [Anonymous Symbol]                       0x08000268   Section        0  M8266WIFIDrv_STM32F4xx.o(.text)
    M8266WIFI_SPI_ffwsbza                    0x08000301   Thumb Code    32  M8266WIFIDrv_STM32F4xx.o(.text)
    M8266WIFI_SPI_hjdxctmm                   0x08000321   Thumb Code    32  M8266WIFIDrv_STM32F4xx.o(.text)
    M8266WIFI_SPI_szbcxstf                   0x08000341   Thumb Code   156  M8266WIFIDrv_STM32F4xx.o(.text)
    M8266WIFI_SPI_ssut                       0x080003dd   Thumb Code   104  M8266WIFIDrv_STM32F4xx.o(.text)
    M8266WIFI_SPI_wscbf                      0x08000445   Thumb Code    60  M8266WIFIDrv_STM32F4xx.o(.text)
    M8266WIFI_SPI_twsfad                     0x08000481   Thumb Code    56  M8266WIFIDrv_STM32F4xx.o(.text)
    M8266WIFI_SPI_pirouaw                    0x080004b9   Thumb Code   180  M8266WIFIDrv_STM32F4xx.o(.text)
    M8266WIFI_SPI_gbcwzsrf.constprop.37      0x0800056d   Thumb Code   104  M8266WIFIDrv_STM32F4xx.o(.text)
    fvcp.constprop.38                        0x080005d5   Thumb Code    80  M8266WIFIDrv_STM32F4xx.o(.text)
    fvdnstap                                 0x08000625   Thumb Code    38  M8266WIFIDrv_STM32F4xx.o(.text)
    M8266WIFI_SPI_skbldxsjxe                 0x0800064b   Thumb Code   386  M8266WIFIDrv_STM32F4xx.o(.text)
    M8266WIFI_SPI_ssmd                       0x080007cd   Thumb Code   164  M8266WIFIDrv_STM32F4xx.o(.text)
    .text                                    0x080009bc   Section      128  strcmpv7m.o(.text)
    .text                                    0x08000a3c   Section        0  heapauxi.o(.text)
    .text                                    0x08000a42   Section       74  sys_stackheap_outer.o(.text)
    .text                                    0x08000a8c   Section        0  exit.o(.text)
    .text                                    0x08000aa0   Section        8  libspace.o(.text)
    .text                                    0x08000aa8   Section        0  sys_exit.o(.text)
    .text                                    0x08000ab4   Section        2  use_no_semi.o(.text)
    .text                                    0x08000ab6   Section        0  indicate_semi.o(.text)
    [Anonymous Symbol]                       0x08000ab8   Section        0  M8266WIFIDrv_STM32F4xx.o(.text.1)
    M8266WIFI_SPI_sdfal                      0x08000ab9   Thumb Code   788  M8266WIFIDrv_STM32F4xx.o(.text.1)
    [Anonymous Symbol]                       0x08000dcc   Section        0  M8266WIFIDrv_STM32F4xx.o(.text.12)
    M8266WIFI_SPI_qacal                      0x08000dcd   Thumb Code   274  M8266WIFIDrv_STM32F4xx.o(.text.12)
    [Anonymous Symbol]                       0x08000ede   Section        0  M8266WIFIDrv_STM32F4xx.o(.text.13)
    M8266WIFI_SPI_dlodc                      0x08000edf   Thumb Code   366  M8266WIFIDrv_STM32F4xx.o(.text.13)
    [Anonymous Symbol]                       0x0800104c   Section        0  M8266WIFIDrv_STM32F4xx.o(.text.15)
    M8266WIFI_SPI_ctpsp                      0x0800104d   Thumb Code   208  M8266WIFIDrv_STM32F4xx.o(.text.15)
    [Anonymous Symbol]                       0x0800111c   Section        0  M8266WIFIDrv_STM32F4xx.o(.text.4)
    M8266WIFI_SPI_xhjrlbedv.isra.16.constprop.35 0x0800111d   Thumb Code   640  M8266WIFIDrv_STM32F4xx.o(.text.4)
    [Anonymous Symbol]                       0x0800139c   Section        0  M8266WIFIDrv_STM32F4xx.o(.text.5)
    M8266WIFI_SPI_capstp                     0x0800139d   Thumb Code   244  M8266WIFIDrv_STM32F4xx.o(.text.5)
    [Anonymous Symbol]                       0x08001490   Section        0  M8266WIFIDrv_STM32F4xx.o(.text.9)
    M8266WIFI_SPI_sptdt                      0x08001491   Thumb Code   252  M8266WIFIDrv_STM32F4xx.o(.text.9)
    [Anonymous Symbol]                       0x0800158c   Section        0  M8266WIFIDrv_STM32F4xx.o(.text.M8266HostIf_SPI_Select)
    [Anonymous Symbol]                       0x08001678   Section        0  M8266WIFIDrv_STM32F4xx.o(.text.M8266WIFI_SPI_Config_STA_Param)
    [Anonymous Symbol]                       0x08001690   Section        0  M8266WIFIDrv_STM32F4xx.o(.text.M8266WIFI_SPI_Config_Tcp_Window_num)
    [Anonymous Symbol]                       0x080016a8   Section        0  M8266WIFIDrv_STM32F4xx.o(.text.M8266WIFI_SPI_Delete_Connection)
    [Anonymous Symbol]                       0x080016be   Section        0  M8266WIFIDrv_STM32F4xx.o(.text.M8266WIFI_SPI_Get_Module_Info)
    [Anonymous Symbol]                       0x0800175c   Section        0  M8266WIFIDrv_STM32F4xx.o(.text.M8266WIFI_SPI_Get_Opmode)
    [Anonymous Symbol]                       0x080017ac   Section        0  M8266WIFIDrv_STM32F4xx.o(.text.M8266WIFI_SPI_Get_STA_Connection_Status)
    [Anonymous Symbol]                       0x080017fc   Section        0  M8266WIFIDrv_STM32F4xx.o(.text.M8266WIFI_SPI_Get_STA_IP_Addr)
    [Anonymous Symbol]                       0x08001868   Section        0  M8266WIFIDrv_STM32F4xx.o(.text.M8266WIFI_SPI_Has_DataReceived)
    [Anonymous Symbol]                       0x0800187c   Section        0  M8266WIFIDrv_STM32F4xx.o(.text.M8266WIFI_SPI_Interface_Communication_OK)
    [Anonymous Symbol]                       0x080018c0   Section        0  M8266WIFIDrv_STM32F4xx.o(.text.M8266WIFI_SPI_Query_Connection)
    [Anonymous Symbol]                       0x08001992   Section        0  M8266WIFIDrv_STM32F4xx.o(.text.M8266WIFI_SPI_RecvData)
    [Anonymous Symbol]                       0x080019a8   Section        0  M8266WIFIDrv_STM32F4xx.o(.text.M8266WIFI_SPI_STA_Connect_Ap)
    [Anonymous Symbol]                       0x08001cec   Section        0  M8266WIFIDrv_STM32F4xx.o(.text.M8266WIFI_SPI_STA_DisConnect_Ap)
    [Anonymous Symbol]                       0x08001d64   Section        0  M8266WIFIDrv_STM32F4xx.o(.text.M8266WIFI_SPI_STA_Get_HostIP_by_HostName)
    [Anonymous Symbol]                       0x08002000   Section        0  M8266WIFIDrv_STM32F4xx.o(.text.M8266WIFI_SPI_STA_Query_Current_SSID_And_RSSI)
    [Anonymous Symbol]                       0x08002086   Section        0  M8266WIFIDrv_STM32F4xx.o(.text.M8266WIFI_SPI_Set_Opmode)
    [Anonymous Symbol]                       0x08002104   Section        0  M8266WIFIDrv_STM32F4xx.o(.text.M8266WIFI_SPI_Set_TcpServer_Auto_Discon_Timeout)
    [Anonymous Symbol]                       0x08002190   Section        0  M8266WIFIDrv_STM32F4xx.o(.text.M8266WIFI_SPI_Setup_Connection)
    i.HAL_GPIO_Init                          0x080023b8   Section        0  stm32f4xx_hal_gpio.o(i.HAL_GPIO_Init)
    i.HAL_GetREVID                           0x08002568   Section        0  stm32f4xx_hal.o(i.HAL_GetREVID)
    i.HAL_GetTick                            0x08002574   Section        0  stm32f4xx_hal.o(i.HAL_GetTick)
    i.HAL_IncTick                            0x08002580   Section        0  stm32f4xx_hal.o(i.HAL_IncTick)
    i.HAL_Init                               0x08002590   Section        0  stm32f4xx_hal.o(i.HAL_Init)
    i.HAL_InitTick                           0x080025c4   Section        0  stm32f4xx_hal.o(i.HAL_InitTick)
    i.HAL_MspInit                            0x080025ec   Section        0  stm32f4xx_hal.o(i.HAL_MspInit)
    i.HAL_NVIC_SetPriority                   0x080025f0   Section        0  stm32f4xx_hal_cortex.o(i.HAL_NVIC_SetPriority)
    i.HAL_NVIC_SetPriorityGrouping           0x08002630   Section        0  stm32f4xx_hal_cortex.o(i.HAL_NVIC_SetPriorityGrouping)
    i.HAL_RCC_ClockConfig                    0x08002654   Section        0  stm32f4xx_hal_rcc.o(i.HAL_RCC_ClockConfig)
    i.HAL_RCC_GetHCLKFreq                    0x080027d0   Section        0  stm32f4xx_hal_rcc.o(i.HAL_RCC_GetHCLKFreq)
    i.HAL_RCC_GetSysClockFreq                0x080027dc   Section        0  stm32f4xx_hal_rcc.o(i.HAL_RCC_GetSysClockFreq)
    i.HAL_RCC_OscConfig                      0x0800284c   Section        0  stm32f4xx_hal_rcc.o(i.HAL_RCC_OscConfig)
    i.HAL_SPI_Init                           0x08002b60   Section        0  stm32f4xx_hal_spi.o(i.HAL_SPI_Init)
    i.HAL_SPI_MspInit                        0x08002bec   Section        0  stm32f4xx_hal_spi.o(i.HAL_SPI_MspInit)
    i.HAL_SYSTICK_Callback                   0x08002bee   Section        0  stm32f4xx_hal_cortex.o(i.HAL_SYSTICK_Callback)
    i.HAL_SYSTICK_Config                     0x08002bf0   Section        0  stm32f4xx_hal_cortex.o(i.HAL_SYSTICK_Config)
    i.HAL_SYSTICK_IRQHandler                 0x08002c18   Section        0  stm32f4xx_hal_cortex.o(i.HAL_SYSTICK_IRQHandler)
    i.M8266HostIf_GPIO_CS_RESET_Init         0x08002c20   Section        0  m8266hostif_stm32xx.o(i.M8266HostIf_GPIO_CS_RESET_Init)
    i.M8266HostIf_Init                       0x08002c8c   Section        0  m8266hostif_stm32xx.o(i.M8266HostIf_Init)
    i.M8266HostIf_SPI_Init                   0x08002c9c   Section        0  m8266hostif_stm32xx.o(i.M8266HostIf_SPI_Init)
    i.M8266HostIf_SPI_SetSpeed               0x08002d34   Section        0  m8266hostif_stm32xx.o(i.M8266HostIf_SPI_SetSpeed)
    i.M8266HostIf_Set_SPI_nCS_Pin            0x08002d68   Section        0  m8266hostif_stm32xx.o(i.M8266HostIf_Set_SPI_nCS_Pin)
    i.M8266HostIf_Set_nRESET_Pin             0x08002d7c   Section        0  m8266hostif_stm32xx.o(i.M8266HostIf_Set_nRESET_Pin)
    i.M8266HostIf_delay_us                   0x08002d90   Section        0  m8266hostif_stm32xx.o(i.M8266HostIf_delay_us)
    i.M8266WIFI_Module_Hardware_Reset        0x08002d94   Section        0  m8266wifi_ops.o(i.M8266WIFI_Module_Hardware_Reset)
    i.M8266WIFI_Module_Init_Via_SPI          0x08002dd0   Section        0  m8266wifi_ops.o(i.M8266WIFI_Module_Init_Via_SPI)
    i.M8266WIFI_Module_delay_ms              0x08002ebc   Section        0  m8266wifi_ops.o(i.M8266WIFI_Module_delay_ms)
    i.M8266WIFI_SPI_wait_sta_connecting_to_ap_and_get_ip 0x08002ee0   Section        0  m8266wifi_ops.o(i.M8266WIFI_SPI_wait_sta_connecting_to_ap_and_get_ip)
    i.M8266WIFI_Test                         0x08002f2c   Section        0  test_m8266wifi.o(i.M8266WIFI_Test)
    i.NVIC_SetPriority                       0x08003044   Section        0  stm32f4xx_hal_cortex.o(i.NVIC_SetPriority)
    NVIC_SetPriority                         0x08003045   Thumb Code    32  stm32f4xx_hal_cortex.o(i.NVIC_SetPriority)
    i.SysTick_Handler                        0x08003064   Section        0  sys.o(i.SysTick_Handler)
    i.SystemClock_Config                     0x08003074   Section        0  sys.o(i.SystemClock_Config)
    i.SystemInit                             0x08003108   Section        0  system_stm32f4xx.o(i.SystemInit)
    i.delay_Init                             0x0800315c   Section        0  delay.o(i.delay_Init)
    i.delay_us                               0x08003178   Section        0  delay.o(i.delay_us)
    i.main                                   0x080031ac   Section        0  main.o(i.main)
    x$fpl$fpinit                             0x080031d4   Section       10  fpinit.o(x$fpl$fpinit)
    $v0                                      0x080031d4   Number         0  fpinit.o(x$fpl$fpinit)
    .constdata                               0x080031de   Section       16  stm32f4xx_hal_rcc.o(.constdata)
    [Anonymous Symbol]                       0x080031ee   Section        0  M8266WIFIDrv_STM32F4xx.o(.rodata)
    [Anonymous Symbol]                       0x0800320e   Section        0  M8266WIFIDrv_STM32F4xx.o(.rodata.str1.1)
    .data                                    0x20000000   Section        4  stm32f4xx_hal.o(.data)
    .data                                    0x20000004   Section        4  delay.o(.data)
    fac_us                                   0x20000004   Data           4  delay.o(.data)
    .data                                    0x20000008   Section        4  system_stm32f4xx.o(.data)
    [Anonymous Symbol]                       0x2000000c   Section        0  M8266WIFIDrv_STM32F4xx.o(.data)
    .bss                                     0x20000024   Section       88  m8266hostif_stm32xx.o(.bss)
    [Anonymous Symbol]                       0x2000007c   Section        0  M8266WIFIDrv_STM32F4xx.o(.bss)
    .bss                                     0x20000088   Section       96  libspace.o(.bss)
    HEAP                                     0x200000e8   Section      512  startup_stm32f407xx.o(HEAP)
    Heap_Mem                                 0x200000e8   Data         512  startup_stm32f407xx.o(HEAP)
    STACK                                    0x200002e8   Section     8192  startup_stm32f407xx.o(STACK)
    Stack_Mem                                0x200002e8   Data        8192  startup_stm32f407xx.o(STACK)
    __initial_sp                             0x200022e8   Data           0  startup_stm32f407xx.o(STACK)

    Global Symbols

    Symbol Name                              Value     Ov Type        Size  Object(Section)

    BuildAttributes$$THM_ISAv4$E$P$D$K$B$S$7EM$VFPi3$EXTD16$VFPS$VFMA$PE$A:L22UL41UL21$X:L11$S22US41US21$IEEE1$IW$USESV6$~STKCKD$USESV7$~SHL$OSPACE$ROPI$IEEEX$EBA8$UX$STANDARDLIB$REQ8$PRES8$EABIv2 0x00000000   Number         0  anon$$obj.o ABSOLUTE
    __ARM_use_no_argv                        0x00000000   Number         0  main.o ABSOLUTE
    __ARM_exceptions_init                     - Undefined Weak Reference
    __alloca_initialize                       - Undefined Weak Reference
    __arm_preinit_                            - Undefined Weak Reference
    __cpp_initialize__aeabi_                  - Undefined Weak Reference
    __cxa_finalize                            - Undefined Weak Reference
    __rt_locale                               - Undefined Weak Reference
    __sigvec_lookup                           - Undefined Weak Reference
    _atexit_init                              - Undefined Weak Reference
    _call_atexit_fns                          - Undefined Weak Reference
    _clock_init                               - Undefined Weak Reference
    _fp_trap_init                             - Undefined Weak Reference
    _fp_trap_shutdown                         - Undefined Weak Reference
    _get_lc_collate                           - Undefined Weak Reference
    _get_lc_ctype                             - Undefined Weak Reference
    _get_lc_monetary                          - Undefined Weak Reference
    _get_lc_numeric                           - Undefined Weak Reference
    _get_lc_time                              - Undefined Weak Reference
    _getenv_init                              - Undefined Weak Reference
    _handle_redirection                       - Undefined Weak Reference
    _init_alloc                               - Undefined Weak Reference
    _init_user_alloc                          - Undefined Weak Reference
    _initio                                   - Undefined Weak Reference
    _rand_init                                - Undefined Weak Reference
    _signal_finish                            - Undefined Weak Reference
    _signal_init                              - Undefined Weak Reference
    _terminate_alloc                          - Undefined Weak Reference
    _terminate_user_alloc                     - Undefined Weak Reference
    _terminateio                              - Undefined Weak Reference
    __Vectors_Size                           0x00000188   Number         0  startup_stm32f407xx.o ABSOLUTE
    __Vectors                                0x08000000   Data           4  startup_stm32f407xx.o(RESET)
    __Vectors_End                            0x08000188   Data           0  startup_stm32f407xx.o(RESET)
    __main                                   0x08000189   Thumb Code     8  __main.o(!!!main)
    __scatterload                            0x08000191   Thumb Code     0  __scatter.o(!!!scatter)
    __scatterload_rt2                        0x08000191   Thumb Code    44  __scatter.o(!!!scatter)
    __scatterload_rt2_thumb_only             0x08000191   Thumb Code     0  __scatter.o(!!!scatter)
    __scatterload_null                       0x0800019f   Thumb Code     0  __scatter.o(!!!scatter)
    __scatterload_copy                       0x080001c5   Thumb Code    26  __scatter_copy.o(!!handler_copy)
    __scatterload_zeroinit                   0x080001e1   Thumb Code    28  __scatter_zi.o(!!handler_zi)
    __rt_lib_init                            0x080001fd   Thumb Code     0  libinit.o(.ARM.Collect$$libinit$$00000000)
    __rt_lib_init_fp_1                       0x080001ff   Thumb Code     0  libinit2.o(.ARM.Collect$$libinit$$00000001)
    __rt_lib_init_alloca_1                   0x08000203   Thumb Code     0  libinit2.o(.ARM.Collect$$libinit$$0000002E)
    __rt_lib_init_argv_1                     0x08000203   Thumb Code     0  libinit2.o(.ARM.Collect$$libinit$$0000002C)
    __rt_lib_init_atexit_1                   0x08000203   Thumb Code     0  libinit2.o(.ARM.Collect$$libinit$$0000001B)
    __rt_lib_init_clock_1                    0x08000203   Thumb Code     0  libinit2.o(.ARM.Collect$$libinit$$00000021)
    __rt_lib_init_cpp_1                      0x08000203   Thumb Code     0  libinit2.o(.ARM.Collect$$libinit$$00000032)
    __rt_lib_init_exceptions_1               0x08000203   Thumb Code     0  libinit2.o(.ARM.Collect$$libinit$$00000030)
    __rt_lib_init_fp_trap_1                  0x08000203   Thumb Code     0  libinit2.o(.ARM.Collect$$libinit$$0000001F)
    __rt_lib_init_getenv_1                   0x08000203   Thumb Code     0  libinit2.o(.ARM.Collect$$libinit$$00000023)
    __rt_lib_init_heap_1                     0x08000203   Thumb Code     0  libinit2.o(.ARM.Collect$$libinit$$0000000A)
    __rt_lib_init_lc_collate_1               0x08000203   Thumb Code     0  libinit2.o(.ARM.Collect$$libinit$$00000011)
    __rt_lib_init_lc_ctype_1                 0x08000203   Thumb Code     0  libinit2.o(.ARM.Collect$$libinit$$00000013)
    __rt_lib_init_lc_monetary_1              0x08000203   Thumb Code     0  libinit2.o(.ARM.Collect$$libinit$$00000015)
    __rt_lib_init_lc_numeric_1               0x08000203   Thumb Code     0  libinit2.o(.ARM.Collect$$libinit$$00000017)
    __rt_lib_init_lc_time_1                  0x08000203   Thumb Code     0  libinit2.o(.ARM.Collect$$libinit$$00000019)
    __rt_lib_init_preinit_1                  0x08000203   Thumb Code     0  libinit2.o(.ARM.Collect$$libinit$$00000004)
    __rt_lib_init_rand_1                     0x08000203   Thumb Code     0  libinit2.o(.ARM.Collect$$libinit$$0000000E)
    __rt_lib_init_return                     0x08000203   Thumb Code     0  libinit2.o(.ARM.Collect$$libinit$$00000033)
    __rt_lib_init_signal_1                   0x08000203   Thumb Code     0  libinit2.o(.ARM.Collect$$libinit$$0000001D)
    __rt_lib_init_stdio_1                    0x08000203   Thumb Code     0  libinit2.o(.ARM.Collect$$libinit$$00000025)
    __rt_lib_init_user_alloc_1               0x08000203   Thumb Code     0  libinit2.o(.ARM.Collect$$libinit$$0000000C)
    __rt_lib_shutdown                        0x08000205   Thumb Code     0  libshutdown.o(.ARM.Collect$$libshutdown$$00000000)
    __rt_lib_shutdown_cpp_1                  0x08000207   Thumb Code     0  libshutdown2.o(.ARM.Collect$$libshutdown$$00000002)
    __rt_lib_shutdown_fp_trap_1              0x08000207   Thumb Code     0  libshutdown2.o(.ARM.Collect$$libshutdown$$00000007)
    __rt_lib_shutdown_heap_1                 0x08000207   Thumb Code     0  libshutdown2.o(.ARM.Collect$$libshutdown$$0000000F)
    __rt_lib_shutdown_return                 0x08000207   Thumb Code     0  libshutdown2.o(.ARM.Collect$$libshutdown$$00000010)
    __rt_lib_shutdown_signal_1               0x08000207   Thumb Code     0  libshutdown2.o(.ARM.Collect$$libshutdown$$0000000A)
    __rt_lib_shutdown_stdio_1                0x08000207   Thumb Code     0  libshutdown2.o(.ARM.Collect$$libshutdown$$00000004)
    __rt_lib_shutdown_user_alloc_1           0x08000207   Thumb Code     0  libshutdown2.o(.ARM.Collect$$libshutdown$$0000000C)
    __rt_entry                               0x08000209   Thumb Code     0  __rtentry.o(.ARM.Collect$$rtentry$$00000000)
    __rt_entry_presh_1                       0x08000209   Thumb Code     0  __rtentry2.o(.ARM.Collect$$rtentry$$00000002)
    __rt_entry_sh                            0x08000209   Thumb Code     0  __rtentry4.o(.ARM.Collect$$rtentry$$00000004)
    __rt_entry_li                            0x0800020f   Thumb Code     0  __rtentry2.o(.ARM.Collect$$rtentry$$0000000A)
    __rt_entry_postsh_1                      0x0800020f   Thumb Code     0  __rtentry2.o(.ARM.Collect$$rtentry$$00000009)
    __rt_entry_main                          0x08000213   Thumb Code     0  __rtentry2.o(.ARM.Collect$$rtentry$$0000000D)
    __rt_entry_postli_1                      0x08000213   Thumb Code     0  __rtentry2.o(.ARM.Collect$$rtentry$$0000000C)
    __rt_exit                                0x0800021b   Thumb Code     0  rtexit.o(.ARM.Collect$$rtexit$$00000000)
    __rt_exit_ls                             0x0800021d   Thumb Code     0  rtexit2.o(.ARM.Collect$$rtexit$$00000003)
    __rt_exit_prels_1                        0x0800021d   Thumb Code     0  rtexit2.o(.ARM.Collect$$rtexit$$00000002)
    __rt_exit_exit                           0x08000221   Thumb Code     0  rtexit2.o(.ARM.Collect$$rtexit$$00000004)
    Reset_Handler                            0x08000229   Thumb Code     8  startup_stm32f407xx.o(.text)
    NMI_Handler                              0x08000231   Thumb Code     2  startup_stm32f407xx.o(.text)
    HardFault_Handler                        0x08000233   Thumb Code     2  startup_stm32f407xx.o(.text)
    MemManage_Handler                        0x08000235   Thumb Code     2  startup_stm32f407xx.o(.text)
    BusFault_Handler                         0x08000237   Thumb Code     2  startup_stm32f407xx.o(.text)
    UsageFault_Handler                       0x08000239   Thumb Code     2  startup_stm32f407xx.o(.text)
    SVC_Handler                              0x0800023b   Thumb Code     2  startup_stm32f407xx.o(.text)
    DebugMon_Handler                         0x0800023d   Thumb Code     2  startup_stm32f407xx.o(.text)
    PendSV_Handler                           0x0800023f   Thumb Code     2  startup_stm32f407xx.o(.text)
    ADC_IRQHandler                           0x08000243   Thumb Code     0  startup_stm32f407xx.o(.text)
    CAN1_RX0_IRQHandler                      0x08000243   Thumb Code     0  startup_stm32f407xx.o(.text)
    CAN1_RX1_IRQHandler                      0x08000243   Thumb Code     0  startup_stm32f407xx.o(.text)
    CAN1_SCE_IRQHandler                      0x08000243   Thumb Code     0  startup_stm32f407xx.o(.text)
    CAN1_TX_IRQHandler                       0x08000243   Thumb Code     0  startup_stm32f407xx.o(.text)
    CAN2_RX0_IRQHandler                      0x08000243   Thumb Code     0  startup_stm32f407xx.o(.text)
    CAN2_RX1_IRQHandler                      0x08000243   Thumb Code     0  startup_stm32f407xx.o(.text)
    CAN2_SCE_IRQHandler                      0x08000243   Thumb Code     0  startup_stm32f407xx.o(.text)
    CAN2_TX_IRQHandler                       0x08000243   Thumb Code     0  startup_stm32f407xx.o(.text)
    DCMI_IRQHandler                          0x08000243   Thumb Code     0  startup_stm32f407xx.o(.text)
    DMA1_Stream0_IRQHandler                  0x08000243   Thumb Code     0  startup_stm32f407xx.o(.text)
    DMA1_Stream1_IRQHandler                  0x08000243   Thumb Code     0  startup_stm32f407xx.o(.text)
    DMA1_Stream2_IRQHandler                  0x08000243   Thumb Code     0  startup_stm32f407xx.o(.text)
    DMA1_Stream3_IRQHandler                  0x08000243   Thumb Code     0  startup_stm32f407xx.o(.text)
    DMA1_Stream4_IRQHandler                  0x08000243   Thumb Code     0  startup_stm32f407xx.o(.text)
    DMA1_Stream5_IRQHandler                  0x08000243   Thumb Code     0  startup_stm32f407xx.o(.text)
    DMA1_Stream6_IRQHandler                  0x08000243   Thumb Code     0  startup_stm32f407xx.o(.text)
    DMA1_Stream7_IRQHandler                  0x08000243   Thumb Code     0  startup_stm32f407xx.o(.text)
    DMA2_Stream0_IRQHandler                  0x08000243   Thumb Code     0  startup_stm32f407xx.o(.text)
    DMA2_Stream1_IRQHandler                  0x08000243   Thumb Code     0  startup_stm32f407xx.o(.text)
    DMA2_Stream2_IRQHandler                  0x08000243   Thumb Code     0  startup_stm32f407xx.o(.text)
    DMA2_Stream3_IRQHandler                  0x08000243   Thumb Code     0  startup_stm32f407xx.o(.text)
    DMA2_Stream4_IRQHandler                  0x08000243   Thumb Code     0  startup_stm32f407xx.o(.text)
    DMA2_Stream5_IRQHandler                  0x08000243   Thumb Code     0  startup_stm32f407xx.o(.text)
    DMA2_Stream6_IRQHandler                  0x08000243   Thumb Code     0  startup_stm32f407xx.o(.text)
    DMA2_Stream7_IRQHandler                  0x08000243   Thumb Code     0  startup_stm32f407xx.o(.text)
    ETH_IRQHandler                           0x08000243   Thumb Code     0  startup_stm32f407xx.o(.text)
    ETH_WKUP_IRQHandler                      0x08000243   Thumb Code     0  startup_stm32f407xx.o(.text)
    EXTI0_IRQHandler                         0x08000243   Thumb Code     0  startup_stm32f407xx.o(.text)
    EXTI15_10_IRQHandler                     0x08000243   Thumb Code     0  startup_stm32f407xx.o(.text)
    EXTI1_IRQHandler                         0x08000243   Thumb Code     0  startup_stm32f407xx.o(.text)
    EXTI2_IRQHandler                         0x08000243   Thumb Code     0  startup_stm32f407xx.o(.text)
    EXTI3_IRQHandler                         0x08000243   Thumb Code     0  startup_stm32f407xx.o(.text)
    EXTI4_IRQHandler                         0x08000243   Thumb Code     0  startup_stm32f407xx.o(.text)
    EXTI9_5_IRQHandler                       0x08000243   Thumb Code     0  startup_stm32f407xx.o(.text)
    FLASH_IRQHandler                         0x08000243   Thumb Code     0  startup_stm32f407xx.o(.text)
    FMC_IRQHandler                           0x08000243   Thumb Code     0  startup_stm32f407xx.o(.text)
    FPU_IRQHandler                           0x08000243   Thumb Code     0  startup_stm32f407xx.o(.text)
    HASH_RNG_IRQHandler                      0x08000243   Thumb Code     0  startup_stm32f407xx.o(.text)
    I2C1_ER_IRQHandler                       0x08000243   Thumb Code     0  startup_stm32f407xx.o(.text)
    I2C1_EV_IRQHandler                       0x08000243   Thumb Code     0  startup_stm32f407xx.o(.text)
    I2C2_ER_IRQHandler                       0x08000243   Thumb Code     0  startup_stm32f407xx.o(.text)
    I2C2_EV_IRQHandler                       0x08000243   Thumb Code     0  startup_stm32f407xx.o(.text)
    I2C3_ER_IRQHandler                       0x08000243   Thumb Code     0  startup_stm32f407xx.o(.text)
    I2C3_EV_IRQHandler                       0x08000243   Thumb Code     0  startup_stm32f407xx.o(.text)
    OTG_FS_IRQHandler                        0x08000243   Thumb Code     0  startup_stm32f407xx.o(.text)
    OTG_FS_WKUP_IRQHandler                   0x08000243   Thumb Code     0  startup_stm32f407xx.o(.text)
    OTG_HS_EP1_IN_IRQHandler                 0x08000243   Thumb Code     0  startup_stm32f407xx.o(.text)
    OTG_HS_EP1_OUT_IRQHandler                0x08000243   Thumb Code     0  startup_stm32f407xx.o(.text)
    OTG_HS_IRQHandler                        0x08000243   Thumb Code     0  startup_stm32f407xx.o(.text)
    OTG_HS_WKUP_IRQHandler                   0x08000243   Thumb Code     0  startup_stm32f407xx.o(.text)
    PVD_IRQHandler                           0x08000243   Thumb Code     0  startup_stm32f407xx.o(.text)
    RCC_IRQHandler                           0x08000243   Thumb Code     0  startup_stm32f407xx.o(.text)
    RTC_Alarm_IRQHandler                     0x08000243   Thumb Code     0  startup_stm32f407xx.o(.text)
    RTC_WKUP_IRQHandler                      0x08000243   Thumb Code     0  startup_stm32f407xx.o(.text)
    SDIO_IRQHandler                          0x08000243   Thumb Code     0  startup_stm32f407xx.o(.text)
    SPI1_IRQHandler                          0x08000243   Thumb Code     0  startup_stm32f407xx.o(.text)
    SPI2_IRQHandler                          0x08000243   Thumb Code     0  startup_stm32f407xx.o(.text)
    SPI3_IRQHandler                          0x08000243   Thumb Code     0  startup_stm32f407xx.o(.text)
    TAMP_STAMP_IRQHandler                    0x08000243   Thumb Code     0  startup_stm32f407xx.o(.text)
    TIM1_BRK_TIM9_IRQHandler                 0x08000243   Thumb Code     0  startup_stm32f407xx.o(.text)
    TIM1_CC_IRQHandler                       0x08000243   Thumb Code     0  startup_stm32f407xx.o(.text)
    TIM1_TRG_COM_TIM11_IRQHandler            0x08000243   Thumb Code     0  startup_stm32f407xx.o(.text)
    TIM1_UP_TIM10_IRQHandler                 0x08000243   Thumb Code     0  startup_stm32f407xx.o(.text)
    TIM2_IRQHandler                          0x08000243   Thumb Code     0  startup_stm32f407xx.o(.text)
    TIM3_IRQHandler                          0x08000243   Thumb Code     0  startup_stm32f407xx.o(.text)
    TIM4_IRQHandler                          0x08000243   Thumb Code     0  startup_stm32f407xx.o(.text)
    TIM5_IRQHandler                          0x08000243   Thumb Code     0  startup_stm32f407xx.o(.text)
    TIM6_DAC_IRQHandler                      0x08000243   Thumb Code     0  startup_stm32f407xx.o(.text)
    TIM7_IRQHandler                          0x08000243   Thumb Code     0  startup_stm32f407xx.o(.text)
    TIM8_BRK_TIM12_IRQHandler                0x08000243   Thumb Code     0  startup_stm32f407xx.o(.text)
    TIM8_CC_IRQHandler                       0x08000243   Thumb Code     0  startup_stm32f407xx.o(.text)
    TIM8_TRG_COM_TIM14_IRQHandler            0x08000243   Thumb Code     0  startup_stm32f407xx.o(.text)
    TIM8_UP_TIM13_IRQHandler                 0x08000243   Thumb Code     0  startup_stm32f407xx.o(.text)
    UART4_IRQHandler                         0x08000243   Thumb Code     0  startup_stm32f407xx.o(.text)
    UART5_IRQHandler                         0x08000243   Thumb Code     0  startup_stm32f407xx.o(.text)
    USART1_IRQHandler                        0x08000243   Thumb Code     0  startup_stm32f407xx.o(.text)
    USART2_IRQHandler                        0x08000243   Thumb Code     0  startup_stm32f407xx.o(.text)
    USART3_IRQHandler                        0x08000243   Thumb Code     0  startup_stm32f407xx.o(.text)
    USART6_IRQHandler                        0x08000243   Thumb Code     0  startup_stm32f407xx.o(.text)
    WWDG_IRQHandler                          0x08000243   Thumb Code     0  startup_stm32f407xx.o(.text)
    __user_initial_stackheap                 0x08000245   Thumb Code     0  startup_stm32f407xx.o(.text)
    M8266WIFI_SPI_Interface_Communication_Stress_Test 0x08000871   Thumb Code    92  M8266WIFIDrv_STM32F4xx.o(.text)
    M8266WIFI_SPI_Send_Data                  0x080008cd   Thumb Code    20  M8266WIFIDrv_STM32F4xx.o(.text)
    M8266WIFI_SPI_Send_Udp_Data              0x080008e1   Thumb Code    60  M8266WIFIDrv_STM32F4xx.o(.text)
    M8266WIFI_SPI_Send_Data_to_TcpClient     0x0800091d   Thumb Code    68  M8266WIFIDrv_STM32F4xx.o(.text)
    M8266WIFI_SPI_StartModuleSmartConfig     0x08000961   Thumb Code    92  M8266WIFIDrv_STM32F4xx.o(.text)
    strcmp                                   0x080009bd   Thumb Code   128  strcmpv7m.o(.text)
    __use_two_region_memory                  0x08000a3d   Thumb Code     2  heapauxi.o(.text)
    __rt_heap_escrow$2region                 0x08000a3f   Thumb Code     2  heapauxi.o(.text)
    __rt_heap_expand$2region                 0x08000a41   Thumb Code     2  heapauxi.o(.text)
    __user_setup_stackheap                   0x08000a43   Thumb Code    74  sys_stackheap_outer.o(.text)
    exit                                     0x08000a8d   Thumb Code    18  exit.o(.text)
    __user_libspace                          0x08000aa1   Thumb Code     8  libspace.o(.text)
    __user_perproc_libspace                  0x08000aa1   Thumb Code     0  libspace.o(.text)
    __user_perthread_libspace                0x08000aa1   Thumb Code     0  libspace.o(.text)
    _sys_exit                                0x08000aa9   Thumb Code     8  sys_exit.o(.text)
    __I$use$semihosting                      0x08000ab5   Thumb Code     0  use_no_semi.o(.text)
    __use_no_semihosting_swi                 0x08000ab5   Thumb Code     2  use_no_semi.o(.text)
    __semihosting_library_function           0x08000ab7   Thumb Code     0  indicate_semi.o(.text)
    M8266HostIf_SPI_Select                   0x0800158d   Thumb Code   236  M8266WIFIDrv_STM32F4xx.o(.text.M8266HostIf_SPI_Select)
    M8266WIFI_SPI_Config_STA_Param           0x08001679   Thumb Code    24  M8266WIFIDrv_STM32F4xx.o(.text.M8266WIFI_SPI_Config_STA_Param)
    M8266WIFI_SPI_Config_Tcp_Window_num      0x08001691   Thumb Code    24  M8266WIFIDrv_STM32F4xx.o(.text.M8266WIFI_SPI_Config_Tcp_Window_num)
    M8266WIFI_SPI_Delete_Connection          0x080016a9   Thumb Code    22  M8266WIFIDrv_STM32F4xx.o(.text.M8266WIFI_SPI_Delete_Connection)
    M8266WIFI_SPI_Get_Module_Info            0x080016bf   Thumb Code   158  M8266WIFIDrv_STM32F4xx.o(.text.M8266WIFI_SPI_Get_Module_Info)
    M8266WIFI_SPI_Get_Opmode                 0x0800175d   Thumb Code    80  M8266WIFIDrv_STM32F4xx.o(.text.M8266WIFI_SPI_Get_Opmode)
    M8266WIFI_SPI_Get_STA_Connection_Status  0x080017ad   Thumb Code    80  M8266WIFIDrv_STM32F4xx.o(.text.M8266WIFI_SPI_Get_STA_Connection_Status)
    M8266WIFI_SPI_Get_STA_IP_Addr            0x080017fd   Thumb Code   108  M8266WIFIDrv_STM32F4xx.o(.text.M8266WIFI_SPI_Get_STA_IP_Addr)
    M8266WIFI_SPI_Has_DataReceived           0x08001869   Thumb Code    18  M8266WIFIDrv_STM32F4xx.o(.text.M8266WIFI_SPI_Has_DataReceived)
    M8266WIFI_SPI_Interface_Communication_OK 0x0800187d   Thumb Code    68  M8266WIFIDrv_STM32F4xx.o(.text.M8266WIFI_SPI_Interface_Communication_OK)
    M8266WIFI_SPI_Query_Connection           0x080018c1   Thumb Code   210  M8266WIFIDrv_STM32F4xx.o(.text.M8266WIFI_SPI_Query_Connection)
    M8266WIFI_SPI_RecvData                   0x08001993   Thumb Code    20  M8266WIFIDrv_STM32F4xx.o(.text.M8266WIFI_SPI_RecvData)
    M8266WIFI_SPI_STA_Connect_Ap             0x080019a9   Thumb Code   834  M8266WIFIDrv_STM32F4xx.o(.text.M8266WIFI_SPI_STA_Connect_Ap)
    M8266WIFI_SPI_STA_DisConnect_Ap          0x08001ced   Thumb Code   120  M8266WIFIDrv_STM32F4xx.o(.text.M8266WIFI_SPI_STA_DisConnect_Ap)
    M8266WIFI_SPI_STA_Get_HostIP_by_HostName 0x08001d65   Thumb Code   668  M8266WIFIDrv_STM32F4xx.o(.text.M8266WIFI_SPI_STA_Get_HostIP_by_HostName)
    M8266WIFI_SPI_STA_Query_Current_SSID_And_RSSI 0x08002001   Thumb Code   134  M8266WIFIDrv_STM32F4xx.o(.text.M8266WIFI_SPI_STA_Query_Current_SSID_And_RSSI)
    M8266WIFI_SPI_Set_Opmode                 0x08002087   Thumb Code   126  M8266WIFIDrv_STM32F4xx.o(.text.M8266WIFI_SPI_Set_Opmode)
    M8266WIFI_SPI_Set_TcpServer_Auto_Discon_Timeout 0x08002105   Thumb Code   138  M8266WIFIDrv_STM32F4xx.o(.text.M8266WIFI_SPI_Set_TcpServer_Auto_Discon_Timeout)
    M8266WIFI_SPI_Setup_Connection           0x08002191   Thumb Code   552  M8266WIFIDrv_STM32F4xx.o(.text.M8266WIFI_SPI_Setup_Connection)
    HAL_GPIO_Init                            0x080023b9   Thumb Code   388  stm32f4xx_hal_gpio.o(i.HAL_GPIO_Init)
    HAL_GetREVID                             0x08002569   Thumb Code     8  stm32f4xx_hal.o(i.HAL_GetREVID)
    HAL_GetTick                              0x08002575   Thumb Code     6  stm32f4xx_hal.o(i.HAL_GetTick)
    HAL_IncTick                              0x08002581   Thumb Code    10  stm32f4xx_hal.o(i.HAL_IncTick)
    HAL_Init                                 0x08002591   Thumb Code    48  stm32f4xx_hal.o(i.HAL_Init)
    HAL_InitTick                             0x080025c5   Thumb Code    34  stm32f4xx_hal.o(i.HAL_InitTick)
    HAL_MspInit                              0x080025ed   Thumb Code     2  stm32f4xx_hal.o(i.HAL_MspInit)
    HAL_NVIC_SetPriority                     0x080025f1   Thumb Code    60  stm32f4xx_hal_cortex.o(i.HAL_NVIC_SetPriority)
    HAL_NVIC_SetPriorityGrouping             0x08002631   Thumb Code    26  stm32f4xx_hal_cortex.o(i.HAL_NVIC_SetPriorityGrouping)
    HAL_RCC_ClockConfig                      0x08002655   Thumb Code   364  stm32f4xx_hal_rcc.o(i.HAL_RCC_ClockConfig)
    HAL_RCC_GetHCLKFreq                      0x080027d1   Thumb Code     6  stm32f4xx_hal_rcc.o(i.HAL_RCC_GetHCLKFreq)
    HAL_RCC_GetSysClockFreq                  0x080027dd   Thumb Code   104  stm32f4xx_hal_rcc.o(i.HAL_RCC_GetSysClockFreq)
    HAL_RCC_OscConfig                        0x0800284d   Thumb Code   770  stm32f4xx_hal_rcc.o(i.HAL_RCC_OscConfig)
    HAL_SPI_Init                             0x08002b61   Thumb Code   140  stm32f4xx_hal_spi.o(i.HAL_SPI_Init)
    HAL_SPI_MspInit                          0x08002bed   Thumb Code     2  stm32f4xx_hal_spi.o(i.HAL_SPI_MspInit)
    HAL_SYSTICK_Callback                     0x08002bef   Thumb Code     2  stm32f4xx_hal_cortex.o(i.HAL_SYSTICK_Callback)
    HAL_SYSTICK_Config                       0x08002bf1   Thumb Code    40  stm32f4xx_hal_cortex.o(i.HAL_SYSTICK_Config)
    HAL_SYSTICK_IRQHandler                   0x08002c19   Thumb Code     8  stm32f4xx_hal_cortex.o(i.HAL_SYSTICK_IRQHandler)
    M8266HostIf_GPIO_CS_RESET_Init           0x08002c21   Thumb Code    96  m8266hostif_stm32xx.o(i.M8266HostIf_GPIO_CS_RESET_Init)
    M8266HostIf_Init                         0x08002c8d   Thumb Code    14  m8266hostif_stm32xx.o(i.M8266HostIf_Init)
    M8266HostIf_SPI_Init                     0x08002c9d   Thumb Code   136  m8266hostif_stm32xx.o(i.M8266HostIf_SPI_Init)
    M8266HostIf_SPI_SetSpeed                 0x08002d35   Thumb Code    46  m8266hostif_stm32xx.o(i.M8266HostIf_SPI_SetSpeed)
    M8266HostIf_Set_SPI_nCS_Pin              0x08002d69   Thumb Code    16  m8266hostif_stm32xx.o(i.M8266HostIf_Set_SPI_nCS_Pin)
    M8266HostIf_Set_nRESET_Pin               0x08002d7d   Thumb Code    16  m8266hostif_stm32xx.o(i.M8266HostIf_Set_nRESET_Pin)
    M8266HostIf_delay_us                     0x08002d91   Thumb Code     4  m8266hostif_stm32xx.o(i.M8266HostIf_delay_us)
    M8266WIFI_Module_Hardware_Reset          0x08002d95   Thumb Code    58  m8266wifi_ops.o(i.M8266WIFI_Module_Hardware_Reset)
    M8266WIFI_Module_Init_Via_SPI            0x08002dd1   Thumb Code   200  m8266wifi_ops.o(i.M8266WIFI_Module_Init_Via_SPI)
    M8266WIFI_Module_delay_ms                0x08002ebd   Thumb Code    34  m8266wifi_ops.o(i.M8266WIFI_Module_delay_ms)
    M8266WIFI_SPI_wait_sta_connecting_to_ap_and_get_ip 0x08002ee1   Thumb Code    68  m8266wifi_ops.o(i.M8266WIFI_SPI_wait_sta_connecting_to_ap_and_get_ip)
    M8266WIFI_Test                           0x08002f2d   Thumb Code   270  test_m8266wifi.o(i.M8266WIFI_Test)
    SysTick_Handler                          0x08003065   Thumb Code    14  sys.o(i.SysTick_Handler)
    SystemClock_Config                       0x08003075   Thumb Code   134  sys.o(i.SystemClock_Config)
    SystemInit                               0x08003109   Thumb Code    66  system_stm32f4xx.o(i.SystemInit)
    delay_Init                               0x0800315d   Thumb Code    18  delay.o(i.delay_Init)
    delay_us                                 0x08003179   Thumb Code    48  delay.o(i.delay_us)
    main                                     0x080031ad   Thumb Code    40  main.o(i.main)
    _fp_init                                 0x080031d5   Thumb Code    10  fpinit.o(x$fpl$fpinit)
    __fplib_config_fpu_vfp                   0x080031dd   Thumb Code     0  fpinit.o(x$fpl$fpinit)
    __fplib_config_pureend_doubles           0x080031dd   Thumb Code     0  fpinit.o(x$fpl$fpinit)
    APBAHBPrescTable                         0x080031de   Data          16  stm32f4xx_hal_rcc.o(.constdata)
    Region$$Table$$Base                      0x08003280   Number         0  anon$$obj.o(Region$$Table)
    Region$$Table$$Limit                     0x080032a0   Number         0  anon$$obj.o(Region$$Table)
    uwTick                                   0x20000000   Data           4  stm32f4xx_hal.o(.data)
    SystemCoreClock                          0x20000008   Data           4  system_stm32f4xx.o(.data)
    hspi                                     0x20000024   Data          88  m8266hostif_stm32xx.o(.bss)
    __libspace_start                         0x20000088   Data          96  libspace.o(.bss)
    __temporary_stack_top$libspace           0x200000e8   Data           0  libspace.o(.bss)



==============================================================================

Memory Map of the image

  Image Entry point : 0x08000189

  Load Region LR_IROM1 (Base: 0x08000000, Size: 0x000032c4, Max: 0x00100000, ABSOLUTE)

    Execution Region ER_IROM1 (Exec base: 0x08000000, Load base: 0x08000000, Size: 0x000032a0, Max: 0x00100000, ABSOLUTE)

    Exec Addr    Load Addr    Size         Type   Attr      Idx    E Section Name        Object

    0x08000000   0x08000000   0x00000188   Data   RO            3    RESET               startup_stm32f407xx.o
    0x08000188   0x08000188   0x00000008   Code   RO         2635  * !!!main             c_w.l(__main.o)
    0x08000190   0x08000190   0x00000034   Code   RO         2792    !!!scatter          c_w.l(__scatter.o)
    0x080001c4   0x080001c4   0x0000001a   Code   RO         2794    !!handler_copy      c_w.l(__scatter_copy.o)
    0x080001de   0x080001de   0x00000002   PAD
    0x080001e0   0x080001e0   0x0000001c   Code   RO         2796    !!handler_zi        c_w.l(__scatter_zi.o)
    0x080001fc   0x080001fc   0x00000002   Code   RO         2662    .ARM.Collect$$libinit$$00000000  c_w.l(libinit.o)
    0x080001fe   0x080001fe   0x00000004   Code   RO         2668    .ARM.Collect$$libinit$$00000001  c_w.l(libinit2.o)
    0x08000202   0x08000202   0x00000000   Code   RO         2671    .ARM.Collect$$libinit$$00000004  c_w.l(libinit2.o)
    0x08000202   0x08000202   0x00000000   Code   RO         2674    .ARM.Collect$$libinit$$0000000A  c_w.l(libinit2.o)
    0x08000202   0x08000202   0x00000000   Code   RO         2676    .ARM.Collect$$libinit$$0000000C  c_w.l(libinit2.o)
    0x08000202   0x08000202   0x00000000   Code   RO         2678    .ARM.Collect$$libinit$$0000000E  c_w.l(libinit2.o)
    0x08000202   0x08000202   0x00000000   Code   RO         2681    .ARM.Collect$$libinit$$00000011  c_w.l(libinit2.o)
    0x08000202   0x08000202   0x00000000   Code   RO         2683    .ARM.Collect$$libinit$$00000013  c_w.l(libinit2.o)
    0x08000202   0x08000202   0x00000000   Code   RO         2685    .ARM.Collect$$libinit$$00000015  c_w.l(libinit2.o)
    0x08000202   0x08000202   0x00000000   Code   RO         2687    .ARM.Collect$$libinit$$00000017  c_w.l(libinit2.o)
    0x08000202   0x08000202   0x00000000   Code   RO         2689    .ARM.Collect$$libinit$$00000019  c_w.l(libinit2.o)
    0x08000202   0x08000202   0x00000000   Code   RO         2691    .ARM.Collect$$libinit$$0000001B  c_w.l(libinit2.o)
    0x08000202   0x08000202   0x00000000   Code   RO         2693    .ARM.Collect$$libinit$$0000001D  c_w.l(libinit2.o)
    0x08000202   0x08000202   0x00000000   Code   RO         2695    .ARM.Collect$$libinit$$0000001F  c_w.l(libinit2.o)
    0x08000202   0x08000202   0x00000000   Code   RO         2697    .ARM.Collect$$libinit$$00000021  c_w.l(libinit2.o)
    0x08000202   0x08000202   0x00000000   Code   RO         2699    .ARM.Collect$$libinit$$00000023  c_w.l(libinit2.o)
    0x08000202   0x08000202   0x00000000   Code   RO         2701    .ARM.Collect$$libinit$$00000025  c_w.l(libinit2.o)
    0x08000202   0x08000202   0x00000000   Code   RO         2705    .ARM.Collect$$libinit$$0000002C  c_w.l(libinit2.o)
    0x08000202   0x08000202   0x00000000   Code   RO         2707    .ARM.Collect$$libinit$$0000002E  c_w.l(libinit2.o)
    0x08000202   0x08000202   0x00000000   Code   RO         2709    .ARM.Collect$$libinit$$00000030  c_w.l(libinit2.o)
    0x08000202   0x08000202   0x00000000   Code   RO         2711    .ARM.Collect$$libinit$$00000032  c_w.l(libinit2.o)
    0x08000202   0x08000202   0x00000002   Code   RO         2712    .ARM.Collect$$libinit$$00000033  c_w.l(libinit2.o)
    0x08000204   0x08000204   0x00000002   Code   RO         2732    .ARM.Collect$$libshutdown$$00000000  c_w.l(libshutdown.o)
    0x08000206   0x08000206   0x00000000   Code   RO         2745    .ARM.Collect$$libshutdown$$00000002  c_w.l(libshutdown2.o)
    0x08000206   0x08000206   0x00000000   Code   RO         2747    .ARM.Collect$$libshutdown$$00000004  c_w.l(libshutdown2.o)
    0x08000206   0x08000206   0x00000000   Code   RO         2750    .ARM.Collect$$libshutdown$$00000007  c_w.l(libshutdown2.o)
    0x08000206   0x08000206   0x00000000   Code   RO         2753    .ARM.Collect$$libshutdown$$0000000A  c_w.l(libshutdown2.o)
    0x08000206   0x08000206   0x00000000   Code   RO         2755    .ARM.Collect$$libshutdown$$0000000C  c_w.l(libshutdown2.o)
    0x08000206   0x08000206   0x00000000   Code   RO         2758    .ARM.Collect$$libshutdown$$0000000F  c_w.l(libshutdown2.o)
    0x08000206   0x08000206   0x00000002   Code   RO         2759    .ARM.Collect$$libshutdown$$00000010  c_w.l(libshutdown2.o)
    0x08000208   0x08000208   0x00000000   Code   RO         2637    .ARM.Collect$$rtentry$$00000000  c_w.l(__rtentry.o)
    0x08000208   0x08000208   0x00000000   Code   RO         2639    .ARM.Collect$$rtentry$$00000002  c_w.l(__rtentry2.o)
    0x08000208   0x08000208   0x00000006   Code   RO         2651    .ARM.Collect$$rtentry$$00000004  c_w.l(__rtentry4.o)
    0x0800020e   0x0800020e   0x00000000   Code   RO         2641    .ARM.Collect$$rtentry$$00000009  c_w.l(__rtentry2.o)
    0x0800020e   0x0800020e   0x00000004   Code   RO         2642    .ARM.Collect$$rtentry$$0000000A  c_w.l(__rtentry2.o)
    0x08000212   0x08000212   0x00000000   Code   RO         2644    .ARM.Collect$$rtentry$$0000000C  c_w.l(__rtentry2.o)
    0x08000212   0x08000212   0x00000008   Code   RO         2645    .ARM.Collect$$rtentry$$0000000D  c_w.l(__rtentry2.o)
    0x0800021a   0x0800021a   0x00000002   Code   RO         2666    .ARM.Collect$$rtexit$$00000000  c_w.l(rtexit.o)
    0x0800021c   0x0800021c   0x00000000   Code   RO         2714    .ARM.Collect$$rtexit$$00000002  c_w.l(rtexit2.o)
    0x0800021c   0x0800021c   0x00000004   Code   RO         2715    .ARM.Collect$$rtexit$$00000003  c_w.l(rtexit2.o)
    0x08000220   0x08000220   0x00000006   Code   RO         2716    .ARM.Collect$$rtexit$$00000004  c_w.l(rtexit2.o)
    0x08000226   0x08000226   0x00000002   PAD
    0x08000228   0x08000228   0x00000040   Code   RO            4    .text               startup_stm32f407xx.o
    0x08000268   0x08000268   0x00000754   Code   RO         2518    .text               M8266WIFIDrv_STM32F4xx.a(M8266WIFIDrv_STM32F4xx.o)
    0x080009bc   0x080009bc   0x00000080   Code   RO         2631    .text               c_w.l(strcmpv7m.o)
    0x08000a3c   0x08000a3c   0x00000006   Code   RO         2633    .text               c_w.l(heapauxi.o)
    0x08000a42   0x08000a42   0x0000004a   Code   RO         2653    .text               c_w.l(sys_stackheap_outer.o)
    0x08000a8c   0x08000a8c   0x00000012   Code   RO         2655    .text               c_w.l(exit.o)
    0x08000a9e   0x08000a9e   0x00000002   PAD
    0x08000aa0   0x08000aa0   0x00000008   Code   RO         2663    .text               c_w.l(libspace.o)
    0x08000aa8   0x08000aa8   0x0000000c   Code   RO         2724    .text               c_w.l(sys_exit.o)
    0x08000ab4   0x08000ab4   0x00000002   Code   RO         2735    .text               c_w.l(use_no_semi.o)
    0x08000ab6   0x08000ab6   0x00000000   Code   RO         2737    .text               c_w.l(indicate_semi.o)
    0x08000ab6   0x08000ab6   0x00000002   PAD
    0x08000ab8   0x08000ab8   0x00000314   Code   RO         2562    .text.1             M8266WIFIDrv_STM32F4xx.a(M8266WIFIDrv_STM32F4xx.o)
    0x08000dcc   0x08000dcc   0x00000112   Code   RO         2522    .text.12            M8266WIFIDrv_STM32F4xx.a(M8266WIFIDrv_STM32F4xx.o)
    0x08000ede   0x08000ede   0x0000016e   Code   RO         2566    .text.13            M8266WIFIDrv_STM32F4xx.a(M8266WIFIDrv_STM32F4xx.o)
    0x0800104c   0x0800104c   0x000000d0   Code   RO         2526    .text.15            M8266WIFIDrv_STM32F4xx.a(M8266WIFIDrv_STM32F4xx.o)
    0x0800111c   0x0800111c   0x00000280   Code   RO         2533    .text.4             M8266WIFIDrv_STM32F4xx.a(M8266WIFIDrv_STM32F4xx.o)
    0x0800139c   0x0800139c   0x000000f4   Code   RO         2523    .text.5             M8266WIFIDrv_STM32F4xx.a(M8266WIFIDrv_STM32F4xx.o)
    0x08001490   0x08001490   0x000000fc   Code   RO         2521    .text.9             M8266WIFIDrv_STM32F4xx.a(M8266WIFIDrv_STM32F4xx.o)
    0x0800158c   0x0800158c   0x000000ec   Code   RO         2625    .text.M8266HostIf_SPI_Select  M8266WIFIDrv_STM32F4xx.a(M8266WIFIDrv_STM32F4xx.o)
    0x08001678   0x08001678   0x00000018   Code   RO         2544    .text.M8266WIFI_SPI_Config_STA_Param  M8266WIFIDrv_STM32F4xx.a(M8266WIFIDrv_STM32F4xx.o)
    0x08001690   0x08001690   0x00000018   Code   RO         2583    .text.M8266WIFI_SPI_Config_Tcp_Window_num  M8266WIFIDrv_STM32F4xx.a(M8266WIFIDrv_STM32F4xx.o)
    0x080016a8   0x080016a8   0x00000016   Code   RO         2567    .text.M8266WIFI_SPI_Delete_Connection  M8266WIFIDrv_STM32F4xx.a(M8266WIFIDrv_STM32F4xx.o)
    0x080016be   0x080016be   0x0000009e   Code   RO         2624    .text.M8266WIFI_SPI_Get_Module_Info  M8266WIFIDrv_STM32F4xx.a(M8266WIFIDrv_STM32F4xx.o)
    0x0800175c   0x0800175c   0x00000050   Code   RO         2536    .text.M8266WIFI_SPI_Get_Opmode  M8266WIFIDrv_STM32F4xx.a(M8266WIFIDrv_STM32F4xx.o)
    0x080017ac   0x080017ac   0x00000050   Code   RO         2538    .text.M8266WIFI_SPI_Get_STA_Connection_Status  M8266WIFIDrv_STM32F4xx.a(M8266WIFIDrv_STM32F4xx.o)
    0x080017fc   0x080017fc   0x0000006c   Code   RO         2559    .text.M8266WIFI_SPI_Get_STA_IP_Addr  M8266WIFIDrv_STM32F4xx.a(M8266WIFIDrv_STM32F4xx.o)
    0x08001868   0x08001868   0x00000012   Code   RO         2532    .text.M8266WIFI_SPI_Has_DataReceived  M8266WIFIDrv_STM32F4xx.a(M8266WIFIDrv_STM32F4xx.o)
    0x0800187a   0x0800187a   0x00000002   PAD
    0x0800187c   0x0800187c   0x00000044   Code   RO         2531    .text.M8266WIFI_SPI_Interface_Communication_OK  M8266WIFIDrv_STM32F4xx.a(M8266WIFIDrv_STM32F4xx.o)
    0x080018c0   0x080018c0   0x000000d2   Code   RO         2565    .text.M8266WIFI_SPI_Query_Connection  M8266WIFIDrv_STM32F4xx.a(M8266WIFIDrv_STM32F4xx.o)
    0x08001992   0x08001992   0x00000014   Code   RO         2534    .text.M8266WIFI_SPI_RecvData  M8266WIFIDrv_STM32F4xx.a(M8266WIFIDrv_STM32F4xx.o)
    0x080019a6   0x080019a6   0x00000002   PAD
    0x080019a8   0x080019a8   0x00000344   Code   RO         2548    .text.M8266WIFI_SPI_STA_Connect_Ap  M8266WIFIDrv_STM32F4xx.a(M8266WIFIDrv_STM32F4xx.o)
    0x08001cec   0x08001cec   0x00000078   Code   RO         2547    .text.M8266WIFI_SPI_STA_DisConnect_Ap  M8266WIFIDrv_STM32F4xx.a(M8266WIFIDrv_STM32F4xx.o)
    0x08001d64   0x08001d64   0x0000029c   Code   RO         2561    .text.M8266WIFI_SPI_STA_Get_HostIP_by_HostName  M8266WIFIDrv_STM32F4xx.a(M8266WIFIDrv_STM32F4xx.o)
    0x08002000   0x08002000   0x00000086   Code   RO         2560    .text.M8266WIFI_SPI_STA_Query_Current_SSID_And_RSSI  M8266WIFIDrv_STM32F4xx.a(M8266WIFIDrv_STM32F4xx.o)
    0x08002086   0x08002086   0x0000007e   Code   RO         2537    .text.M8266WIFI_SPI_Set_Opmode  M8266WIFIDrv_STM32F4xx.a(M8266WIFIDrv_STM32F4xx.o)
    0x08002104   0x08002104   0x0000008a   Code   RO         2572    .text.M8266WIFI_SPI_Set_TcpServer_Auto_Discon_Timeout  M8266WIFIDrv_STM32F4xx.a(M8266WIFIDrv_STM32F4xx.o)
    0x0800218e   0x0800218e   0x00000002   PAD
    0x08002190   0x08002190   0x00000228   Code   RO         2570    .text.M8266WIFI_SPI_Setup_Connection  M8266WIFIDrv_STM32F4xx.a(M8266WIFIDrv_STM32F4xx.o)
    0x080023b8   0x080023b8   0x000001b0   Code   RO          275    i.HAL_GPIO_Init     stm32f4xx_hal_gpio.o
    0x08002568   0x08002568   0x0000000c   Code   RO           25    i.HAL_GetREVID      stm32f4xx_hal.o
    0x08002574   0x08002574   0x0000000c   Code   RO           26    i.HAL_GetTick       stm32f4xx_hal.o
    0x08002580   0x08002580   0x00000010   Code   RO           27    i.HAL_IncTick       stm32f4xx_hal.o
    0x08002590   0x08002590   0x00000034   Code   RO           28    i.HAL_Init          stm32f4xx_hal.o
    0x080025c4   0x080025c4   0x00000028   Code   RO           29    i.HAL_InitTick      stm32f4xx_hal.o
    0x080025ec   0x080025ec   0x00000002   Code   RO           31    i.HAL_MspInit       stm32f4xx_hal.o
    0x080025ee   0x080025ee   0x00000002   PAD
    0x080025f0   0x080025f0   0x00000040   Code   RO          626    i.HAL_NVIC_SetPriority  stm32f4xx_hal_cortex.o
    0x08002630   0x08002630   0x00000024   Code   RO          627    i.HAL_NVIC_SetPriorityGrouping  stm32f4xx_hal_cortex.o
    0x08002654   0x08002654   0x0000017c   Code   RO          513    i.HAL_RCC_ClockConfig  stm32f4xx_hal_rcc.o
    0x080027d0   0x080027d0   0x0000000c   Code   RO          518    i.HAL_RCC_GetHCLKFreq  stm32f4xx_hal_rcc.o
    0x080027dc   0x080027dc   0x00000070   Code   RO          522    i.HAL_RCC_GetSysClockFreq  stm32f4xx_hal_rcc.o
    0x0800284c   0x0800284c   0x00000314   Code   RO          525    i.HAL_RCC_OscConfig  stm32f4xx_hal_rcc.o
    0x08002b60   0x08002b60   0x0000008c   Code   RO          748    i.HAL_SPI_Init      stm32f4xx_hal_spi.o
    0x08002bec   0x08002bec   0x00000002   Code   RO          750    i.HAL_SPI_MspInit   stm32f4xx_hal_spi.o
    0x08002bee   0x08002bee   0x00000002   Code   RO          630    i.HAL_SYSTICK_Callback  stm32f4xx_hal_cortex.o
    0x08002bf0   0x08002bf0   0x00000028   Code   RO          631    i.HAL_SYSTICK_Config  stm32f4xx_hal_cortex.o
    0x08002c18   0x08002c18   0x00000008   Code   RO          632    i.HAL_SYSTICK_IRQHandler  stm32f4xx_hal_cortex.o
    0x08002c20   0x08002c20   0x0000006c   Code   RO         2167    i.M8266HostIf_GPIO_CS_RESET_Init  m8266hostif_stm32xx.o
    0x08002c8c   0x08002c8c   0x0000000e   Code   RO         2168    i.M8266HostIf_Init  m8266hostif_stm32xx.o
    0x08002c9a   0x08002c9a   0x00000002   PAD
    0x08002c9c   0x08002c9c   0x00000098   Code   RO         2169    i.M8266HostIf_SPI_Init  m8266hostif_stm32xx.o
    0x08002d34   0x08002d34   0x00000034   Code   RO         2171    i.M8266HostIf_SPI_SetSpeed  m8266hostif_stm32xx.o
    0x08002d68   0x08002d68   0x00000014   Code   RO         2172    i.M8266HostIf_Set_SPI_nCS_Pin  m8266hostif_stm32xx.o
    0x08002d7c   0x08002d7c   0x00000014   Code   RO         2173    i.M8266HostIf_Set_nRESET_Pin  m8266hostif_stm32xx.o
    0x08002d90   0x08002d90   0x00000004   Code   RO         2174    i.M8266HostIf_delay_us  m8266hostif_stm32xx.o
    0x08002d94   0x08002d94   0x0000003a   Code   RO         2249    i.M8266WIFI_Module_Hardware_Reset  m8266wifi_ops.o
    0x08002dce   0x08002dce   0x00000002   PAD
    0x08002dd0   0x08002dd0   0x000000ec   Code   RO         2250    i.M8266WIFI_Module_Init_Via_SPI  m8266wifi_ops.o
    0x08002ebc   0x08002ebc   0x00000022   Code   RO         2251    i.M8266WIFI_Module_delay_ms  m8266wifi_ops.o
    0x08002ede   0x08002ede   0x00000002   PAD
    0x08002ee0   0x08002ee0   0x0000004c   Code   RO         2252    i.M8266WIFI_SPI_wait_sta_connecting_to_ap_and_get_ip  m8266wifi_ops.o
    0x08002f2c   0x08002f2c   0x00000118   Code   RO         2320    i.M8266WIFI_Test    test_m8266wifi.o
    0x08003044   0x08003044   0x00000020   Code   RO          633    i.NVIC_SetPriority  stm32f4xx_hal_cortex.o
    0x08003064   0x08003064   0x0000000e   Code   RO         2065    i.SysTick_Handler   sys.o
    0x08003072   0x08003072   0x00000002   PAD
    0x08003074   0x08003074   0x00000094   Code   RO         2066    i.SystemClock_Config  sys.o
    0x08003108   0x08003108   0x00000054   Code   RO         2413    i.SystemInit        system_stm32f4xx.o
    0x0800315c   0x0800315c   0x0000001c   Code   RO         2015    i.delay_Init        delay.o
    0x08003178   0x08003178   0x00000034   Code   RO         2018    i.delay_us          delay.o
    0x080031ac   0x080031ac   0x00000028   Code   RO         2478    i.main              main.o
    0x080031d4   0x080031d4   0x0000000a   Code   RO         2722    x$fpl$fpinit        g_wm.l(fpinit.o)
    0x080031de   0x080031de   0x00000010   Data   RO          526    .constdata          stm32f4xx_hal_rcc.o
    0x080031ee   0x080031ee   0x00000020   Data   RO         2627    .rodata             M8266WIFIDrv_STM32F4xx.a(M8266WIFIDrv_STM32F4xx.o)
    0x0800320e   0x0800320e   0x00000070   Data   RO         2628    .rodata.str1.1      M8266WIFIDrv_STM32F4xx.a(M8266WIFIDrv_STM32F4xx.o)
    0x0800327e   0x0800327e   0x00000002   PAD
    0x08003280   0x08003280   0x00000020   Data   RO         2790    Region$$Table       anon$$obj.o


    Execution Region RW_IRAM1 (Exec base: 0x20000000, Load base: 0x080032a0, Size: 0x000022e8, Max: 0x00020000, ABSOLUTE)

    Exec Addr    Load Addr    Size         Type   Attr      Idx    E Section Name        Object

    0x20000000   0x080032a0   0x00000004   Data   RW           34    .data               stm32f4xx_hal.o
    0x20000004   0x080032a4   0x00000004   Data   RW         2019    .data               delay.o
    0x20000008   0x080032a8   0x00000004   Data   RW         2416    .data               system_stm32f4xx.o
    0x2000000c   0x080032ac   0x00000016   Data   RW         2519    .data               M8266WIFIDrv_STM32F4xx.a(M8266WIFIDrv_STM32F4xx.o)
    0x20000022   0x080032c2   0x00000002   PAD
    0x20000024        -       0x00000058   Zero   RW         2175    .bss                m8266hostif_stm32xx.o
    0x2000007c        -       0x0000000a   Zero   RW         2520    .bss                M8266WIFIDrv_STM32F4xx.a(M8266WIFIDrv_STM32F4xx.o)
    0x20000086   0x080032c2   0x00000002   PAD
    0x20000088        -       0x00000060   Zero   RW         2664    .bss                c_w.l(libspace.o)
    0x200000e8        -       0x00000200   Zero   RW            2    HEAP                startup_stm32f407xx.o
    0x200002e8        -       0x00002000   Zero   RW            1    STACK               startup_stm32f407xx.o


==============================================================================

Image component sizes


      Code (inc. data)   RO Data    RW Data    ZI Data      Debug   Object Name

        80         14          0          4          0       2040   delay.o
         0          0          0          0          0        756   led.o
       370         42          0          0         88       4919   m8266hostif_stm32xx.o
       404         44          0          0          0       3935   m8266wifi_ops.o
        40          0          0          0          0        507   main.o
        64         26        392          0       8704        860   startup_stm32f407xx.o
       134         26          0          4          0     648388   stm32f4xx_hal.o
       182         14          0          0          0      30638   stm32f4xx_hal_cortex.o
       432         44          0          0          0       1820   stm32f4xx_hal_gpio.o
      1292         48         16          0          0       4649   stm32f4xx_hal_rcc.o
       142          0          0          0          0       1721   stm32f4xx_hal_spi.o
       162         14          0          0          0       1703   sys.o
        84         18          0          4          0       1119   system_stm32f4xx.o
       280         10          0          0          0       5013   test_m8266wifi.o

    ----------------------------------------------------------------------
      3676        300        440         12       8792     708068   Object Totals
         0          0         32          0          0          0   (incl. Generated)
        10          0          0          0          0          0   (incl. Padding)

    ----------------------------------------------------------------------

      Code (inc. data)   RO Data    RW Data    ZI Data      Debug   Library Member Name

      8270        168        144         22         10          0   M8266WIFIDrv_STM32F4xx.o
         8          0          0          0          0         68   __main.o
         0          0          0          0          0          0   __rtentry.o
        12          0          0          0          0          0   __rtentry2.o
         6          0          0          0          0          0   __rtentry4.o
        52          8          0          0          0          0   __scatter.o
        26          0          0          0          0          0   __scatter_copy.o
        28          0          0          0          0          0   __scatter_zi.o
        18          0          0          0          0         80   exit.o
         6          0          0          0          0        152   heapauxi.o
         0          0          0          0          0          0   indicate_semi.o
         2          0          0          0          0          0   libinit.o
         6          0          0          0          0          0   libinit2.o
         2          0          0          0          0          0   libshutdown.o
         2          0          0          0          0          0   libshutdown2.o
         8          4          0          0         96         68   libspace.o
         2          0          0          0          0          0   rtexit.o
        10          0          0          0          0          0   rtexit2.o
       128          0          0          0          0         68   strcmpv7m.o
        12          4          0          0          0         68   sys_exit.o
        74          0          0          0          0         80   sys_stackheap_outer.o
         2          0          0          0          0         68   use_no_semi.o
        10          0          0          0          0        116   fpinit.o

    ----------------------------------------------------------------------
      8698        184        146         24        108        768   Library Totals
        14          0          2          2          2          0   (incl. Padding)

    ----------------------------------------------------------------------

      Code (inc. data)   RO Data    RW Data    ZI Data      Debug   Library Name

      8270        168        144         22         10          0   M8266WIFIDrv_STM32F4xx.a
       404         16          0          0         96        652   c_w.l
        10          0          0          0          0        116   g_wm.l

    ----------------------------------------------------------------------
      8698        184        146         24        108        768   Library Totals

    ----------------------------------------------------------------------

==============================================================================


      Code (inc. data)   RO Data    RW Data    ZI Data      Debug   

     12374        484        586         36       8900     705428   Grand Totals
     12374        484        586         36       8900     705428   ELF Image Totals
     12374        484        586         36          0          0   ROM Totals

==============================================================================

    Total RO  Size (Code + RO Data)                12960 (  12.66kB)
    Total RW  Size (RW Data + ZI Data)              8936 (   8.73kB)
    Total ROM Size (Code + RO Data + RW Data)      12996 (  12.69kB)

==============================================================================

