<html>
<body>
<pre>
<h1>礦ision Build Log</h1>
<h2>Tool Versions:</h2>
IDE-Version: μVision V5.37.0.0
Copyright (C) 2022 ARM Ltd and ARM Germany GmbH. All rights reserved.
License Information: f lixia, 3, LIC=V85FJ-UQC19-24KSS-L91PZ-GE9BD-7YHKG
 
Tool Versions:
Toolchain:       MDK-ARM Professional  Version: 5.37.0.0
Toolchain Path:  D:\App_install\keil\ARM\arm-v5\Bin
C Compiler:      Armcc.exe V5.06 update 7 (build 960)
Assembler:       Armasm.exe V5.06 update 7 (build 960)
Linker/Locator:  ArmLink.exe V5.06 update 7 (build 960)
Library Manager: ArmAr.exe V5.06 update 7 (build 960)
Hex Converter:   FromElf.exe V5.06 update 7 (build 960)
CPU DLL:         SARMCM3.DLL V5.37.0.0
Dialog DLL:      DCM.DLL V1.17.5.0
Target DLL:      STLink\ST-LINKIII-KEIL_SWO.dll V3.0.9.0
Dialog DLL:      TCM.DLL V1.56.1.0
 
<h2>Project:</h2>
D:\Proj-labview\蓝牙无线采集\BLE-console\F411\USER\SD.uvprojx
Project File Date:  04/06/2023

<h2>Output:</h2>
*** Using Compiler 'V5.06 update 7 (build 960)', folder: 'D:\App_install\keil\ARM\arm-v5\Bin'
Rebuild target 'SD'
assembling startup_stm32f40_41xxx.s...
compiling stm32f4xx_it.c...
..\FWLIB\inc\stm32f4xx_adc.h(333): warning:  #47-D: incompatible redefinition of macro "ADC_Channel_TempSensor"  (declared at line 329)
  #define ADC_Channel_TempSensor                      ((uint8_t)ADC_Channel_18)
..\FWLIB\inc\stm32f4xx_flash.h(185): warning:  #47-D: incompatible redefinition of macro "IS_FLASH_ADDRESS"  (declared at line 175)
  #define IS_FLASH_ADDRESS(ADDRESS) ((((ADDRESS) >= 0x08000000) && ((ADDRESS) <= 0x0807FFFF)) ||\
..\FWLIB\inc\stm32f4xx_gpio.h(413): warning:  #47-D: incompatible redefinition of macro "IS_GPIO_AF"  (declared at line 375)
  #define IS_GPIO_AF(AF)   (((AF) < 16) && ((AF) != 11) && ((AF) != 13) && ((AF) != 14))
..\FWLIB\inc\stm32f4xx_syscfg.h(151): warning:  #47-D: incompatible redefinition of macro "IS_SYSCFG_MEMORY_REMAP_CONFING"  (declared at line 144)
  #define IS_SYSCFG_MEMORY_REMAP_CONFING(REMAP) (((REMAP) == SYSCFG_MemoryRemap_Flash)       || \
stm32f4xx_it.c: 4 warnings, 0 errors
compiling stm32f4xx_gpio.c...
..\FWLIB\inc\stm32f4xx_adc.h(333): warning:  #47-D: incompatible redefinition of macro "ADC_Channel_TempSensor"  (declared at line 329)
  #define ADC_Channel_TempSensor                      ((uint8_t)ADC_Channel_18)
..\FWLIB\inc\stm32f4xx_flash.h(185): warning:  #47-D: incompatible redefinition of macro "IS_FLASH_ADDRESS"  (declared at line 175)
  #define IS_FLASH_ADDRESS(ADDRESS) ((((ADDRESS) >= 0x08000000) && ((ADDRESS) <= 0x0807FFFF)) ||\
..\FWLIB\inc\stm32f4xx_syscfg.h(151): warning:  #47-D: incompatible redefinition of macro "IS_SYSCFG_MEMORY_REMAP_CONFING"  (declared at line 144)
  #define IS_SYSCFG_MEMORY_REMAP_CONFING(REMAP) (((REMAP) == SYSCFG_MemoryRemap_Flash)       || \
..\FWLIB\inc\stm32f4xx_gpio.h(413): warning:  #47-D: incompatible redefinition of macro "IS_GPIO_AF"  (declared at line 375)
  #define IS_GPIO_AF(AF)   (((AF) < 16) && ((AF) != 11) && ((AF) != 13) && ((AF) != 14))
..\FWLIB\src\stm32f4xx_gpio.c: 4 warnings, 0 errors
compiling stm32f4xx_fsmc.c...
..\FWLIB\inc\stm32f4xx_adc.h(333): warning:  #47-D: incompatible redefinition of macro "ADC_Channel_TempSensor"  (declared at line 329)
  #define ADC_Channel_TempSensor                      ((uint8_t)ADC_Channel_18)
..\FWLIB\inc\stm32f4xx_flash.h(185): warning:  #47-D: incompatible redefinition of macro "IS_FLASH_ADDRESS"  (declared at line 175)
  #define IS_FLASH_ADDRESS(ADDRESS) ((((ADDRESS) >= 0x08000000) && ((ADDRESS) <= 0x0807FFFF)) ||\
..\FWLIB\inc\stm32f4xx_gpio.h(413): warning:  #47-D: incompatible redefinition of macro "IS_GPIO_AF"  (declared at line 375)
  #define IS_GPIO_AF(AF)   (((AF) < 16) && ((AF) != 11) && ((AF) != 13) && ((AF) != 14))
..\FWLIB\inc\stm32f4xx_syscfg.h(151): warning:  #47-D: incompatible redefinition of macro "IS_SYSCFG_MEMORY_REMAP_CONFING"  (declared at line 144)
  #define IS_SYSCFG_MEMORY_REMAP_CONFING(REMAP) (((REMAP) == SYSCFG_MemoryRemap_Flash)       || \
..\FWLIB\src\stm32f4xx_fsmc.c: 4 warnings, 0 errors
compiling sys.c...
..\FWLIB\inc\stm32f4xx_adc.h(333): warning:  #47-D: incompatible redefinition of macro "ADC_Channel_TempSensor"  (declared at line 329)
  #define ADC_Channel_TempSensor                      ((uint8_t)ADC_Channel_18)
..\FWLIB\inc\stm32f4xx_flash.h(185): warning:  #47-D: incompatible redefinition of macro "IS_FLASH_ADDRESS"  (declared at line 175)
  #define IS_FLASH_ADDRESS(ADDRESS) ((((ADDRESS) >= 0x08000000) && ((ADDRESS) <= 0x0807FFFF)) ||\
..\FWLIB\inc\stm32f4xx_gpio.h(413): warning:  #47-D: incompatible redefinition of macro "IS_GPIO_AF"  (declared at line 375)
  #define IS_GPIO_AF(AF)   (((AF) < 16) && ((AF) != 11) && ((AF) != 13) && ((AF) != 14))
..\FWLIB\inc\stm32f4xx_syscfg.h(151): warning:  #47-D: incompatible redefinition of macro "IS_SYSCFG_MEMORY_REMAP_CONFING"  (declared at line 144)
  #define IS_SYSCFG_MEMORY_REMAP_CONFING(REMAP) (((REMAP) == SYSCFG_MemoryRemap_Flash)       || \
..\SYSTEM\sys\sys.c: 4 warnings, 0 errors
compiling usart.c...
..\FWLIB\inc\stm32f4xx_adc.h(333): warning:  #47-D: incompatible redefinition of macro "ADC_Channel_TempSensor"  (declared at line 329)
  #define ADC_Channel_TempSensor                      ((uint8_t)ADC_Channel_18)
..\FWLIB\inc\stm32f4xx_flash.h(185): warning:  #47-D: incompatible redefinition of macro "IS_FLASH_ADDRESS"  (declared at line 175)
  #define IS_FLASH_ADDRESS(ADDRESS) ((((ADDRESS) >= 0x08000000) && ((ADDRESS) <= 0x0807FFFF)) ||\
..\FWLIB\inc\stm32f4xx_gpio.h(413): warning:  #47-D: incompatible redefinition of macro "IS_GPIO_AF"  (declared at line 375)
  #define IS_GPIO_AF(AF)   (((AF) < 16) && ((AF) != 11) && ((AF) != 13) && ((AF) != 14))
..\FWLIB\inc\stm32f4xx_syscfg.h(151): warning:  #47-D: incompatible redefinition of macro "IS_SYSCFG_MEMORY_REMAP_CONFING"  (declared at line 144)
  #define IS_SYSCFG_MEMORY_REMAP_CONFING(REMAP) (((REMAP) == SYSCFG_MemoryRemap_Flash)       || \
..\SYSTEM\usart\usart.c(139): warning:  #550-D: variable "i"  was set but never used
  	int i;
..\SYSTEM\usart\usart.c: 5 warnings, 0 errors
compiling stm32f4xx_rcc.c...
..\FWLIB\inc\stm32f4xx_adc.h(333): warning:  #47-D: incompatible redefinition of macro "ADC_Channel_TempSensor"  (declared at line 329)
  #define ADC_Channel_TempSensor                      ((uint8_t)ADC_Channel_18)
..\FWLIB\inc\stm32f4xx_flash.h(185): warning:  #47-D: incompatible redefinition of macro "IS_FLASH_ADDRESS"  (declared at line 175)
  #define IS_FLASH_ADDRESS(ADDRESS) ((((ADDRESS) >= 0x08000000) && ((ADDRESS) <= 0x0807FFFF)) ||\
..\FWLIB\inc\stm32f4xx_gpio.h(413): warning:  #47-D: incompatible redefinition of macro "IS_GPIO_AF"  (declared at line 375)
  #define IS_GPIO_AF(AF)   (((AF) < 16) && ((AF) != 11) && ((AF) != 13) && ((AF) != 14))
..\FWLIB\inc\stm32f4xx_syscfg.h(151): warning:  #47-D: incompatible redefinition of macro "IS_SYSCFG_MEMORY_REMAP_CONFING"  (declared at line 144)
  #define IS_SYSCFG_MEMORY_REMAP_CONFING(REMAP) (((REMAP) == SYSCFG_MemoryRemap_Flash)       || \
..\FWLIB\src\stm32f4xx_rcc.c: 4 warnings, 0 errors
compiling system_stm32f4xx.c...
..\FWLIB\inc\stm32f4xx_adc.h(333): warning:  #47-D: incompatible redefinition of macro "ADC_Channel_TempSensor"  (declared at line 329)
  #define ADC_Channel_TempSensor                      ((uint8_t)ADC_Channel_18)
..\FWLIB\inc\stm32f4xx_flash.h(185): warning:  #47-D: incompatible redefinition of macro "IS_FLASH_ADDRESS"  (declared at line 175)
  #define IS_FLASH_ADDRESS(ADDRESS) ((((ADDRESS) >= 0x08000000) && ((ADDRESS) <= 0x0807FFFF)) ||\
..\FWLIB\inc\stm32f4xx_gpio.h(413): warning:  #47-D: incompatible redefinition of macro "IS_GPIO_AF"  (declared at line 375)
  #define IS_GPIO_AF(AF)   (((AF) < 16) && ((AF) != 11) && ((AF) != 13) && ((AF) != 14))
..\FWLIB\inc\stm32f4xx_syscfg.h(151): warning:  #47-D: incompatible redefinition of macro "IS_SYSCFG_MEMORY_REMAP_CONFING"  (declared at line 144)
  #define IS_SYSCFG_MEMORY_REMAP_CONFING(REMAP) (((REMAP) == SYSCFG_MemoryRemap_Flash)       || \
system_stm32f4xx.c: 4 warnings, 0 errors
compiling delay.c...
..\FWLIB\inc\stm32f4xx_adc.h(333): warning:  #47-D: incompatible redefinition of macro "ADC_Channel_TempSensor"  (declared at line 329)
  #define ADC_Channel_TempSensor                      ((uint8_t)ADC_Channel_18)
..\FWLIB\inc\stm32f4xx_flash.h(185): warning:  #47-D: incompatible redefinition of macro "IS_FLASH_ADDRESS"  (declared at line 175)
  #define IS_FLASH_ADDRESS(ADDRESS) ((((ADDRESS) >= 0x08000000) && ((ADDRESS) <= 0x0807FFFF)) ||\
..\FWLIB\inc\stm32f4xx_gpio.h(413): warning:  #47-D: incompatible redefinition of macro "IS_GPIO_AF"  (declared at line 375)
  #define IS_GPIO_AF(AF)   (((AF) < 16) && ((AF) != 11) && ((AF) != 13) && ((AF) != 14))
..\FWLIB\inc\stm32f4xx_syscfg.h(151): warning:  #47-D: incompatible redefinition of macro "IS_SYSCFG_MEMORY_REMAP_CONFING"  (declared at line 144)
  #define IS_SYSCFG_MEMORY_REMAP_CONFING(REMAP) (((REMAP) == SYSCFG_MemoryRemap_Flash)       || \
..\SYSTEM\delay\delay.c: 4 warnings, 0 errors
compiling misc.c...
..\FWLIB\inc\stm32f4xx_adc.h(333): warning:  #47-D: incompatible redefinition of macro "ADC_Channel_TempSensor"  (declared at line 329)
  #define ADC_Channel_TempSensor                      ((uint8_t)ADC_Channel_18)
..\FWLIB\inc\stm32f4xx_flash.h(185): warning:  #47-D: incompatible redefinition of macro "IS_FLASH_ADDRESS"  (declared at line 175)
  #define IS_FLASH_ADDRESS(ADDRESS) ((((ADDRESS) >= 0x08000000) && ((ADDRESS) <= 0x0807FFFF)) ||\
..\FWLIB\inc\stm32f4xx_gpio.h(413): warning:  #47-D: incompatible redefinition of macro "IS_GPIO_AF"  (declared at line 375)
  #define IS_GPIO_AF(AF)   (((AF) < 16) && ((AF) != 11) && ((AF) != 13) && ((AF) != 14))
..\FWLIB\inc\stm32f4xx_syscfg.h(151): warning:  #47-D: incompatible redefinition of macro "IS_SYSCFG_MEMORY_REMAP_CONFING"  (declared at line 144)
  #define IS_SYSCFG_MEMORY_REMAP_CONFING(REMAP) (((REMAP) == SYSCFG_MemoryRemap_Flash)       || \
..\FWLIB\src\misc.c: 4 warnings, 0 errors
compiling spi.c...
..\FWLIB\inc\stm32f4xx_adc.h(333): warning:  #47-D: incompatible redefinition of macro "ADC_Channel_TempSensor"  (declared at line 329)
  #define ADC_Channel_TempSensor                      ((uint8_t)ADC_Channel_18)
..\FWLIB\inc\stm32f4xx_flash.h(185): warning:  #47-D: incompatible redefinition of macro "IS_FLASH_ADDRESS"  (declared at line 175)
  #define IS_FLASH_ADDRESS(ADDRESS) ((((ADDRESS) >= 0x08000000) && ((ADDRESS) <= 0x0807FFFF)) ||\
..\FWLIB\inc\stm32f4xx_gpio.h(413): warning:  #47-D: incompatible redefinition of macro "IS_GPIO_AF"  (declared at line 375)
  #define IS_GPIO_AF(AF)   (((AF) < 16) && ((AF) != 11) && ((AF) != 13) && ((AF) != 14))
..\FWLIB\inc\stm32f4xx_syscfg.h(151): warning:  #47-D: incompatible redefinition of macro "IS_SYSCFG_MEMORY_REMAP_CONFING"  (declared at line 144)
  #define IS_SYSCFG_MEMORY_REMAP_CONFING(REMAP) (((REMAP) == SYSCFG_MemoryRemap_Flash)       || \
..\HARDWARE\SPI\spi.c: 4 warnings, 0 errors
compiling main.c...
..\FWLIB\inc\stm32f4xx_adc.h(333): warning:  #47-D: incompatible redefinition of macro "ADC_Channel_TempSensor"  (declared at line 329)
  #define ADC_Channel_TempSensor                      ((uint8_t)ADC_Channel_18)
..\FWLIB\inc\stm32f4xx_flash.h(185): warning:  #47-D: incompatible redefinition of macro "IS_FLASH_ADDRESS"  (declared at line 175)
  #define IS_FLASH_ADDRESS(ADDRESS) ((((ADDRESS) >= 0x08000000) && ((ADDRESS) <= 0x0807FFFF)) ||\
..\FWLIB\inc\stm32f4xx_gpio.h(413): warning:  #47-D: incompatible redefinition of macro "IS_GPIO_AF"  (declared at line 375)
  #define IS_GPIO_AF(AF)   (((AF) < 16) && ((AF) != 11) && ((AF) != 13) && ((AF) != 14))
..\FWLIB\inc\stm32f4xx_syscfg.h(151): warning:  #47-D: incompatible redefinition of macro "IS_SYSCFG_MEMORY_REMAP_CONFING"  (declared at line 144)
  #define IS_SYSCFG_MEMORY_REMAP_CONFING(REMAP) (((REMAP) == SYSCFG_MemoryRemap_Flash)       || \
main.c(42): warning:  #177-D: variable "t"  was declared but never referenced
  	u8 t=0;	
main.c(43): warning:  #177-D: variable "buf"  was declared but never referenced
  	u8 *buf;
main.c: 6 warnings, 0 errors
compiling stm32f4xx_sdio.c...
..\FWLIB\inc\stm32f4xx_adc.h(333): warning:  #47-D: incompatible redefinition of macro "ADC_Channel_TempSensor"  (declared at line 329)
  #define ADC_Channel_TempSensor                      ((uint8_t)ADC_Channel_18)
..\FWLIB\inc\stm32f4xx_flash.h(185): warning:  #47-D: incompatible redefinition of macro "IS_FLASH_ADDRESS"  (declared at line 175)
  #define IS_FLASH_ADDRESS(ADDRESS) ((((ADDRESS) >= 0x08000000) && ((ADDRESS) <= 0x0807FFFF)) ||\
..\FWLIB\inc\stm32f4xx_gpio.h(413): warning:  #47-D: incompatible redefinition of macro "IS_GPIO_AF"  (declared at line 375)
  #define IS_GPIO_AF(AF)   (((AF) < 16) && ((AF) != 11) && ((AF) != 13) && ((AF) != 14))
..\FWLIB\inc\stm32f4xx_syscfg.h(151): warning:  #47-D: incompatible redefinition of macro "IS_SYSCFG_MEMORY_REMAP_CONFING"  (declared at line 144)
  #define IS_SYSCFG_MEMORY_REMAP_CONFING(REMAP) (((REMAP) == SYSCFG_MemoryRemap_Flash)       || \
..\FWLIB\src\stm32f4xx_sdio.c: 4 warnings, 0 errors
compiling sdio_sdcard.c...
..\FWLIB\inc\stm32f4xx_adc.h(333): warning:  #47-D: incompatible redefinition of macro "ADC_Channel_TempSensor"  (declared at line 329)
  #define ADC_Channel_TempSensor                      ((uint8_t)ADC_Channel_18)
..\FWLIB\inc\stm32f4xx_flash.h(185): warning:  #47-D: incompatible redefinition of macro "IS_FLASH_ADDRESS"  (declared at line 175)
  #define IS_FLASH_ADDRESS(ADDRESS) ((((ADDRESS) >= 0x08000000) && ((ADDRESS) <= 0x0807FFFF)) ||\
..\FWLIB\inc\stm32f4xx_gpio.h(413): warning:  #47-D: incompatible redefinition of macro "IS_GPIO_AF"  (declared at line 375)
  #define IS_GPIO_AF(AF)   (((AF) < 16) && ((AF) != 11) && ((AF) != 13) && ((AF) != 14))
..\FWLIB\inc\stm32f4xx_syscfg.h(151): warning:  #47-D: incompatible redefinition of macro "IS_SYSCFG_MEMORY_REMAP_CONFING"  (declared at line 144)
  #define IS_SYSCFG_MEMORY_REMAP_CONFING(REMAP) (((REMAP) == SYSCFG_MemoryRemap_Flash)       || \
..\HARDWARE\SDIO\sdio_sdcard.c: 4 warnings, 0 errors
compiling stm32f4xx_syscfg.c...
..\FWLIB\inc\stm32f4xx_adc.h(333): warning:  #47-D: incompatible redefinition of macro "ADC_Channel_TempSensor"  (declared at line 329)
  #define ADC_Channel_TempSensor                      ((uint8_t)ADC_Channel_18)
..\FWLIB\inc\stm32f4xx_flash.h(185): warning:  #47-D: incompatible redefinition of macro "IS_FLASH_ADDRESS"  (declared at line 175)
  #define IS_FLASH_ADDRESS(ADDRESS) ((((ADDRESS) >= 0x08000000) && ((ADDRESS) <= 0x0807FFFF)) ||\
..\FWLIB\inc\stm32f4xx_gpio.h(413): warning:  #47-D: incompatible redefinition of macro "IS_GPIO_AF"  (declared at line 375)
  #define IS_GPIO_AF(AF)   (((AF) < 16) && ((AF) != 11) && ((AF) != 13) && ((AF) != 14))
..\FWLIB\inc\stm32f4xx_syscfg.h(151): warning:  #47-D: incompatible redefinition of macro "IS_SYSCFG_MEMORY_REMAP_CONFING"  (declared at line 144)
  #define IS_SYSCFG_MEMORY_REMAP_CONFING(REMAP) (((REMAP) == SYSCFG_MemoryRemap_Flash)       || \
..\FWLIB\src\stm32f4xx_syscfg.c: 4 warnings, 0 errors
compiling stm32f4xx_usart.c...
..\FWLIB\inc\stm32f4xx_adc.h(333): warning:  #47-D: incompatible redefinition of macro "ADC_Channel_TempSensor"  (declared at line 329)
  #define ADC_Channel_TempSensor                      ((uint8_t)ADC_Channel_18)
..\FWLIB\inc\stm32f4xx_flash.h(185): warning:  #47-D: incompatible redefinition of macro "IS_FLASH_ADDRESS"  (declared at line 175)
  #define IS_FLASH_ADDRESS(ADDRESS) ((((ADDRESS) >= 0x08000000) && ((ADDRESS) <= 0x0807FFFF)) ||\
..\FWLIB\inc\stm32f4xx_gpio.h(413): warning:  #47-D: incompatible redefinition of macro "IS_GPIO_AF"  (declared at line 375)
  #define IS_GPIO_AF(AF)   (((AF) < 16) && ((AF) != 11) && ((AF) != 13) && ((AF) != 14))
..\FWLIB\inc\stm32f4xx_syscfg.h(151): warning:  #47-D: incompatible redefinition of macro "IS_SYSCFG_MEMORY_REMAP_CONFING"  (declared at line 144)
  #define IS_SYSCFG_MEMORY_REMAP_CONFING(REMAP) (((REMAP) == SYSCFG_MemoryRemap_Flash)       || \
..\FWLIB\src\stm32f4xx_usart.c: 4 warnings, 0 errors
compiling stm32f4xx_spi.c...
..\FWLIB\inc\stm32f4xx_adc.h(333): warning:  #47-D: incompatible redefinition of macro "ADC_Channel_TempSensor"  (declared at line 329)
  #define ADC_Channel_TempSensor                      ((uint8_t)ADC_Channel_18)
..\FWLIB\inc\stm32f4xx_flash.h(185): warning:  #47-D: incompatible redefinition of macro "IS_FLASH_ADDRESS"  (declared at line 175)
  #define IS_FLASH_ADDRESS(ADDRESS) ((((ADDRESS) >= 0x08000000) && ((ADDRESS) <= 0x0807FFFF)) ||\
..\FWLIB\inc\stm32f4xx_gpio.h(413): warning:  #47-D: incompatible redefinition of macro "IS_GPIO_AF"  (declared at line 375)
  #define IS_GPIO_AF(AF)   (((AF) < 16) && ((AF) != 11) && ((AF) != 13) && ((AF) != 14))
..\FWLIB\inc\stm32f4xx_syscfg.h(151): warning:  #47-D: incompatible redefinition of macro "IS_SYSCFG_MEMORY_REMAP_CONFING"  (declared at line 144)
  #define IS_SYSCFG_MEMORY_REMAP_CONFING(REMAP) (((REMAP) == SYSCFG_MemoryRemap_Flash)       || \
..\FWLIB\src\stm32f4xx_spi.c: 4 warnings, 0 errors
compiling stm32f4xx_dma.c...
..\FWLIB\inc\stm32f4xx_adc.h(333): warning:  #47-D: incompatible redefinition of macro "ADC_Channel_TempSensor"  (declared at line 329)
  #define ADC_Channel_TempSensor                      ((uint8_t)ADC_Channel_18)
..\FWLIB\inc\stm32f4xx_flash.h(185): warning:  #47-D: incompatible redefinition of macro "IS_FLASH_ADDRESS"  (declared at line 175)
  #define IS_FLASH_ADDRESS(ADDRESS) ((((ADDRESS) >= 0x08000000) && ((ADDRESS) <= 0x0807FFFF)) ||\
..\FWLIB\inc\stm32f4xx_gpio.h(413): warning:  #47-D: incompatible redefinition of macro "IS_GPIO_AF"  (declared at line 375)
  #define IS_GPIO_AF(AF)   (((AF) < 16) && ((AF) != 11) && ((AF) != 13) && ((AF) != 14))
..\FWLIB\inc\stm32f4xx_syscfg.h(151): warning:  #47-D: incompatible redefinition of macro "IS_SYSCFG_MEMORY_REMAP_CONFING"  (declared at line 144)
  #define IS_SYSCFG_MEMORY_REMAP_CONFING(REMAP) (((REMAP) == SYSCFG_MemoryRemap_Flash)       || \
..\FWLIB\src\stm32f4xx_dma.c: 4 warnings, 0 errors
compiling malloc.c...
..\FWLIB\inc\stm32f4xx_adc.h(333): warning:  #47-D: incompatible redefinition of macro "ADC_Channel_TempSensor"  (declared at line 329)
  #define ADC_Channel_TempSensor                      ((uint8_t)ADC_Channel_18)
..\FWLIB\inc\stm32f4xx_flash.h(185): warning:  #47-D: incompatible redefinition of macro "IS_FLASH_ADDRESS"  (declared at line 175)
  #define IS_FLASH_ADDRESS(ADDRESS) ((((ADDRESS) >= 0x08000000) && ((ADDRESS) <= 0x0807FFFF)) ||\
..\FWLIB\inc\stm32f4xx_gpio.h(413): warning:  #47-D: incompatible redefinition of macro "IS_GPIO_AF"  (declared at line 375)
  #define IS_GPIO_AF(AF)   (((AF) < 16) && ((AF) != 11) && ((AF) != 13) && ((AF) != 14))
..\FWLIB\inc\stm32f4xx_syscfg.h(151): warning:  #47-D: incompatible redefinition of macro "IS_SYSCFG_MEMORY_REMAP_CONFING"  (declared at line 144)
  #define IS_SYSCFG_MEMORY_REMAP_CONFING(REMAP) (((REMAP) == SYSCFG_MemoryRemap_Flash)       || \
..\MALLOC\malloc.c: 4 warnings, 0 errors
linking...
Program Size: Code=18788 RO-data=460 RW-data=184 ZI-data=1231656  
FromELF: creating hex file...
"..\OBJ\SD.axf" - 0 Error(s), 75 Warning(s).

<h2>Software Packages used:</h2>

Package Vendor: Keil
                https://www.keil.com/pack/Keil.STM32F4xx_DFP.2.17.0.pack
                Keil.STM32F4xx_DFP.2.17.0
                STMicroelectronics STM32F4 Series Device Support, Drivers and Examples

<h2>Collection of Component include folders:</h2>
  D:/App_install/keil/packs/Keil/STM32F4xx_DFP/2.17.0/Drivers/CMSIS/Device/ST/STM32F4xx/Include

<h2>Collection of Component Files used:</h2>
Build Time Elapsed:  00:00:01
</pre>
</body>
</html>
