<html>
<body>
<pre>
<h1>µVision Build Log</h1>
<h2>Tool Versions:</h2>
IDE-Version: ¦ÌVision V5.30.0.0
Copyright (C) 2020 ARM Ltd and ARM Germany GmbH. All rights reserved.
License Information: liu 8615830513420, siat, LIC=MGXG8-3WATH-4ACDE-5KAU0-2TW5C-ZD3JA
 
Tool Versions:
Toolchain:       MDK-ARM Professional  Version: 5.30.0.0
Toolchain Path:  C:\Software\ARM\ARMCC\Bin
C Compiler:      Armcc.exe V5.06 update 6 (build 750)
Assembler:       Armasm.exe V5.06 update 6 (build 750)
Linker/Locator:  ArmLink.exe V5.06 update 6 (build 750)
Library Manager: ArmAr.exe V5.06 update 6 (build 750)
Hex Converter:   FromElf.exe V5.06 update 6 (build 750)
CPU DLL:         SARMCM3.DLL V5.30.0.0
Dialog DLL:      DCM.DLL V1.17.3.0
Target DLL:      UL2CM3.DLL V1.163.3.0
Dialog DLL:      TCM.DLL V1.42.0.0
 
<h2>Project:</h2>
C:\Software\siat\STM32F4_HAL-M8266WIFI_Keil5_RefProject_20190418\STM32F4_HAL-M8266WIFI_Keil5_RefProject_20190418\STM32F4_HAL-M8266WIFI\STM32F4_HAL-M8266WIFI.uvprojx
Project File Date:  03/25/2023

<h2>Output:</h2>
*** Using Compiler 'V5.06 update 6 (build 750)', folder: 'C:\Software\ARM\ARMCC\Bin'
Build target 'STM32F4_HAL-M8266WIFI'
compiling main.c...
USER\main.c(167): warning:  #111-D: statement is unreachable
  	  if(WIFIRecv == 115)
USER\main.c(183): warning:  #223-D: function "SD_WriteDisk" declared implicitly
  				    SD_WriteDisk((u8*)tmpbuf1,block_num,16);
USER\main.c(47): warning:  #550-D: variable "success"  was set but never used
  	u8 success=0;
USER\main.c(261): warning:  #1-D: last line of file ends without a newline
  */
USER\main.c: 4 warnings, 0 errors
linking...
Program Size: Code=13602 RO-data=570 RW-data=124 ZI-data=8988  
FromELF: creating hex file...
".\OUTPUT\STM32F4_HAL-M8266WIFI.axf" - 0 Error(s), 4 Warning(s).

<h2>Software Packages used:</h2>

Package Vendor: Keil
                http://www.keil.com/pack/Keil.STM32F4xx_DFP.2.7.0.pack
                Keil.STM32F4xx_DFP.2.7.0
                STMicroelectronics STM32F4 Series Device Support, Drivers and Examples

<h2>Collection of Component include folders:</h2>
  .\RTE\_STM32F4_HAL-M8266WIFI
  C:\Users\86158\AppData\Local\Arm\Packs\Keil\STM32F4xx_DFP\2.7.0\Drivers\CMSIS\Device\ST\STM32F4xx\Include

<h2>Collection of Component Files used:</h2>
Build Time Elapsed:  00:00:03
</pre>
</body>
</html>
