<html>
<body>
<pre>
<h1>礦ision Build Log</h1>
<h2>Tool Versions:</h2>
IDE-Version: μVision V5.37.0.0
Copyright (C) 2022 ARM Ltd and ARM Germany GmbH. All rights reserved.
License Information: f lixia, 3, LIC=V85FJ-UQC19-24KSS-L91PZ-GE9BD-7YHKG
 
Tool Versions:
Toolchain:       MDK-ARM Professional  Version: 5.37.0.0
Toolchain Path:  D:\App_install\keil\ARM\arm-v5\Bin
C Compiler:      Armcc.exe V5.06 update 7 (build 960)
Assembler:       Armasm.exe V5.06 update 7 (build 960)
Linker/Locator:  ArmLink.exe V5.06 update 7 (build 960)
Library Manager: ArmAr.exe V5.06 update 7 (build 960)
Hex Converter:   FromElf.exe V5.06 update 7 (build 960)
CPU DLL:         SARMCM3.DLL V5.37.0.0
Dialog DLL:      DCM.DLL V1.17.5.0
Target DLL:      STLink\ST-LINKIII-KEIL_SWO.dll V3.0.9.0
Dialog DLL:      TCM.DLL V1.56.1.0
 
<h2>Project:</h2>
D:\Proj-labview\蓝牙无线采集\wireless-console\STM32F4_HAL-M8266WIFI\STM32F4_HAL-M8266WIFI.uvprojx
Project File Date:  07/13/2023

<h2>Output:</h2>
*** Using Compiler 'V5.06 update 7 (build 960)', folder: 'D:\App_install\keil\ARM\arm-v5\Bin'
Rebuild target 'STM32F4_HAL-M8266WIFI'
assembling startup_stm32f407xx.s...
compiling led.c...
compiling stm32f4xx_hal_gpio.c...
compiling stm32f4xx_hal_pwr_ex.c...
compiling sys.c...
compiling delay.c...
compiling stm32f4xx_hal_dma.c...
compiling stm32f4xx_hal_pwr.c...
compiling stm32f4xx_hal.c...
compiling stm32f4xx_hal_cortex.c...
compiling stm32f4xx_hal_tim_ex.c...
compiling stm32f4xx_hal_spi.c...
compiling stm32f4xx_hal_rcc.c...
compiling stm32f4xx_hal_tim.c...
compiling key.c...
compiling test_m8266wifi.c...
M8266WIFI\test_m8266wifi.c(204): warning:  #177-D: variable "send_data"  was declared but never referenced
  	 uint8_t send_data[5]= {0x10,0x11,0x12,0x13,0xFF};
M8266WIFI\test_m8266wifi.c(205): warning:  #177-D: variable "test"  was declared but never referenced
  	 uint16_t test[1]={0x5555};
M8266WIFI\test_m8266wifi.c(206): warning:  #177-D: variable "FFzhiling"  was declared but never referenced
  	 uint16_t FFzhiling[1]={0xFFFF};
M8266WIFI\test_m8266wifi.c: 3 warnings, 0 errors
compiling system_stm32f4xx.c...
compiling M8266WIFI_ops.c...
compiling stm32f4xx_it.c...
compiling main.c...
USER\main.c(38): warning:  #1-D: last line of file ends without a newline
  }
USER\main.c: 1 warning, 0 errors
compiling M8266HostIf_STM32xx.c...
M8266WIFI\M8266HostIf_STM32xx.c(156): warning:  #177-D: variable "r_temp"  was declared but never referenced
  	uint8_t r_temp[2];
M8266WIFI\M8266HostIf_STM32xx.c: 1 warning, 0 errors
linking...
Program Size: Code=16956 RO-data=584 RW-data=124 ZI-data=39492  
".\OUTPUT\WIFITRANS.axf" - 0 Error(s), 5 Warning(s).

<h2>Software Packages used:</h2>

Package Vendor: Keil
                https://www.keil.com/pack/Keil.STM32F4xx_DFP.2.17.0.pack
                Keil.STM32F4xx_DFP.2.17.0
                STMicroelectronics STM32F4 Series Device Support, Drivers and Examples

<h2>Collection of Component include folders:</h2>
  D:/App_install/keil/packs/Keil/STM32F4xx_DFP/2.17.0/Drivers/CMSIS/Device/ST/STM32F4xx/Include

<h2>Collection of Component Files used:</h2>
Build Time Elapsed:  00:00:06
</pre>
</body>
</html>
